12-19 13:07:56.108  1525  2213 E Watchdog: !@Sync 11972 [2025-12-19 13:07:56.108] FD count : 1049
12-19 13:07:56.151  1525  1525 D CustomFrequencyManagerService: releaseDVFSLockLocked : Getting Lock type frm List : DVFS_MIN_LIMIT  frequency : 2361600  uid : 1000  pid : 1525  tag : AMS_APP_HOME@CPU_MIN@21
12-19 13:07:56.154  1525  2845 W ActivityManager: No permission grants found for com.google.android.apps.photos
12-19 13:07:56.091  5559  5583 I chatty  : uid=1000(system) IntentService[A identical 2 lines
12-19 13:07:56.139  5559  5583 E FasUtils: pkg=null userId=0 has no information
12-19 13:07:56.183  5559  5583 W PkgUtils: p: com.google.android.youtube, u:0
12-19 13:07:56.205  5559  5583 W ng.android.loo: resources.arsc in APK '/system/priv-app/HancomOfficeEditor_Hidden_Install/HancomOfficeEditor_Hidden_Install.apk' is compressed.
12-19 13:07:56.154  1525  2845 W ActivityManager: No permission grants found for com.google.android.apps.photos
12-19 13:07:56.206  1525  3457 W ActivityManager: No permission grants found for com.google.android.apps.photos
12-19 13:07:56.308  5559  5583 W ng.android.loo: Unknown chunk type '200'.
12-19 13:07:56.331  1525  3457 I chatty  : uid=1000(system) Binder:1525_D identical 6 lines
12-19 13:07:56.331  1525  3457 W ActivityManager: No permission grants found for com.google.android.apps.photos
12-19 13:07:56.364  1525  6236 D GameManagerService: identifyGamePackage. com.sec.android.app.launcher, mCurrentUserId: 0, callerUserId: 0
12-19 13:07:56.364  1525  6236 D GamePkgDataHelper: getGamePkgData(). com.sec.android.app.launcher
12-19 13:07:56.372  1525  2845 W ActivityManager: No permission grants found for com.google.android.apps.photos
12-19 13:07:56.433  1525  2845 I chatty  : uid=1000(system) Binder:1525_A identical 2 lines
12-19 13:07:56.433  1525  2845 W ActivityManager: No permission grants found for com.google.android.apps.photos
12-19 13:07:56.480  1525  3735 W ActivityManager: No permission grants found for com.google.android.apps.photos
12-19 13:07:56.514  1525  3735 I chatty  : uid=1000(system) Binder:1525_1A identical 2 lines
12-19 13:07:56.515  1525  3735 W ActivityManager: No permission grants found for com.google.android.apps.photos
12-19 13:07:56.548  1525  3724 W ActivityManager: No permission grants found for com.google.android.apps.photos
12-19 13:07:56.548  1525  3724 W ActivityManager: No permission grants found for com.google.android.apps.photos
12-19 13:07:56.587  1525  1581 D StorageManagerService: getExternalStorageMountMode : 3
12-19 13:07:56.587  1525  1581 D StorageManagerService: getExternalStorageMountMode : 3
12-19 13:07:56.587  1525  1581 D StorageManagerService: getExternalStorageMountMode : final mountMode=3, uid : 5004, packageName : com.samsung.ipservice
12-19 13:07:56.311  5559  5583 I chatty  : uid=1000(system) IntentService[A identical 13 lines
12-19 13:07:56.320  5559  5583 W ng.android.loo: Unknown chunk type '200'.
12-19 13:07:56.588  1525  1581 I ApplicationPolicy: isApplicationExternalStorageWhitelisted:com.samsung.ipservice user:0
12-19 13:07:56.588  1525  1581 D ApplicationPolicy: isApplicationExternalStorageWhitelisted: DO is not enabled on user 0. Allowed.
12-19 13:07:56.588  1525  1581 D ActivityManager: package  com.samsung.ipservice, user - 0 is SDcard whitelisted
12-19 13:07:56.588  1525  1581 I ApplicationPolicy: isApplicationExternalStorageBlacklisted:com.samsung.ipservice user:0
12-19 13:07:56.588  1525  1581 D ApplicationPolicy: isApplicationExternalStorageBlacklisted: DO is not enabled on user 0. Allowed.
12-19 13:07:56.588  1525  1581 I ApplicationPolicy: isApplicationExternalStorageBlacklisted:com.samsung.ipservice user:0
12-19 13:07:56.588  1525  1581 D ApplicationPolicy: isApplicationExternalStorageBlacklisted: DO is not enabled on user 0. Allowed.
12-19 13:07:56.590  1525  3724 W ActivityManager: No permission grants found for com.google.android.apps.photos
12-19 13:07:56.608  5606  5606 E Zygote  : isWhitelistProcess - Process is Whitelisted
12-19 13:07:56.610  5606  5606 E Zygote  : accessInfo : 1
12-19 13:07:56.591  1525  3724 W ActivityManager: No permission grants found for com.google.android.apps.photos
12-19 13:07:56.616  1525  1583 I ActivityManager: Start proc 5606:com.samsung.ipservice/5004 for service com.samsung.ipservice/.IPService
12-19 13:07:56.631  5606  5606 E msung.ipservic: Not starting debugger since process cannot load the jdwp agent.
12-19 13:07:56.640  1525  3724 W ActivityManager: No permission grants found for com.google.android.apps.photos
12-19 13:07:56.641  1525  3724 W ActivityManager: No permission grants found for com.google.android.apps.photos
12-19 13:07:56.643  1525  3724 I ActivityManager: DSS on for com.samsung.ipservice and scale is 1.0
12-19 13:07:56.664  5606  5606 I msung.ipservic: The ClassLoaderContext is a special shared library.
12-19 13:07:56.682  1525  3457 W ActivityManager: No permission grants found for com.google.android.apps.photos
12-19 13:07:56.668  5606  5606 I msung.ipservic: The ClassLoaderContext is a special shared library.
12-19 13:07:56.692  5606  5606 I IPService: [IPService] onbind () called
12-19 13:07:56.703  5606  5606 I IPModuleQE: [IPService] IPModuleQE Const
12-19 13:07:56.703  5606  5606 I FeatureClassSet: [IPService] VisionEngineFloatingFeature is :  None
12-19 13:07:56.704  5606  5606 I IPModuleVA: [IPService] IPModuleVA Const
12-19 13:07:56.710 25119 25119 I ServiceManager: [#CMH#] Bound to Package  com.samsung.ipservice
12-19 13:07:56.682  1525  3457 W ActivityManager: No permission grants found for com.google.android.apps.photos
12-19 13:07:56.711  1525  3457 I ActivityManager: Killing 5017:com.samsung.mlp/5004 (adj 906): empty #25
12-19 13:07:56.712  1525  1584 W libprocessgroup: kill(-5017, 9) failed: No such process
12-19 13:07:56.713  5606  5606 I IPService: [IPService] onSetResponseHandler () called
12-19 13:07:56.717  1525  1584 W libprocessgroup: kill(-5017, 9) failed: No such process
12-19 13:07:56.722   668   860 I qti_sensors_hal: processReportInd: Light - b2 178
12-19 13:07:56.723  1525  1584 W libprocessgroup: kill(-5017, 9) failed: No such process
12-19 13:07:56.731  1525  3724 W ActivityManager: No permission grants found for com.google.android.apps.photos
12-19 13:07:56.756  1525  1584 I chatty  : uid=1000(system) ActivityManager identical 6 lines
12-19 13:07:56.761  1525  1584 W libprocessgroup: kill(-5017, 9) failed: No such process
12-19 13:07:56.764 25119 25119 I ServiceManager: [#CMH#] Disconnected to Service  com.samsung.mlp.platform.LPService
12-19 13:07:56.731  1525  3724 W ActivityManager: No permission grants found for com.google.android.apps.photos
12-19 13:07:56.765  1525  3724 W ActivityManager: Scheduling restart of crashed service com.samsung.mlp/.platform.LPService in 1000ms
12-19 13:07:56.766   982   982 I Zygote  : Process 5017 exited due to signal (9)
12-19 13:07:56.767  2337 25761 D ForegroundUtils: could not check pending caller
12-19 13:07:56.768  1525  1584 W libprocessgroup: kill(-5017, 9) failed: No such process
12-19 13:07:56.771  1525  1584 I libprocessgroup: Successfully killed process cgroup uid 5004 pid 5017 in 58ms
12-19 13:07:56.793  1525  3724 W ActivityManager: No permission grants found for com.google.android.apps.photos
12-19 13:07:56.813  5559  5583 V FasUtils: There is com.driversapp [10278] in FAS table
12-19 13:07:56.793  1525  3724 W ActivityManager: No permission grants found for com.google.android.apps.photos
12-19 13:07:56.843  1525  2332 W ActivityManager: No permission grants found for com.google.android.apps.photos
12-19 13:07:56.844  5559  5583 D BatteryIssueDaoImpl: deleteAnomalyPastSpecificDay
12-19 13:07:56.845  5559  5583 I BatteryIssueDaoImpl: set badge_for_dm_battery : 0
12-19 13:07:56.853  1525  2019 D WifiTrafficPoller: TrafficStats TxPkts=568058 RxPkts=1123885 TxBytes=173444530 RxBytes=884348003 , Foreground uid=10102 pkgName=com.sec.android.app.launcher TxPackets=0 RxPackets=0 TxBytes=0 RxBytes=0
12-19 13:07:56.853  1525  2019 D WifiPermissionsUtil: canAccessScanResults: pkgName = android, uid = 1000
12-19 13:07:56.856  5559  5559 I SM_UTILS: smBadge - batteryCnt : 0, malwareApp : 0, aasaCnt 0
12-19 13:07:56.857  2135  2135 D SecStatusBarWifiView: updateState: WifiIconState(resId=2131232629, visible=true, activityId=2131232635)
12-19 13:07:56.857  5559  5559 I SM_UTILS: badge_for_dm_scoreboard badge_count=0 putInt result=true
12-19 13:07:56.858  5559  5559 I SM_UTILS: badge_for_dm_battery badge_count=0 putInt result=true
12-19 13:07:56.859  5559  5559 I SM_UTILS: badge_for_dm_security badge_count=0 putInt result=true
12-19 13:07:56.861  5559  5583 W AppErrorNotification: Skip. com.driversapp is not notiable item
12-19 13:07:56.844  1525  2332 W ActivityManager: No permission grants found for com.google.android.apps.photos
12-19 13:07:56.877  1525  3724 I ActivityManager: Killing 5038:com.samsung.storyservice/5004 (adj 906): empty #25
12-19 13:07:56.877  1525  1584 W libprocessgroup: kill(-5038, 9) failed: No such process
12-19 13:07:56.889  1525  2114 D GameManagerService: handleForegroundChange(). pkgName: com.sec.android.app.launcher, clsName: com.sec.android.app.launcher.activities.LauncherActivity,FgActivityName:com.sec.android.app.launcher/.activities.LauncherActivity,userID:0
12-19 13:07:56.889  1525  2114 D GameManagerService:   handleForegroundChange(). same package. game has never resumed yet. ignore
12-19 13:07:56.907  1525  3724 W ActivityManager: No permission grants found for com.google.android.apps.photos
12-19 13:07:56.915  1525  1584 I chatty  : uid=1000(system) ActivityManager identical 5 lines
12-19 13:07:56.920  1525  1584 W libprocessgroup: kill(-5038, 9) failed: No such process
12-19 13:07:56.925 25119 25119 I ServiceManager: [#CMH#] Disconnected to Service  com.samsung.storyservice.StoryService
12-19 13:07:56.907  1525  3724 W ActivityManager: No permission grants found for com.google.android.apps.photos
12-19 13:07:56.925  1525  3457 W ActivityManager: Scheduling restart of crashed service com.samsung.storyservice/.StoryService in 10839ms
12-19 13:07:56.925  1525  1584 W libprocessgroup: kill(-5038, 9) failed: No such process
12-19 13:07:56.926  1525  1584 I libprocessgroup: Successfully killed process cgroup uid 5004 pid 5038 in 48ms
12-19 13:07:56.926   982   982 I Zygote  : Process 5038 exited due to signal (9)
12-19 13:07:56.927  2337 25761 D ForegroundUtils: could not check pending caller
12-19 13:07:56.947  1525  3457 W ActivityManager: No permission grants found for com.google.android.apps.photos
12-19 13:07:57.103  1525  3457 I chatty  : uid=1000(system) Binder:1525_D identical 6 lines
12-19 13:07:57.104  1525  3457 W ActivityManager: No permission grants found for com.google.android.apps.photos
12-19 13:07:57.153  1525  3457 D SamsungAlarmManager: Cancel Alarm calling from uid:10038 pid :16382 / op:PendingIntent{c5195d1: PendingIntentRecord{775f220 com.google.android.gms startService}}
12-19 13:07:57.158  1525  3457 I SamsungAlarmManager: setLocked to kernel - T:2 / 20251219T130804, SetElapsed=958982186, nowELAPSED=958974752
12-19 13:07:57.158  1525  3457 I SamsungAlarmManager: setLocked to kernel - T:3 / 20251219T130800, SetElapsed=958977594, nowELAPSED=958974752
12-19 13:07:57.169  1525  3457 W ActivityManager: No permission grants found for com.google.android.apps.photos
12-19 13:07:57.255  2135  2371 D NetworkController.MobileSignalController(0/2): onSignalStrengthsChanged signalStrength=SignalStrength: 99 99 -120 -160 -120 -160 -1 24 -99 -12 -26 2147483647 0 2147483647 99 255 2147483647 0x5000 P gsm|lte use_rsrp_and_rssnr_for_lte_level  [-128, -118, -108, -98] [-115, -105, -95, -85] level=5
12-19 13:07:57.256  2135  2371 D NetworkController.MobileSignalController(0/2): getMobileIconGroup(): 0
12-19 13:07:57.258  2135  2135 D SecStatusBarMobileView: updateState: MobileIconState(subId=2, strengthId=2131232521, roaming=false, typeId=0, roamingId=0, activityId=0, visible=true, imsIconVisible=false, imsIconDescription=null)
12-19 13:07:57.238  1525  3457 I chatty  : uid=1000(system) Binder:1525_D identical 2 lines
12-19 13:07:57.239  1525  3457 W ActivityManager: No permission grants found for com.google.android.apps.photos
12-19 13:07:57.263  1525  1525 D Telecom:SamsungPrebindingServiceImpl: handleMessage 0
12-19 13:07:57.263  1525  1525 I Telecom:SamsungPrebindingServiceImpl: isSktTPhoneMode supportTPhone: false
12-19 13:07:57.263  1525  1525 I Telecom:SamsungPrebindingServiceImpl: needToKeepBinding: false match not found
12-19 13:07:57.315  1525  3457 W ActivityManager: No permission grants found for com.google.android.apps.photos
12-19 13:07:57.741  1525  3457 I chatty  : uid=1000(system) Binder:1525_D identical 14 lines
12-19 13:07:57.742  1525  3457 W ActivityManager: No permission grants found for com.google.android.apps.photos
12-19 13:07:57.767  1525  1581 D StorageManagerService: getExternalStorageMountMode : 3
12-19 13:07:57.768  1525  1581 D StorageManagerService: getExternalStorageMountMode : 3
12-19 13:07:57.768  1525  1581 D StorageManagerService: getExternalStorageMountMode : final mountMode=3, uid : 5004, packageName : com.samsung.mlp
12-19 13:07:57.768  1525  1581 I ApplicationPolicy: isApplicationExternalStorageWhitelisted:com.samsung.mlp user:0
12-19 13:07:57.768  1525  1581 D ApplicationPolicy: isApplicationExternalStorageWhitelisted: DO is not enabled on user 0. Allowed.
12-19 13:07:57.768  1525  1581 D ActivityManager: package  com.samsung.mlp, user - 0 is SDcard whitelisted
12-19 13:07:57.768  1525  1581 I ApplicationPolicy: isApplicationExternalStorageBlacklisted:com.samsung.mlp user:0
12-19 13:07:57.768  1525  1581 D ApplicationPolicy: isApplicationExternalStorageBlacklisted: DO is not enabled on user 0. Allowed.
12-19 13:07:57.768  1525  1581 I ApplicationPolicy: isApplicationExternalStorageBlacklisted:com.samsung.mlp user:0
12-19 13:07:57.768  1525  1581 D ApplicationPolicy: isApplicationExternalStorageBlacklisted: DO is not enabled on user 0. Allowed.
12-19 13:07:57.801  5624  5624 E Zygote  : isWhitelistProcess - Process is Whitelisted
12-19 13:07:57.803  5624  5624 E Zygote  : accessInfo : 1
12-19 13:07:57.808  1525  1583 I ActivityManager: Start proc 5624:com.samsung.mlp/5004 for service com.samsung.mlp/.platform.LPService
12-19 13:07:57.824  1525  3457 W ActivityManager: No permission grants found for com.google.android.apps.photos
12-19 13:07:57.845  5624  5624 E com.samsung.ml: Not starting debugger since process cannot load the jdwp agent.
12-19 13:07:57.859  1525  2019 D WifiPermissionsUtil: canAccessScanResults: pkgName = android, uid = 1000
12-19 13:07:57.825  1525  3457 W ActivityManager: No permission grants found for com.google.android.apps.photos
12-19 13:07:57.862  1525  3457 I ActivityManager: DSS on for com.samsung.mlp and scale is 1.0
12-19 13:07:57.887  5624  5624 I com.samsung.ml: The ClassLoaderContext is a special shared library.
12-19 13:07:57.888  1525  3724 W ActivityManager: No permission grants found for com.google.android.apps.photos
12-19 13:07:57.941  5624  5624 I LPService: [#MLP#] onBind
12-19 13:07:57.941  5624  5624 I LPServiceController: [#MLP#] Creating controller instance first time.
12-19 13:07:57.889  1525  3724 W ActivityManager: No permission grants found for com.google.android.apps.photos
12-19 13:07:57.947  1525  3457 W ActivityManager: No permission grants found for com.google.android.apps.photos
12-19 13:07:57.956  5624  5624 I DatabaseHelper: [#MLP#] Creating tables
12-19 13:07:58.019  5624  5624 I DatabaseHelper: [#MLP#] Creating tables
12-19 13:07:58.344  1525  2020 I WifiVendorHal: getWifiLinkLayerStats(l.2973) before calling iface.getLinkLayerStats
12-19 13:07:58.382  1525  2020 I WifiVendorHal: getWifiLinkLayerStats(l.2973) after calling iface.getLinkLayerStats
12-19 13:07:58.425  1525  2020 I WifiStateMachine: checkScoreBasedQuality -  mPreviousScore[0]:84 mPreviousScore[1]:80 mPreviousScore[2]:80 s2Score:82mPrevoiusScoreAverage:81
12-19 13:07:58.543  2135  2371 D NetworkController.MobileSignalController(0/2): onSignalStrengthsChanged signalStrength=SignalStrength: 99 99 -120 -160 -120 -160 -1 26 -99 -13 -26 2147483647 0 2147483647 99 255 2147483647 0x5000 P gsm|lte use_rsrp_and_rssnr_for_lte_level  [-128, -118, -108, -98] [-115, -105, -95, -85] level=5
12-19 13:07:58.543  2135  2371 D NetworkController.MobileSignalController(0/2): getMobileIconGroup(): 0
12-19 13:07:58.587  1525  3457 I chatty  : uid=1000(system) Binder:1525_D identical 28 lines
12-19 13:07:58.588  1525  3457 W ActivityManager: No permission grants found for com.google.android.apps.photos
12-19 13:07:58.626  1525  3724 W ActivityManager: No permission grants found for com.google.android.apps.photos
12-19 13:07:58.740  5624  5624 I PreferenceCounter: [#MLP#] Clearing all counters
12-19 13:07:58.740  5624  5624 I PreferenceCounter: [#MLP#] Loading preference counters from store
12-19 13:07:58.740  5624  5624 I PreferenceCounter: [#MLP#] loading counter for attribute type  Media
12-19 13:07:58.767  5624  5624 I PreferenceCounter: [#MLP#] loading counter for attribute type  Face
12-19 13:07:58.779  5624  5624 I PreferenceCounter: [#MLP#] loading counter for attribute type  Location
12-19 13:07:58.791  5624  5624 I PreferenceCounter: [#MLP#] loading counter for attribute type  Scene
12-19 13:07:58.803  5624  5624 I PreferenceCounter: [#MLP#] loading counter for attribute type  CliqueNodes
12-19 13:07:58.803  5624  5624 I CooccurrenceCounter: [#MLP#] started loading from graphdatabase
12-19 13:07:58.813  5624  5624 I CooccurrenceCounter: [#MLP#] completed loading from graphdatabase.
12-19 13:07:58.814  5624  5624 I ByteUniqueIdGenerator: [#MLP#] Loading data from attribute store
12-19 13:07:58.861  1525  2019 D WifiPermissionsUtil: canAccessScanResults: pkgName = android, uid = 1000
12-19 13:07:58.862  2135  2135 D SecStatusBarWifiView: updateState: WifiIconState(resId=2131232629, visible=true, activityId=2131232654)
12-19 13:07:59.665  5624  5624 I GraphDatabase: [#MLP#] max UniqueId generated for type  Media is 8416
12-19 13:07:59.690  5624  5624 I GraphDatabase: [#MLP#] max UniqueId generated for type  Face is 8153
12-19 13:07:59.692  5624  5624 I GraphDatabase: [#MLP#] max UniqueId generated for type  Location is 2
12-19 13:07:59.698  5624  5624 I GraphDatabase: [#MLP#] max UniqueId generated for type  Scene is 5289
12-19 13:07:59.698  5624  5624 I ByteUniqueIdGenerator: [#MLP#] Not a part of graph
12-19 13:07:59.698  5624  5624 I chatty  : uid=5004(oem_5004) com.samsung.mlp identical 1 line
12-19 13:07:59.698  5624  5624 I ByteUniqueIdGenerator: [#MLP#] Not a part of graph
12-19 13:07:59.699  5624  5624 I DatabaseHelper: [#MLP#] not a valid table
12-19 13:07:59.700  5624  5624 I DatabaseHelper: [#MLP#] not a valid table
12-19 13:07:59.723  5624  5624 I ByteUniqueIdGenerator: [#MLP#] Not a part of graph
12-19 13:07:59.728 25119 25119 I ServiceManager: [#CMH#] Bound to Package  com.samsung.mlp
12-19 13:07:59.692  1525  3724 I chatty  : uid=1000(system) Binder:1525_19 identical 52 lines
12-19 13:07:59.693  1525  3724 W ActivityManager: No permission grants found for com.google.android.apps.photos
12-19 13:07:59.729  1525  3724 I ActivityManager: Killing 5061:com.samsung.faceservice/5004 (adj 906): empty #25
12-19 13:07:59.730  1525  1584 W libprocessgroup: kill(-5061, 9) failed: No such process
12-19 13:07:59.730  5624  5624 I LPService: [#MLP#] Sending response message to CMH
12-19 13:07:59.731  5624  5624 I LPServiceController: [#MLP#] Sending response for  31 with status 0
12-19 13:07:59.735  1525  1584 W libprocessgroup: kill(-5061, 9) failed: No such process
12-19 13:07:59.739  1525  2333 W ActivityManager: No permission grants found for com.google.android.apps.photos
12-19 13:07:59.740  1525  2333 W ActivityManager: No permission grants found for com.google.android.apps.photos
12-19 13:07:59.794  1525  3724 W ActivityManager: Scheduling restart of crashed service com.samsung.faceservice/.FaceService in 17971ms
12-19 13:07:59.786  1525  1584 I chatty  : uid=1000(system) ActivityManager identical 9 lines
12-19 13:07:59.792  1525  1584 W libprocessgroup: kill(-5061, 9) failed: No such process
12-19 13:07:59.795   982   982 I Zygote  : Process 5061 exited due to signal (9)
12-19 13:07:59.795  2337 25761 D ForegroundUtils: could not check pending caller
12-19 13:07:59.797  1525  1584 W libprocessgroup: kill(-5061, 9) failed: No such process
12-19 13:07:59.797  1525  1584 I libprocessgroup: Successfully killed process cgroup uid 5004 pid 5061 in 67ms
12-19 13:07:59.794 25119 25119 I ServiceManager: [#CMH#] Disconnected to Service  com.samsung.faceservice.FaceService
12-19 13:07:59.818  2135  2371 D NetworkController.MobileSignalController(0/2): onSignalStrengthsChanged signalStrength=SignalStrength: 99 99 -120 -160 -120 -160 -1 23 -99 -13 -24 2147483647 0 2147483647 99 255 2147483647 0x5000 P gsm|lte use_rsrp_and_rssnr_for_lte_level  [-128, -118, -108, -98] [-115, -105, -95, -85] level=5
12-19 13:07:59.818  2135  2371 D NetworkController.MobileSignalController(0/2): getMobileIconGroup(): 0
12-19 13:07:59.826  1525  3724 W ActivityManager: No permission grants found for com.google.android.apps.photos
12-19 13:07:59.864  1525  2019 D WifiPermissionsUtil: canAccessScanResults: pkgName = android, uid = 1000
12-19 13:07:59.972  1525  3724 I chatty  : uid=1000(system) Binder:1525_19 identical 6 lines
12-19 13:07:59.973  1525  3724 W ActivityManager: No permission grants found for com.google.android.apps.photos
12-19 13:08:00.000  1525  1966 D SamsungAlarmManager: Expired : 8
12-19 13:08:00.000  1525  1966 V SamsungAlarmManager: Sending to uid : 1000 action=android.intent.action.TIME_TICK alarm=Alarm{b08a836 type 3 when 958977594 android}
12-19 13:08:00.001  1525  1966 V SamsungAlarmManager: Sending to uid : 10102 action=com.samsung.action.EVERY_MINUTE_CLOCK_UPDATE alarm=Alarm{dc590a4 type 1 when 1766129880000 com.sec.android.app.launcher}
12-19 13:08:00.002  1525  1966 I SamsungAlarmManager: setLocked to kernel - T:2 / 20251219T130804, SetElapsed=958982186, nowELAPSED=958977596
12-19 13:08:00.002  1525  1966 I SamsungAlarmManager: setLocked to kernel - T:3 / 20251219T130802, SetElapsed=958980000, nowELAPSED=958977596
12-19 13:08:00.003  3400  3400 I LiveIconManager: onReceive: com.samsung.action.EVERY_MINUTE_CLOCK_UPDATE
12-19 13:08:00.003  1525  1525 D SamsungAlarmManager: setExact Intent (T:3/F:1/AC:false) 20251219T130900 - CU:1000/CP:1525
12-19 13:08:00.003  1525  1525 I SamsungAlarmManager: setLocked to kernel - T:2 / 20251219T130804, SetElapsed=958982186, nowELAPSED=958977597
12-19 13:08:00.003  1525  1525 I SamsungAlarmManager: setLocked to kernel - T:3 / 20251219T130802, SetElapsed=958980000, nowELAPSED=958977597
12-19 13:08:00.004  2135  2135 D KeyguardUpdateMonitor: handleTimeUpdate
12-19 13:08:00.004  2135  2135 D KeyguardServiceBoxContainer: refreshTime() 1
12-19 13:08:00.011  2135  2135 D QSClockBellTower: He is ready to ring the bell. (((timeText:1:08, skipUpdateForDemo:false, dateText:Fri, December 19)))
12-19 13:08:00.012  2135  2135 D QSClock : status_bar_clock notifyTimeChanged(currentTime:1:08) mClockVisibleByPolicy:true, mClockVisibleByUser:true, visible?true, parent:android.widget.LinearLayout{b9cdc83 V.E...... ......ID 0,0-98,72 #7f0a02de app:id/left_clock_container}
12-19 13:08:00.012  2135  2135 D QSClockBellTower: Everyone heard the bell. run(currentTime:1766129880011,   getTime():Fri Dec 19 13:08:00 GMT+05:30 2025,   getTimeZone():libcore.util.ZoneInfo[id="Asia/Kolkata",mRawOffset=19800000,mEarliestRawOffset=19800000,mUseDst=false,mDstSavings=0,transitions=5])
12-19 13:08:00.013  1525  3724 D SamsungAlarmManager: setInexact Intent (T:1/F:0/AC:false) 20251219T130900 - CU:10102/CP:3400
12-19 13:08:00.013  1525  3724 I SamsungAlarmManager: setLocked to kernel - T:2 / 20251219T130804, SetElapsed=958982186, nowELAPSED=958977607
12-19 13:08:00.013  1525  3724 I SamsungAlarmManager: setLocked to kernel - T:3 / 20251219T130802, SetElapsed=958980000, nowELAPSED=958977607
12-19 13:08:00.014  3400  3400 D LiveIconView: updateLiveIcon : -1
12-19 13:08:00.014  3400  3400 D KnoxHelper: getActivityList callingUserId: 0, target user: 0
12-19 13:08:00.015  3400  3400 E LiveIconManager: createLiveIconBitmap : com.sec.android.app.clockpackage apps size 1
12-19 13:08:00.018  2135  2135 I StackScroller: ADJUST STACK.TRANSLATION
12-19 13:08:00.020  3400  3400 D ApplicationPackageManager: we has com.sec.android.app.clockpackage class. reuse it
12-19 13:08:00.020  3400  3400 D LiveIconLoader: getLiveIcon was called in ClockPackage
12-19 13:08:00.021  3400  3400 D LiveIconLoader: getLiveIcon res = com.sec.android.app.clockpackage
12-19 13:08:00.021  3400  3400 D LiveIconLoader: stdIconSize : 144 , targetIconSize : 174
12-19 13:08:00.021  3400  3400 D LiveIconLoader: mIconDpi : 640 , mTargetIconDpi : 480
12-19 13:08:00.024  1525  3724 W ActivityManager: No permission grants found for com.google.android.apps.photos
12-19 13:08:00.024  2135  2135 I StackScroller: ADJUST STACK.TRANSLATION
12-19 13:08:00.024  2135  2135 I StackScroller: ADJUST STACK.TRANSLATION
12-19 13:08:00.027  3400  3400 I AppIconSolution: load= live icon for com.sec.android.app.clockpackage, from overlay = false
12-19 13:08:00.028  3400  3400 D ApplicationPackageManager: we has com.sec.android.app.clockpackage class. reuse it
12-19 13:08:00.028  3400  3400 D LiveIconLoader: getLiveIcon was called in ClockPackage
12-19 13:08:00.028  3400  3400 D LiveIconLoader: getLiveIcon res = com.sec.android.app.clockpackage
12-19 13:08:00.029  3400  3400 D LiveIconLoader: stdIconSize : 144 , targetIconSize : 174
12-19 13:08:00.029  3400  3400 D LiveIconLoader: mIconDpi : 640 , mTargetIconDpi : 480
12-19 13:08:00.039  3400  3400 I AppIconSolution: load= live icon for com.sec.android.app.clockpackage, from overlay = false
12-19 13:08:00.039  3400  3400 D LauncherActivityInfo: packageName: com.sec.android.app.clockpackage, supportTheme: false, height: 144, width: 144, density: 640
12-19 13:08:00.040  3400  3400 D LiveIconView: updateLiveIcon : -1
12-19 13:08:00.050  2135  2135 I StackScroller: ADJUST STACK.TRANSLATION
12-19 13:08:00.024  1525  