12-19 13:07:52.016  5449  5529 I com.driversapp:   at java.lang.Class android.webkit.WebViewFactory.getWebViewProviderClass(java.lang.ClassLoader) (WebViewFactory.java:176)
12-19 13:07:52.016  5449  5529 I com.driversapp:   at java.lang.Class android.webkit.WebViewFactory.getProviderClass() (WebViewFactory.java:459)
12-19 13:07:52.016  5449  5529 I com.driversapp:   at android.webkit.WebViewFactoryProvider android.webkit.WebViewFactory.getProvider() (WebViewFactory.java:251)
12-19 13:07:52.016  5449  5529 I com.driversapp:   at android.webkit.CookieManager android.webkit.CookieManager.getInstance() (CookieManager.java:40)
12-19 13:07:52.016  5449  5529 I com.driversapp:   at android.webkit.CookieManager com.facebook.react.modules.network.ForwardingCookieHandler.getCookieManager() (ForwardingCookieHandler.kt:73)
12-19 13:07:52.016  5449  5529 I com.driversapp:   at java.util.Map com.facebook.react.modules.network.ForwardingCookieHandler.get(java.net.URI, java.util.Map) (ForwardingCookieHandler.kt:30)
12-19 13:07:52.016  5449  5529 I com.driversapp:   at java.lang.String com.facebook.react.modules.websocket.WebSocketModule.getCookie(java.lang.String) (WebSocketModule.kt:348)
12-19 13:07:52.016  5449  5529 I com.driversapp:   at void com.facebook.react.modules.websocket.WebSocketModule.connect(java.lang.String, com.facebook.react.bridge.ReadableArray, com.facebook.react.bridge.ReadableMap, double) (WebSocketModule.kt:94)
12-19 13:07:52.016  5449  5529 I com.driversapp:   at void com.facebook.jni.NativeRunnable.run() (NativeRunnable.java:-2)
12-19 13:07:52.016  5449  5529 I com.driversapp:   at void android.os.Handler.handleCallback(android.os.Message) (Handler.java:873)
12-19 13:07:52.016  5449  5529 I com.driversapp:   at void android.os.Handler.dispatchMessage(android.os.Message) (Handler.java:99)
12-19 13:07:52.016  5449  5529 I com.driversapp:   at void com.facebook.react.bridge.queue.MessageQueueThreadHandler.dispatchMessage(android.os.Message) (MessageQueueThreadHandler.kt:21)
12-19 13:07:52.016  5449  5529 I com.driversapp:   at void android.os.Looper.loop() (Looper.java:214)
12-19 13:07:52.016  5449  5529 I com.driversapp:   at void com.facebook.react.bridge.queue.MessageQueueThreadImpl$Companion.startNewBackgroundThread$lambda$0(com.facebook.react.common.futures.SimpleSettableFuture) (MessageQueueThreadImpl.kt:152)
12-19 13:07:52.016  5449  5529 I com.driversapp:   at void com.facebook.react.bridge.queue.MessageQueueThreadImpl$Companion.$r8$lambda$YYXYCFexeoKtAeDpeNYkxZZlpbA(com.facebook.react.common.futures.SimpleSettableFuture) (MessageQueueThreadImpl.kt:-1)
12-19 13:07:52.016  5449  5529 I com.driversapp:   at void com.facebook.react.bridge.queue.MessageQueueThreadImpl$Companion$$ExternalSyntheticLambda0.run() (D8$$SyntheticClass:0)
12-19 13:07:52.016  5449  5529 I com.driversapp:   at void java.lang.Thread.run() (Thread.java:764)
12-19 13:07:52.016  5449  5529 I com.driversapp:
12-19 13:07:52.016  5449  5529 I com.driversapp: Rejecting re-init on previously-failed class java.lang.Class<P64>: java.lang.NoClassDefFoundError: Failed resolution of: Landroid/webkit/PacProcessor;
12-19 13:07:52.016  5449  5529 I com.driversapp:   at java.lang.Class java.lang.Class.classForName(java.lang.String, boolean, java.lang.ClassLoader) (Class.java:-2)
12-19 13:07:52.016  5449  5529 I com.driversapp:   at java.lang.Class java.lang.Class.forName(java.lang.String, boolean, java.lang.ClassLoader) (Class.java:453)
12-19 13:07:52.016  5449  5529 I com.driversapp:   at java.lang.Class android.webkit.WebViewFactory.getWebViewProviderClass(java.lang.ClassLoader) (WebViewFactory.java:176)
12-19 13:07:52.016  5449  5529 I com.driversapp:   at java.lang.Class android.webkit.WebViewFactory.getProviderClass() (WebViewFactory.java:459)
12-19 13:07:52.016  5449  5529 I com.driversapp:   at android.webkit.WebViewFactoryProvider android.webkit.WebViewFactory.getProvider() (WebViewFactory.java:251)
12-19 13:07:52.016  5449  5529 I com.driversapp:   at android.webkit.CookieManager android.webkit.CookieManager.getInstance() (CookieManager.java:40)
12-19 13:07:52.016  5449  5529 I com.driversapp:   at android.webkit.CookieManager com.facebook.react.modules.network.ForwardingCookieHandler.getCookieManager() (ForwardingCookieHandler.kt:73)
12-19 13:07:52.016  5449  5529 I com.driversapp:   at java.util.Map com.facebook.react.modules.network.ForwardingCookieHandler.get(java.net.URI, java.util.Map) (ForwardingCookieHandler.kt:30)
12-19 13:07:52.016  5449  5529 I com.driversapp:   at java.lang.String com.facebook.react.modules.websocket.WebSocketModule.getCookie(java.lang.String) (WebSocketModule.kt:348)
12-19 13:07:52.016  5449  5529 I com.driversapp:   at void com.facebook.react.modules.websocket.WebSocketModule.connect(java.lang.String, com.facebook.react.bridge.ReadableArray, com.facebook.react.bridge.ReadableMap, double) (WebSocketModule.kt:94)
12-19 13:07:52.016  5449  5529 I com.driversapp:   at void com.facebook.jni.NativeRunnable.run() (NativeRunnable.java:-2)
12-19 13:07:52.016  5449  5529 I com.driversapp:   at void android.os.Handler.handleCallback(android.os.Message) (Handler.java:873)
12-19 13:07:52.016  5449  5529 I com.driversapp:   at void android.os.Handler.dispatchMessage(android.os.Message) (Handler.java:99)
12-19 13:07:52.017  5449  5529 I com.driversapp:   at void com.facebook.react.bridge.queue.MessageQueueThreadHandler.dispatchMessage(android.os.Message) (MessageQueueThreadHandler.kt:21)
12-19 13:07:52.017  5449  5529 I com.driversapp:   at void android.os.Looper.loop() (Looper.java:214)
12-19 13:07:52.017  5449  5529 I com.driversapp:   at void com.facebook.react.bridge.queue.MessageQueueThreadImpl$Companion.startNewBackgroundThread$lambda$0(com.facebook.react.common.futures.SimpleSettableFuture) (MessageQueueThreadImpl.kt:152)
12-19 13:07:52.017  5449  5529 I com.driversapp:   at void com.facebook.react.bridge.queue.MessageQueueThreadImpl$Companion.$r8$lambda$YYXYCFexeoKtAeDpeNYkxZZlpbA(com.facebook.react.common.futures.SimpleSettableFuture) (MessageQueueThreadImpl.kt:-1)
12-19 13:07:52.017  5449  5529 I com.driversapp:   at void com.facebook.react.bridge.queue.MessageQueueThreadImpl$Companion$$ExternalSyntheticLambda0.run() (D8$$SyntheticClass:0)
12-19 13:07:52.017  5449  5529 I com.driversapp:   at void java.lang.Thread.run() (Thread.java:764)
12-19 13:07:52.017  5449  5529 I com.driversapp: Caused by: java.lang.ClassNotFoundException: Didn't find class "android.webkit.PacProcessor" on path: DexPathList[[zip file "/data/app/com.android.chrome-Szj6E545foqfcrXg1K8fUg==/base.apk"],nativeLibraryDirectories=[/data/app/com.android.chrome-Szj6E545foqfcrXg1K8fUg==/lib/arm64, /data/app/com.android.chrome-Szj6E545foqfcrXg1K8fUg==/base.apk!/lib/arm64-v8a, /system/lib64, /system/vendor/lib64]]
12-19 13:07:52.017  5449  5529 I com.driversapp:   at java.lang.Class dalvik.system.BaseDexClassLoader.findClass(java.lang.String) (BaseDexClassLoader.java:134)
12-19 13:07:52.017  5449  5529 I com.driversapp:   at java.lang.Class java.lang.ClassLoader.loadClass(java.lang.String, boolean) (ClassLoader.java:379)
12-19 13:07:52.017  5449  5529 I com.driversapp:   at java.lang.Class java.lang.ClassLoader.loadClass(java.lang.String) (ClassLoader.java:312)
12-19 13:07:52.017  5449  5529 I com.driversapp:   at java.lang.Class java.lang.Class.classForName(java.lang.String, boolean, java.lang.ClassLoader) (Class.java:-2)
12-19 13:07:52.017  5449  5529 I com.driversapp:   at java.lang.Class java.lang.Class.forName(java.lang.String, boolean, java.lang.ClassLoader) (Class.java:453)
12-19 13:07:52.017  5449  5529 I com.driversapp:   at java.lang.Class android.webkit.WebViewFactory.getWebViewProviderClass(java.lang.ClassLoader) (WebViewFactory.java:176)
12-19 13:07:52.017  5449  5529 I com.driversapp:   at java.lang.Class android.webkit.WebViewFactory.getProviderClass() (WebViewFactory.java:459)
12-19 13:07:52.017  5449  5529 I com.driversapp:   at android.webkit.WebViewFactoryProvider android.webkit.WebViewFactory.getProvider() (WebViewFactory.java:251)
12-19 13:07:52.017  5449  5529 I com.driversapp:   at android.webkit.CookieManager android.webkit.CookieManager.getInstance() (CookieManager.java:40)
12-19 13:07:52.017  5449  5529 I com.driversapp:   at android.webkit.CookieManager com.facebook.react.modules.network.ForwardingCookieHandler.getCookieManager() (ForwardingCookieHandler.kt:73)
12-19 13:07:52.017  5449  5529 I com.driversapp:   at java.util.Map com.facebook.react.modules.network.ForwardingCookieHandler.get(java.net.URI, java.util.Map) (ForwardingCookieHandler.kt:30)
12-19 13:07:52.017  5449  5529 I com.driversapp:   at java.lang.String com.facebook.react.modules.websocket.WebSocketModule.getCookie(java.lang.String) (WebSocketModule.kt:348)
12-19 13:07:52.017  5449  5529 I com.driversapp:   at void com.facebook.react.modules.websocket.WebSocketModule.connect(java.lang.String, com.facebook.react.bridge.ReadableArray, com.facebook.react.bridge.ReadableMap, double) (WebSocketModule.kt:94)
12-19 13:07:52.017  5449  5529 I com.driversapp:   at void com.facebook.jni.NativeRunnable.run() (NativeRunnable.java:-2)
12-19 13:07:52.017  5449  5529 I com.driversapp:   at void android.os.Handler.handleCallback(android.os.Message) (Handler.java:873)
12-19 13:07:52.017  5449  5529 I com.driversapp:   at void android.os.Handler.dispatchMessage(android.os.Message) (Handler.java:99)
12-19 13:07:52.017  5449  5529 I com.driversapp:   at void com.facebook.react.bridge.queue.MessageQueueThreadHandler.dispatchMessage(android.os.Message) (MessageQueueThreadHandler.kt:21)
12-19 13:07:52.017  5449  5529 I com.driversapp:   at void android.os.Looper.loop() (Looper.java:214)
12-19 13:07:52.017  5449  5529 I com.driversapp:   at void com.facebook.react.bridge.queue.MessageQueueThreadImpl$Companion.startNewBackgroundThread$lambda$0(com.facebook.react.common.futures.SimpleSettableFuture) (MessageQueueThreadImpl.kt:152)
12-19 13:07:52.017  5449  5529 I com.driversapp:   at void com.facebook.react.bridge.queue.MessageQueueThreadImpl$Companion.$r8$lambda$YYXYCFexeoKtAeDpeNYkxZZlpbA(com.facebook.react.common.futures.SimpleSettableFuture) (MessageQueueThreadImpl.kt:-1)
12-19 13:07:52.017  5449  5529 I com.driversapp:   at void com.facebook.react.bridge.queue.MessageQueueThreadImpl$Companion$$ExternalSyntheticLambda0.run() (D8$$SyntheticClass:0)
12-19 13:07:52.017  5449  5529 I com.driversapp:   at void java.lang.Thread.run() (Thread.java:764)
12-19 13:07:52.017  5449  5529 I com.driversapp:
12-19 13:07:52.042  5449  5529 I cr_WVCFactoryProvider: version=138.0.7204.179 (720417921) minSdkVersion=26 isBundle=false multiprocess=true packageId=2
12-19 13:07:52.056  5449  5540 I chromium: [1219/130752.056314:INFO:android_webview/browser/variations/variations_seed_loader.cc:67] Failed to open file for reading.: No such file or directory (2)
12-19 13:07:52.003  1525  3724 I chatty  : uid=1000(system) Binder:1525_19 identical 14 lines
12-19 13:07:52.004  1525  3724 W ActivityManager: No permission grants found for com.google.android.apps.photos
12-19 13:07:52.061  1525  3457 W ActivityManager: No permission grants found for com.google.android.apps.photos
12-19 13:07:52.066  5449  5529 I cr_LibraryLoader: Successfully loaded native library
12-19 13:07:52.068  5449  5529 I cr_CachingUmaRecorder: Flushed 7 samples from 7 histograms, 0 samples were dropped.
12-19 13:07:52.133  2135  2371 D NetworkController.MobileSignalController(0/2): onSignalStrengthsChanged signalStrength=SignalStrength: 99 99 -120 -160 -120 -160 -1 23 -99 -11 8 2147483647 0 2147483647 99 255 2147483647 0x5000 P gsm|lte use_rsrp_and_rssnr_for_lte_level  [-128, -118, -108, -98] [-115, -105, -95, -85] level=5
12-19 13:07:52.134  2135  2371 D NetworkController.MobileSignalController(0/2): getMobileIconGroup(): 0
12-19 13:07:52.062  1525  3457 W ActivityManager: No permission grants found for com.google.android.apps.photos
12-19 13:07:52.136  1525  3724 W ActivityManager: No permission grants found for com.google.android.apps.photos
12-19 13:07:52.137  1525  3457 W ActivityManager: No permission grants found for com.google.android.apps.photos
12-19 13:07:52.183  5449  5528 W unknown:ViewManagerPropertyUpdater: Could not find generated setter for class com.th3rdwave.safeareacontext.SafeAreaProviderManager
12-19 13:07:52.196  5449  5528 W unknown:ViewManagerPropertyUpdater: Could not find generated setter for class com.facebook.react.uimanager.LayoutShadowNode
12-19 13:07:52.208  5449  5528 W unknown:ViewManagerPropertyUpdater: Could not find generated setter for class com.swmansion.rnscreens.SearchBarManager
12-19 13:07:52.211  1525  2020 I WifiVendorHal: getWifiLinkLayerStats(l.2973) before calling iface.getLinkLayerStats
12-19 13:07:52.211  5449  5528 W unknown:ViewManagerPropertyUpdater: Could not find generated setter for class com.swmansion.rnscreens.ScreenFooterManager
12-19 13:07:52.215  5449  5528 W unknown:ViewManagerPropertyUpdater: Could not find generated setter for class com.swmansion.rnscreens.gamma.tabs.TabScreenViewManager
12-19 13:07:52.218  1525  2020 I WifiVendorHal: getWifiLinkLayerStats(l.2973) after calling iface.getLinkLayerStats
12-19 13:07:52.218  5449  5528 W unknown:ViewManagerPropertyUpdater: Could not find generated setter for class com.swmansion.rnscreens.ScreenContainerViewManager
12-19 13:07:52.221  5449  5528 W unknown:ViewManagerPropertyUpdater: Could not find generated setter for class com.swmansion.rnscreens.gamma.tabs.TabsHostViewManager
12-19 13:07:52.225  5449  5528 W unknown:ViewManagerPropertyUpdater: Could not find generated setter for class com.swmansion.rnscreens.ModalScreenViewManager
12-19 13:07:52.232  1525  2020 I WifiStateMachine: checkScoreBasedQuality -  mPreviousScore[0]:83 mPreviousScore[1]:82 mPreviousScore[2]:84 s2Score:80mPrevoiusScoreAverage:83
12-19 13:07:52.232  5449  5528 W unknown:ViewManagerPropertyUpdater: Could not find generated setter for class com.swmansion.rnscreens.ScreenStackHeaderConfigViewManager
12-19 13:07:52.236  5449  5528 W unknown:ViewManagerPropertyUpdater: Could not find generated setter for class com.swmansion.rnscreens.ScreenContentWrapperManager
12-19 13:07:52.238  5449  5528 W unknown:ViewManagerPropertyUpdater: Could not find generated setter for class com.th3rdwave.safeareacontext.SafeAreaViewManager
12-19 13:07:52.245  5449  5528 W unknown:ViewManagerPropertyUpdater: Could not find generated setter for class com.th3rdwave.safeareacontext.SafeAreaViewShadowNode
12-19 13:07:52.247  5449  5528 W unknown:ViewManagerPropertyUpdater: Could not find generated setter for class com.swmansion.rnscreens.safearea.SafeAreaViewManager
12-19 13:07:52.249  5449  5528 W unknown:ViewManagerPropertyUpdater: Could not find generated setter for class com.swmansion.rnscreens.safearea.paper.SafeAreaViewShadowNode
12-19 13:07:52.251  5449  5528 W unknown:ViewManagerPropertyUpdater: Could not find generated setter for class com.swmansion.rnscreens.ScreenViewManager
12-19 13:07:52.252  5449  5528 W unknown:ViewManagerPropertyUpdater: Could not find generated setter for class com.swmansion.rnscreens.ScreenStackHeaderSubviewManager
12-19 13:07:52.254  5449  5528 W unknown:ViewManagerPropertyUpdater: Could not find generated setter for class com.swmansion.rnscreens.ScreenStackViewManager
12-19 13:07:52.344  5449  5528 W unknown:ViewManagerPropertyUpdater: Could not find generated setter for class com.facebook.react.views.debuggingoverlay.DebuggingOverlayManager
12-19 13:07:52.352  5449  5528 W unknown:ViewManagerPropertyUpdater: Could not find generated setter for class com.facebook.react.views.safeareaview.ReactSafeAreaViewManager
12-19 13:07:52.360  5449  5528 W unknown:ViewManagerPropertyUpdater: Could not find generated setter for class com.facebook.react.views.modal.ReactModalHostManager
12-19 13:07:52.369  5449  5528 W unknown:ViewManagerPropertyUpdater: Could not find generated setter for class com.facebook.react.views.text.frescosupport.FrescoBasedReactTextInlineImageViewManager
12-19 13:07:52.369  5449  5528 W unknown:ViewManagerPropertyUpdater: Could not find generated setter for class com.facebook.react.views.text.frescosupport.FrescoBasedReactTextInlineImageShadowNode
12-19 13:07:52.377  5449  5528 W unknown:ViewManagerPropertyUpdater: Could not find generated setter for class com.facebook.react.views.progressbar.ReactProgressBarViewManager
12-19 13:07:52.379  5449  5528 W unknown:ViewManagerPropertyUpdater: Could not find generated setter for class com.facebook.react.views.progressbar.ProgressBarShadowNode
12-19 13:07:52.388  5449  5528 W unknown:ViewManagerPropertyUpdater: Could not find generated setter for class com.facebook.react.views.scroll.ReactHorizontalScrollViewManager
12-19 13:07:52.404  5449  5528 W unknown:ViewManagerPropertyUpdater: Could not find generated setter for class com.facebook.react.views.image.ReactImageManager
12-19 13:07:52.418  5449  5528 W unknown:ViewManagerPropertyUpdater: Could not find generated setter for class com.facebook.react.views.text.ReactTextViewManager
12-19 13:07:52.421  5449  5528 W unknown:ViewManagerPropertyUpdater: Could not find generated setter for class com.facebook.react.views.text.ReactTextShadowNode
12-19 13:07:52.432  5449  5528 W unknown:ViewManagerPropertyUpdater: Could not find generated setter for class com.facebook.react.views.scroll.ReactHorizontalScrollContainerViewManager
12-19 13:07:52.439  5449  5528 W unknown:ViewManagerPropertyUpdater: Could not find generated setter for class com.facebook.react.views.unimplementedview.ReactUnimplementedViewManager
12-19 13:07:52.449  5449  5528 W unknown:ViewManagerPropertyUpdater: Could not find generated setter for class com.facebook.react.views.scroll.ReactScrollViewManager
12-19 13:07:52.460  5449  5528 W unknown:ViewManagerPropertyUpdater: Could not find generated setter for class com.facebook.react.views.view.ReactViewManager
12-19 13:07:52.469  5449  5528 W unknown:ViewManagerPropertyUpdater: Could not find generated setter for class com.facebook.react.views.drawer.ReactDrawerLayoutManager
12-19 13:07:52.479  5449  5528 W unknown:ViewManagerPropertyUpdater: Could not find generated setter for class com.facebook.react.views.switchview.ReactSwitchManager
12-19 13:07:52.481  5449  5528 W unknown:ViewManagerPropertyUpdater: Could not find generated setter for class com.facebook.react.views.switchview.ReactSwitchShadowNode
12-19 13:07:52.489  5449  5528 W unknown:ViewManagerPropertyUpdater: Could not find generated setter for class com.facebook.react.views.swiperefresh.SwipeRefreshLayoutManager
12-19 13:07:52.503  5449  5528 W unknown:ViewManagerPropertyUpdater: Could not find generated setter for class com.facebook.react.views.textinput.ReactTextInputManager
12-19 13:07:52.509  5449  5528 W unknown:ViewManagerPropertyUpdater: Could not find generated setter for class com.facebook.react.views.textinput.ReactTextInputShadowNode
12-19 13:07:52.583  5449  5528 I ReactNativeJS: Running "DriversApp" with {"rootTag":1,"initialProps":{},"fabric":true}
12-19 13:07:52.665  5449  5528 W ReactNativeJS: SafeAreaView has been deprecated and will be removed in a future release. Please use 'react-native-safe-area-context' instead. See https://github.com/AppAndFlow/react-native-safe-area-context
12-19 13:07:52.752  5449  5528 W com.driversapp: Accessing hidden field Landroid/view/WindowInsets;->CONSUMED:Landroid/view/WindowInsets; (light greylist, reflection)
12-19 13:07:52.754  5449  5528 W com.driversapp: Accessing hidden method Landroid/view/View;->getViewRootImpl()Landroid/view/ViewRootImpl; (light greylist, reflection)
12-19 13:07:52.754  5449  5528 W com.driversapp: Accessing hidden field Landroid/view/View$AttachInfo;->mVisibleInsets:Landroid/graphics/Rect; (light greylist, reflection)
12-19 13:07:52.754  5449  5528 W com.driversapp: Accessing hidden field Landroid/view/ViewRootImpl;->mAttachInfo:Landroid/view/View$AttachInfo; (light greylist, reflection)
12-19 13:07:52.825  1525  2019 D WifiTrafficPoller: TrafficStats TxPkts=568056 RxPkts=1123867 TxBytes=173444354 RxBytes=884344042 , Foreground uid=10278 pkgName=com.driversapp TxPackets=649 RxPackets=1118 TxBytes=85143 RxBytes=33369156
12-19 13:07:52.826  1525  2019 D WifiPermissionsUtil: canAccessScanResults: pkgName = android, uid = 1000
12-19 13:07:52.827  2135  2135 D SecStatusBarWifiView: updateState: WifiIconState(resId=2131232629, visible=true, activityId=2131232635)
12-19 13:07:52.983  1016  1166 D DnsProxyListener: DNSDBG::dns addrinfo af 0
12-19 13:07:53.080 18728  1872 W AOSP-MdnsDiscoveryManag: Error while decoding multicast packet (4028): 1 [CONTEXT service_id=168 ]
12-19 13:07:53.081 18728  1872 W AOSP-MdnsDiscoveryManag: Error while decoding multicast packet (4029): 1 [CONTEXT service_id=168 ]
12-19 13:07:53.149  5449  5449 W com.driversapp: Accessing hidden field Landroid/view/View;->mAccessibilityDelegate:Landroid/view/View$AccessibilityDelegate; (light greylist, reflection)
12-19 13:07:53.283 18728  1872 W AOSP-MdnsDiscoveryManag: Error while decoding multicast packet (4030): 1 [CONTEXT service_id=168 ]
12-19 13:07:53.284 18728  1872 W AOSP-MdnsDiscoveryManag: Error while decoding multicast packet (4031): 1 [CONTEXT service_id=168 ]
12-19 13:07:53.637  1525  3743 D WifiPermissionsUtil: canAccessScanResults: pkgName = com.sec.android.sdhms, uid = 1000
12-19 13:07:53.597  1525  3457 I chatty  : uid=1000(system) Binder:1525_D identical 47 lines
12-19 13:07:53.598  1525  3457 W ActivityManager: No permission grants found for com.google.android.apps.photos
12-19 13:07:53.652  1525  3743 W ActivityManager: No permission grants found for com.google.android.apps.photos
12-19 13:07:53.692 18728  1872 W AOSP-MdnsDiscoveryManag: Error while decoding multicast packet (4032): 1 [CONTEXT service_id=168 ]
12-19 13:07:53.692 18728  1872 W AOSP-MdnsDiscoveryManag: Error while decoding multicast packet (4033): 1 [CONTEXT service_id=168 ]
12-19 13:07:53.816  5449  5528 W com.driversapp: 0xebadde09 skipped times: 0
12-19 13:07:53.816  5449  5528 F libc    : Fatal signal 11 (SIGSEGV), code 1 (SEGV_MAPERR), fault addr 0x400040000 in tid 5528 (mqt_v_js), pid 5449 (com.driversapp)
12-19 13:07:53.828  1525  2019 D WifiPermissionsUtil: canAccessScanResults: pkgName = android, uid = 1000
12-19 13:07:53.829  2135  2135 D SecStatusBarWifiView: updateState: WifiIconState(resId=2131232629, visible=true, activityId=2131232634)
12-19 13:07:53.843  1525  3743 I chatty  : uid=1000(system) Binder:1525_1B identical 6 lines
12-19 13:07:53.844  1525  3743 W ActivityManager: No permission grants found for com.google.android.apps.photos
12-19 13:07:53.883  1525  3457 W ActivityManager: No permission grants found for com.google.android.apps.photos
12-19 13:07:53.933  5554  5554 I crash_dump64: obtaining output fd from tombstoned, type: kDebuggerdTombstone
12-19 13:07:53.934  1113  1113 I /system/bin/tombstoned: received crash request for pid 5528
12-19 13:07:53.935  5554  5554 I crash_dump64: performing dump of process 5449 (target tid = 5528)
12-19 13:07:53.957  5554  5554 F DEBUG   : *** *** *** *** *** *** *** *** *** *** *** *** *** *** *** ***
12-19 13:07:53.957  5554  5554 F DEBUG   : Build fingerprint: 'samsung/dreamqlteue/dreamqlteue:9/PPR1.180610.011/G950U1UEU8DVD4:user/release-keys'
12-19 13:07:53.957  5554  5554 F DEBUG   : Revision: '12'
12-19 13:07:53.957  5554  5554 F DEBUG   : ABI: 'arm64'
12-19 13:07:53.957  5554  5554 F DEBUG   : pid: 5449, tid: 5528, name: mqt_v_js  >>> com.driversapp <<<
12-19 13:07:53.957  5554  5554 F DEBUG   : signal 11 (SIGSEGV), code 1 (SEGV_MAPERR), fault addr 0x400040000
12-19 13:07:53.957  5554  5554 F DEBUG   :     x0  0000000400040000  x1  00000077f71fb16f  x2  00000077f71fb16f  x3  00000077f71fb8d0
12-19 13:07:53.957  5554  5554 F DEBUG   :     x4  00000077eccccea0  x5  00000077f71fb940  x6  0000000000040000  x7  0000000000000000
12-19 13:07:53.957  5554  5554 F DEBUG   :     x8  00000077ee5d6f40  x9  00000077ee5d6f40  x10 000000000000003c  x11 00000000ffffffff
12-19 13:07:53.957  5554  5554 F DEBUG   :     x12 0000000000040000  x13 0000000000000000  x14 7fc000007fc00000  x15 0000000000000000
12-19 13:07:53.957  5554  5554 F DEBUG   :     x16 00000077fbcab578  x17 00000077fbc73ae8  x18 0000000000000000  x19 00000077f71fbe48
12-19 13:07:53.957  5554  5554 F DEBUG   :     x20 0000007814210d40  x21 00000077f71fbb70  x22 00000077f71fbb68  x23 00000077fd38c620
12-19 13:07:53.957  5554  5554 F DEBUG   :     x24 00000077f71fbb18  x25 00000077f71fc158  x26 0000000000000005  x27 00000077f6cf05e0
12-19 13:07:53.958  5554  5554 F DEBUG   :     x28 00000077ee3be5d6  x29 00000077f71fb180
12-19 13:07:53.958  5554  5554 F DEBUG   :     sp  00000077f71fb120  lr  00000077fbc73774  pc  00000077fbc73778
12-19 13:07:53.939  1525  3457 I chatty  : uid=1000(system) Binder:1525_D identical 2 lines
12-19 13:07:53.940  1525  3457 W ActivityManager: No permission grants found for com.google.android.apps.photos
12-19 13:07:54.002  1525  3743 W ActivityManager: No permission grants found for com.google.android.apps.photos
12-19 13:07:54.057  5554  5554 F DEBUG   :
12-19 13:07:54.057  5554  5554 F DEBUG   : backtrace:
12-19 13:07:54.057  5554  5554 F DEBUG   :     #00 pc 0000000000051778  /data/app/com.driversapp-wtLUCY3Fp6h9UI9Vaz-q1g==/base.apk (offset 0x12c8000)
12-19 13:07:54.057  5554  5554 F DEBUG   :     #01 pc 0000000000051668  /data/app/com.driversapp-wtLUCY3Fp6h9UI9Vaz-q1g==/base.apk (offset 0x12c8000) (_ZN8facebook4yoga16SmallValueBufferILm4EE8OverflowC2ERKS3_+32)
12-19 13:07:54.057  5554  5554 F DEBUG   :     #02 pc 000000000005152c  /data/app/com.driversapp-wtLUCY3Fp6h9UI9Vaz-q1g==/base.apk (offset 0x12c8000)
12-19 13:07:54.057  5554  5554 F DEBUG   :     #03 pc 00000000000513c4  /data/app/com.driversapp-wtLUCY3Fp6h9UI9Vaz-q1g==/base.apk (offset 0x12c8000) (_ZN8facebook4yoga16SmallValueBufferILm4EEaSERKS2_+116)
12-19 13:07:54.057  5554  5554 F DEBUG   :     #04 pc 0000000000051298  /data/app/com.driversapp-wtLUCY3Fp6h9UI9Vaz-q1g==/base.apk (offset 0x12c8000) (_ZN8facebook4yoga16SmallValueBufferILm4EEC2ERKS2_+68)
12-19 13:07:54.057  5554  5554 F DEBUG   :     #05 pc 0000000000051244  /data/app/com.driversapp-wtLUCY3Fp6h9UI9Vaz-q1g==/base.apk (offset 0x12c8000) (facebook::yoga::StyleValuePool::StyleValuePool(facebook::yoga::StyleValuePool const&)+28)
12-19 13:07:54.057  5554  5554 F DEBUG   :     #06 pc 000000000004fec4  /data/app/com.driversapp-wtLUCY3Fp6h9UI9Vaz-q1g==/base.apk (offset 0x12c8000) (facebook::yoga::Style::Style(facebook::yoga::Style const&)+56)
12-19 13:07:54.057  5554  5554 F DEBUG   :     #07 pc 000000000004f2f4  /data/app/com.driversapp-wtLUCY3Fp6h9UI9Vaz-q1g==/base.apk (offset 0x12c8000) (facebook::react::RNCSafeAreaViewShadowNode::adjustLayoutWithState()+1988)
12-19 13:07:54.057  5554  5554 F DEBUG   :     #08 pc 0000000000171104  /data/app/com.driversapp-wtLUCY3Fp6h9UI9Vaz-q1g==/base.apk (offset 0x700000) (facebook::react::RNCSafeAreaViewComponentDescriptor::adopt(facebook::react::ShadowNode&) const+40)
12-19 13:07:54.057  5554  5554 F DEBUG   :     #09 pc 0000000000170870  /data/app/com.driversapp-wtLUCY3Fp6h9UI9Vaz-q1g==/base.apk (offset 0x700000) (facebook::react::ConcreteComponentDescriptor<facebook::react::RNCSafeAreaViewShadowNode>::createShadowNode(facebook::react::ShadowNodeFragment const&, std::__ndk1::shared_ptr<facebook::react::ShadowNodeFamily const> const&) const+136)
12-19 13:07:54.057  5554  5554 F DEBUG   :     #10 pc 0000000000f685d4  /data/app/com.driversapp-wtLUCY3Fp6h9UI9Vaz-q1g==/base.apk (offset 0x1350000) (facebook::react::UIManager::createNode(int, std::__ndk1::basic_string<char, std::__ndk1::char_traits<char>, std::__ndk1::allocator<char>> const&, int, facebook::react::RawProps, std::__ndk1::shared_ptr<facebook::react::InstanceHandle const>) const+728)
12-19 13:07:54.057  5554  5554 F DEBUG   :     #11 pc 0000000000f92428  /data/app/com.driversapp-wtLUCY3Fp6h9UI9Vaz-q1g==/base.apk (offset 0x1350000)
12-19 13:07:54.057  5554  5554 F DEBUG   :     #12 pc 0000000000f922c4  /data/app/com.driversapp-wtLUCY3Fp6h9UI9Vaz-q1g==/base.apk (offset 0x1350000)
12-19 13:07:54.057  5554  5554 F DEBUG   :     #13 pc 0000000000f92250  /data/app/com.driversapp-wtLUCY3Fp6h9UI9Vaz-q1g==/base.apk (offset 0x1350000)
12-19 13:07:54.057  5554  5554 F DEBUG   :     #14 pc 0000000000f92204  /data/app/com.driversapp-wtLUCY3Fp6h9UI9Vaz-q1g==/base.apk (offset 0x1350000)
12-19 13:07:54.057  5554  5554 F DEBUG   :     #15 pc 0000000000f912ec  /data/app/com.driversapp-wtLUCY3Fp6h9UI9Vaz-q1g==/base.apk (offset 0x1350000)
12-19 13:07:54.057  5554  5554 F DEBUG   :     #16 pc 00000000000dc630  /data/app/com.driversapp-wtLUCY3Fp6h9UI9Vaz-q1g==/base.apk (offset 0xb20000)
12-19 13:07:54.057  5554  5554 F DEBUG   :     #17 pc 0000000000166324  /data/app/com.driversapp-wtLUCY3Fp6h9UI9Vaz-q1g==/base.apk (offset 0xb20000)
12-19 13:07:54.057  5554  5554 F DEBUG   :     #18 pc 000000000018758c  /data/app/com.driversapp-wtLUCY3Fp6h9UI9Vaz-q1g==/base.apk (offset 0xb20000)
12-19 13:07:54.057  5554  5554 F DEBUG   :     #19 pc 0000000000186a94  /data/app/com.driversapp-wtLUCY3Fp6h9UI9Vaz-q1g==/base.apk (offset 0xb20000)
12-19 13:07:54.057  5554  5554 F DEBUG   :     #20 pc 000000000016689c  /data/app/com.driversapp-wtLUCY3Fp6h9UI9Vaz-q1g==/base.apk (offset 0xb20000)
12-19 13:07:54.057  5554  5554 F DEBUG   :     #21 pc 0000000000165dbc  /data/app/com.driversapp-wtLUCY3Fp6h9UI9Vaz-q1g==/base.apk (offset 0xb20000)
12-19 13:07:54.057  5554  5554 F DEBUG   :     #22 pc 00000000000d2688  /data/app/com.driversapp-wtLUCY3Fp6h9UI9Vaz-q1g==/base.apk (offset 0xb20000)
12-19 13:07:54.057  5554  5554 F DEBUG   :     #23 pc 00000000009fe380  /data/app/com.driversapp-wtLUCY3Fp6h9UI9Vaz-q1g==/base.apk (offset 0x1350000) (facebook::jsi::Function::call(facebook::jsi::Runtime&, facebook::jsi::Value const*, unsigned long) const+104)
12-19 13:07:54.057  5554  5554 F DEBUG   :     #24 pc 00000000009fe2cc  /data/app/com.driversapp-wtLUCY3Fp6h9UI9Vaz-q1g==/base.apk (offset 0x1350000) (facebook::jsi::Function::call(facebook::jsi::Runtime&, std::initializer_list<facebook::jsi::Value>) const+104)
12-19 13:07:54.057  5554  5554 F DEBUG   :     #25 pc 0000000000f145bc  /data/app/com.driversapp-wtLUCY3Fp6h9UI9Vaz-q1g==/base.apk (offset 0x1350000) (facebook::react::Task::execute(facebook::jsi::Runtime&, bool)+232)
12-19 13:07:54.057  5554  5554 F DEBUG   :     #26 pc 0000000000f0d250  /data/app/com.driversapp-wtLUCY3Fp6h9UI9Vaz-q1g==/base.apk (offset 0x1350000) (facebook::react::RuntimeScheduler_Modern::executeTask(facebook::jsi::Runtime&, facebook::react::Task&, bool) const+116)
12-19 13:07:54.057  5554  5554 F DEBUG   :     #27 pc 0000000000f0dbd4  /data/app/com.driversapp-wtLUCY3Fp6h9UI9Vaz-q1g==/base.apk (offset 0x1350000) (facebook::react::RuntimeScheduler_Modern::runEventLoopTick(facebook::jsi::Runtime&, facebook::react::Task&)+204)
12-19 13:07:54.057  5554  5554 F DEBUG   :     #28 pc 0000000000f0d950  /data/app/com.driversapp-wtLUCY3Fp6h9UI9Vaz-q1g==/base.apk (offset 0x1350000) (facebook::react::RuntimeScheduler_Modern::runEventLoop(facebook::jsi::Runtime&)+140)
12-19 13:07:54.057  5554  5554 F DEBUG   :     #29 pc 0000000000f13fc4  /data/app/com.driversapp-wtLUCY3Fp6h9UI9Vaz-q1g==/base.apk (offset 0x1350000)
12-19 13:07:54.057  5554  5554 F DEBUG   :     #30 pc 0000000000f13f94  /data/app/com.driversapp-wtLUCY3Fp6h9UI9Vaz-q1g==/base.apk (offset 0x1350000)
12-19 13:07:54.057  5554  5554 F DEBUG   :     #31 pc 0000000000f13f44  /data/app/com.driversapp-wtLUCY3Fp6h9UI9Vaz-q1g==/base.apk (offset 0x1350000)
12-19 13:07:54.057  5554  5554 F DEBUG   :     #32 pc 0000000000f13f18  /data/app/com.driversapp-wtLUCY3Fp6h9UI9Vaz-q1g==/base.apk (offset 0x1350000)
12-19 13:07:54.057  5554  5554 F DEBUG   :     #33 pc 0000000000f13008  /data/app/com.driversapp-wtLUCY3Fp6h9UI9Vaz-q1g==/base.apk (offset 0x1350000)
12-19 13:07:54.057  5554  5554 F DEBUG   :     #34 pc 00000000009e7044  /data/app/com.driversapp-wtLUCY3Fp6h9UI9Vaz-q1g==/base.apk (offset 0x1350000)
12-19 13:07:54.057  5554  5554 F DEBUG   :     #35 pc 00000000009e6ef0  /data/app/com.driversapp-wtLUCY3Fp6h9UI9Vaz-q1g==/base.apk (offset 0x1350000)
12-19 13:07:54.057  5554  5554 F DEBUG   :     #36 pc 00000000009e6c34  /data/app/com.driversapp-wtLUCY3Fp6h9UI9Vaz-q1g==/base.apk (offset 0x1350000)
12-19 13:07:54.057  5554  5554 F DEBUG   :     #37 pc 00000000009e6b9c  /data/app/com.driversapp-wtLUCY3Fp6h9UI9Vaz-q1g==/base.apk (offset 0x1350000)
12-19 13:07:54.057  5554  5554 F DEBUG   :     #38 pc 00000000009e6b54  /data/app/com.driversapp-wtLUCY3Fp6h9UI9Vaz-q1g==/base.apk (offset 0x1350000)
12-19 13:07:54.057  5554  5554 F DEBUG   :     #39 pc 00000000009e6b30  /data/app/com.driversapp-wtLUCY3Fp6h9UI9Vaz-q1g==/base.apk (offset 0x1350000)
12-19 13:07:54.057  5554  5554 F DEBUG   :     #40 pc 00000000009e5bc8  /data/app/com.driversapp-wtLUCY3Fp6h9UI9Vaz-q1g==/base.apk (offset 0x1350000)
12-19 13:07:54.057  5554  5554 F DEBUG   :     #41 pc 0000000000b5be0c  /data/app/com.driversapp-wtLUCY3Fp6h9UI9Vaz-q1g==/base.apk (offset 0x1350000)
12-19 13:07:54.057  5554  5554 F DEBUG   :     #42 pc 0000000000b5bdd0  /data/app/com.driversapp-wtLUCY3Fp6h9UI9Vaz-q1g==/base.apk (offset 0x1350000)
12-19 13:07:54.057  5554  5554 F DEBUG   :     #43 pc 0000000000ff832c  /data/app/com.driversapp-wtLUCY3Fp6h9UI9Vaz-q1g==/base.apk (offset 0x1350000)
12-19 13:07:54.057  5554  5554 F DEBUG   :     #44 pc 0000000000ff82cc  /data/app/com.driversapp-wtLUCY3Fp6h9UI9Vaz-q1g==/base.apk (offset 0x1350000)
12-19 13:07:54.057  5554  5554 F DEBUG   :     #45 pc 0000000000ff8284  /data/app/com.driversapp-wtLUCY3Fp6h9UI9Vaz-q1g==/base.apk (offset 0x1350000)
12-19 13:07:54.057  5554  5554 F DEBUG   :     #46 pc 0000000000ff8260  /data/app/com.driversapp-wtLUCY3Fp6h9UI9Vaz-q1g==/base.apk (offset 0x1350000)
12-19 13:07:54.057  5554  5554 F DEBUG   :     #47 pc 0000000000ff73cc  /data/app/com.driversapp-wtLUCY3Fp6h9UI9Vaz-q1g==/base.apk (offset 0x1350000)
12-19 13:07:54.057  5554  5554 F DEBUG   :     #48 pc 0000000000017dd0  /data/app/com.driversapp-wtLUCY3Fp6h9UI9Vaz-q1g==/base.apk (offset 0xa40000) (_ZN8facebook3jni6detail13MethodWrapperIMNS0_15JNativeRunnableEFvvEXadL_ZNS3_3runEvEES3_vJEE8dispatchENS0_9alias_refIPNS1_8JTypeForINS0_11HybridClassIS3_NS0_9JRunnableEE8JavaPartESA_vE11_javaobjectEEE+72)
12-19 13:07:54.057  5554  5554 F DEBUG   :     #49 pc 0000000000017d10  /data/app/com.driversapp-wtLUCY3Fp6h9UI9Vaz-q1g==/base.apk (offset 0xa40000) (_ZN8facebook3jni6detail15FunctionWrapperIPFvNS0_9alias_refIPNS1_8JTypeForINS0_11HybridClassINS0_15JNativeRunnableENS0_9JRunnableEE8JavaPartES7_vE11_javaobjectEEEESC_vJEE4callEP7_JNIEnvP8_jobjectSF_+60)
12-19 13:07:54.057  5554  5554 F DEBUG   :     #50 pc 00000000005619e0  /system/lib64/libart.so (art_quick_generic_jni_trampoline+144)
12-19 13:07:54.057  5554  5554 F DEBUG   :     #51 pc 0000000000558988  /system/lib64/libart.so (art_quick_invoke_stub+584)
12-19 13:07:54.058  5554  5554 F DEBUG   :     #52 pc 00000000000cfcc8  /system/lib64/libart.so (art::ArtMethod::Invoke(art::Thread*, unsigned int*, unsigned int, art::JValue*, char const*)+200)
12-19 13:07:54.058  5554  5554 F DEBUG   :     #53 pc 0000000000280438  /system/lib64/libart.so (art::interpreter::ArtInterpreterToCompiledCodeBridge(art::Thread*, art::ArtMethod*, art::ShadowFrame*, unsigned short, art::JValue*)+344)
12-19 13:07:54.058  5554  5554 F DEBUG   :     #54 pc 000000000027a440  /system/lib64/libart.so (bool art::interpreter::DoCall<false, false>(art::ArtMethod*, art::Thread*, art::ShadowFrame&, art::Instruction const*, unsigned short, art::JValue*)+968)
12-19 13:07:54.058  5554  5554 F DEBUG   :     #55 pc 00000000005287e8  /system/lib64/libart.so (MterpInvokeInterface+1392)
12-19 13:07:54.058  5554  5554 F DEBUG   :     #56 pc 000000000054b114  /system/lib64/libart.so (ExecuteMterpImpl+14740)
12-19 13:07:54.058  5554  5554 F DEBUG   :     #57 pc 0000000000da1f80  /system/framework/boot-framework.vdex (android.os.Handler.handleCallback+4)
12-19 13:07:54.058  5554  5554 F DEBUG   :     #58 pc 0000000000254144  /system/lib64/libart.so (_ZN3art11interpreterL7ExecuteEPNS_6ThreadERKNS_20CodeItemDataAccessorERNS_11ShadowFrameENS_6JValueEb.llvm.1630342527+488)
12-19 13:07:54.058  5554  5554 F DEBUG   :     #59 pc 0000000000259c38  /system/lib64/libart.so (art::interpreter::ArtInterpreterToInterpreterBridge(art::Thread*, art::CodeItemDataAccessor const&, art::ShadowFrame*, art::JValue*)+216)
12-19 13:07:54.058  5554  5554 F DEBUG   :     #60 pc 000000000027a424  /system/lib64/libart.so (bool art::interpreter::DoCall<false, false>(art::ArtMethod*, art::Thread*, art::ShadowFrame&, art::Instruction const*, unsigned short, art::JValue*)+940)
12-19 13:07:54.058  5554  5554 F DEBUG   :     #61 pc 0000000000528d70  /system/lib64/libart.so (MterpInvokeStatic+204)
12-19 13:07:54.058  5554  5554 F DEBUG   :     #62 pc 000000000054b094  /system/lib64/libart.so (ExecuteMterpImpl+14612)
12-19 13:07:54.058  5554  5554 F DEBUG   :     #63 pc 0000000000c4bc1c  /system/framework/boot-framework.vdex (android.os.Handler.dispatchMessage+8)
12-19 13:07:54.058  5554  5554 F DEBUG   :     #64 pc 0000000000254144  /system/lib64/libart.so (_ZN3art11interpreterL7ExecuteEPNS_6ThreadERKNS_20CodeItemDataAccessorERNS_11ShadowFrameENS_6JValueEb.llvm.1630342527+488)
12-19 13:07:54.058  5554  5554 F DEBUG   :     #65 pc 0000000000259c38  /system/lib64/libart.so (art::interpreter::ArtInterpreterToInterpreterBridge(art::Thread*, art::CodeItemDataAccessor const&, art::ShadowFrame*, art::JValue*)+216)
12-19 13:07:54.058  5554  5554 F DEBUG   :     #66 pc 000000000027a424  /system/lib64/libart.so (bool art::interpreter::DoCall<false, false>(art::ArtMethod*, art::Thread*, art::ShadowFrame&, art::Instruction const*, unsigned short, art::JValue*)+940)
12-19 13:07:54.058  5554  5554 F DEBUG   :     #67 pc 0000000000527f04  /system/lib64/libart.so (MterpInvokeSuper+1420)
12-19 13:07:54.058  5554  5554 F DEBUG   :     #68 pc 000000000054af94  /system/lib64/libart.so (ExecuteMterpImpl+14356)
12-19 13:07:54.058  5554  5554 F DEBUG   :     #69 pc 00000000003e0d30  /dev/ashmem/dalvik-classes.dex extracted in memory from /data/app/com.driversapp-wtLUCY3Fp6h9UI9Vaz-q1g==/base.apk_5449_5449 (deleted) (com.facebook.react.bridge.queue.MessageQueueThreadHandler.dispatchMessage+12)
12-19 13:07:54.058  5554  5554 F DEBUG   :     #70 pc 0000000000254144  /system/lib64/libart.so (_ZN3art11interpreterL7ExecuteEPNS_6ThreadERKNS_20CodeItemDataAccessorERNS_11ShadowFrameENS_6JValueEb.llvm.1630342527+488)
12-19 13:07:54.058  5554  5554 F DEBUG   :     #71 pc 0000000000259c38  /system/lib64/libart.so (art::interpreter::ArtInterpreterToInterpreterBridge(art::Thread*, art::CodeItemDataAccessor const&, art::ShadowFrame*, art::JValue*)+216)
12-19 13:07:54.058  5554  5554 F DEBUG   :     #72 pc 000000000027a424  /system/lib64/libart.so (bool art::interpreter::DoCall<false, false>(art::ArtMethod*, art::Thread*, art::ShadowFrame&, art::Instruction const*, unsigned short, art::JValue*)+940)
12-19 13:07:54.058  5554  5554 F DEBUG   :     #73 pc 000000000052786c  /system/lib64/libart.so (MterpInvokeVirtual+588)
12-19 13:07:54.058  5554  5554 F DEBUG   :     #74 pc 000000000054af14  /system/lib64/libart.so (ExecuteMterpImpl+14228)
12-19 13:07:54.058  5554  5554 F DEBUG   :     #75 pc 0000000000c54846  /system/framework/boot-framework.vdex (android.os.Looper.loop+406)
12-19 13:07:54.058  5554  5554 F DEBUG   :     #76 pc 0000000000254144  /system/lib64/libart.so (_ZN3art11interpreterL7ExecuteEPNS_6ThreadERKNS_20CodeItemDataAccessorERNS_11ShadowFrameENS_6JValueEb.llvm.1630342527+488)
12-19 13:07:54.058  5554  5554 F DEBUG   :     #77 pc 0000000000259c38  /system/lib64/libart.so (art::interpreter::ArtInterpreterToInterpreterBridge(art::Thread*, art::CodeItemDataAccessor const&, art::ShadowFrame*, art::JValue*)+216)
12-19 13:07:54.058  5554  5554 F DEBUG   :     #78 pc 000000000027a424  /system/lib64/libart.so (bool art::interpreter::DoCall<false, false>(art::ArtMethod*, art::Thread*, art::ShadowFrame&, art::Instruction const*, unsigned short, art::JValue*)+940)
12-19 13:07:54.058  5554  5554 F DEBUG   :     #79 pc 0000000000528d70  /system/lib64/libart.so (MterpInvokeStatic+204)
12-19 13:07:54.058  5554  5554 F DEBUG   :     #80 pc 000000000054b094  /system/lib64/libart.so (ExecuteMterpImpl+14612)
12-19 13:07:54.058  5554  5554 F DEBUG   :     #81 pc 00000000003e1004  /dev/ashmem/dalvik-classes.dex extracted in memory from /data/app/com.driversapp-wtLUCY3Fp6h9UI9Vaz-q1g==/base.apk_5449_5449 (deleted) (com.facebook.react.bridge.queue.MessageQueueThreadImpl$Companion.startNewBackgroundThread$lambda$0+28)
12-19 13:07:54.058  5554  5554 F DEBUG   :     #82 pc 0000000000254144  /system/lib64/libart.so (_ZN3art11interpreterL7ExecuteEPNS_6ThreadERKNS_20CodeItemDataAccessorERNS_11ShadowFrameENS_6JValueEb.llvm.1630342527+488)
12-19 13:07:54.058  5554  5554 F DEBUG   :     #83 pc 0000000000259c38  /system/lib64/libart.so (art::interpreter::ArtInterpreterToInterpreterBridge(art::Thread*, art::CodeItemDataAccessor const&, art::ShadowFrame*, art::JValue*)+216)
12-19 13:07:54.058  5554  5554 F DEBUG   :     #84 pc 000000000027a424  /system/lib64/libart.so (bool art::interpreter::DoCall<false, false>(art::ArtMethod*, art::Thread*, art::ShadowFrame&, art::Instruction const*, unsigned short, art::JValue*)+940)
12-19 13:07:54.058  5554  5554 F DEBUG   :     #85 pc 0000000000528d70  /system/lib64/libart.so (MterpInvokeStatic+204)
12-19 13:07:54.058  5554  5554 F DEBUG   :     #86 pc 000000000054b094  /system/lib64/libart.so (ExecuteMterpImpl+14612)
12-19 13:07:54.058  5554  5554 F DEBUG   :     #87 pc 00000000003e0fa0  /dev/ashmem/dalvik-classes.dex extracted in memory from /data/app/com.driversapp-wtLUCY3Fp6h9UI9Vaz-q1g==/base.apk_5449_5449 (deleted) (com.facebook.react.bridge.queue.MessageQueueThreadImpl$Companion.$r8$lambda$YYXYCFexeoKtAeDpeNYkxZZlpbA)
12-19 13:07:54.058  5554  5554 F DEBUG   :     #88 pc 0000000000254144  /system/lib64/libart.so (_ZN3art11interpreterL7ExecuteEPNS_6ThreadERKNS_20CodeItemDataAccessorERNS_11ShadowFrameENS_6JValueEb.llvm.1630342527+488)
12-19 13:07:54.058  5554  5554 F DEBUG   :     #89 pc 0000000000259c38  /system/lib64/libart.so (art::interpreter::ArtInterpreterToInterpreterBridge(art::Thread*, art::CodeItemDataAccessor const&, art::ShadowFrame*, art::JValue*)+216)
12-19 13:07:54.058  5554  5554 F DEBUG   :     #90 pc 000000000027a424  /system/lib64/libart.so (bool art::interpreter::DoCall<false, false>(art::ArtMethod*, art::Thread*, art::ShadowFrame&, art::Instruction const*, unsigned short, art::JValue*)+940)
12-19 13:07:54.058  5554  5554 F DEBUG   :     #91 pc 0000000000528d70  /system/lib64/libart.so (MterpInvokeStatic+204)
12-19 13:07:54.058  5554  5554 F DEBUG   :     #92 pc 000000000054b094  /system/lib64/libart.so (ExecuteMterpImpl+14612)
12-19 13:07:54.058  5554  5554 F DEBUG   :     #93 pc 00000000003e0dc8  /dev/ashmem/dalvik-classes.dex extracted in memory from /data/app/com.driversapp-wtLUCY3Fp6h9UI9Vaz-q1g==/base.apk_5449_5449 (deleted) (com.facebook.react.bridge.queue.MessageQueueThreadImpl$Companion$$ExternalSyntheticLambda0.run+4)
12-19 13:07:54.058  5554  5554 F DEBUG   :     #94 pc 0000000000254144  /system/lib64/libart.so (_ZN3art11interpreterL7ExecuteEPNS_6ThreadERKNS_20CodeItemDataAccessorERNS_11ShadowFrameENS_6JValueEb.llvm.1630342527+488)
12-19 13:07:54.058  5554  5554 F DEBUG   :     #95 pc 0000000000259c38  /system/lib64/libart.so (art::interpreter::ArtInterpreterToInterpreterBridge(art::Thread*, art::CodeItemDataAccessor const&, art::ShadowFrame*, art::JValue*)+216)
12-19 13:07:54.058  5554  5554 F DEBUG   :     #96 pc 000000000027a424  /system/lib64/libart.so (bool art::interpreter::DoCall<false, false>(art::ArtMethod*, art::Thread*, art::ShadowFrame&, art::Instruction const*, unsigned short, art::JValue*)+940)
12-19 13:07:54.058  5554  5554 F DEBUG   :     #97 pc 00000000005287e8  /system/lib64/libart.so (MterpInvokeInterface+1392)
12-19 13:07:54.058  5554  5554 F DEBUG   :     #98 pc 000000000054b114  /system/lib64/libart.so (ExecuteMterpImpl+14740)
12-19 13:07:54.058  5554  5554 F DEBUG   :     #99 pc 00000000000ca97a  /system/framework/boot.vdex (java.lang.Thread.run+12)
12-19 13:07:54.058  5554  5554 F DEBUG   :     #100 pc 0000000000254144  /system/lib64/libart.so (_ZN3art11interpreterL7ExecuteEPNS_6ThreadERKNS_20CodeItemDataAccessorERNS_11ShadowFrameENS_6JValueEb.llvm.1630342527+488)
12-19 13:07:54.058  5554  5554 F DEBUG   :     #101 pc 0000000000518100  /system/lib64/libart.so (artQuickToInterpreterBridge+1020)
12-19 13:07:54.058  5554  5554 F DEBUG   :     #102 pc 0000000000561afc  /system/lib64/libart.so (art_quick_to_interpreter_bridge+92)
12-19 13:07:54.058  5554  5554 F DEBUG   :     #103 pc 0000000000558988  /system/lib64/libart.so (art_quick_invoke_stub+584)
12-19 13:07:54.058  5554  5554 F DEBUG   :     #104 pc 00000000000cfcc8  /system/lib64/libart.so (art::ArtMethod::Invoke(art::Thread*, unsigned int*, unsigned int, art::JValue*, char const*)+200)
12-19 13:07:54.058  5554  5554 F DEBUG   :     #105 pc 000000000045edac  /system/lib64/libart.so (art::(anonymous namespace)::InvokeWithArgArray(art::ScopedObjectAccessAlreadyRunnable const&, art::ArtMethod*, art::(anonymous namespace)::ArgArray*, art::JValue*, char const*)+104)
12-19 13:07:54.058  5554  5554 F DEBUG   :     #106 pc 000000000045fe68  /system/lib64/libart.so (art::InvokeVirtualOrInterfaceWithJValues(art::ScopedObjectAccessAlreadyRunnable const&, _jobject*, _jmethodID*, jvalue*)+424)
12-19 13:07:54.058  5554  5554 F DEBUG   :     #107 pc 000000000048b288  /system/lib64/libart.so (art::Thread::CreateCallback(void*)+1120)
12-19 13:07:54.058  5554  5554 F DEBUG   :     #108 pc 0000000000091a14  /system/lib64/libc.so (__pthread_start(void*)+36)
12-19 13:07:54.058  5554  5554 F DEBUG   :     #109 pc 0000000000023f78  /system/lib64/libc.so (__start_thread+68)
12-19 13:07:54.140  1525  3743 I chatty  : uid=1000(system) Binder:1525_1B identical 6 lines
12-19 13:07:54.140  1525  3743 W ActivityManager: No permission grants found for com.google.android.apps.photos
12-19 13:07:54.195  1525  3457 W ActivityManager: No permission grants found for com.google.android.apps.photos
12-19 13:07:54.247  1525  3457 I chatty  : uid=1000(system) Binder:1525_D identical 2 lines
12-19 13:07:54.248  1525  3457 W ActivityManager: No permission grants found for com.google.android.apps.photos
12-19 13:07:54.293  1525  2845 W ActivityManager: No permission grants found for com.google.android.apps.photos
12-19 13:07:54.516  1525  2845 I chatty  : uid=1000(system) Binder:1525_A identical 12 lines
12-19 13:07:54.516  1525  2845 W ActivityManager: No permission grants found for com.google.android.apps.photos
12-19 13:07:54.551  3304  3625 D SDHMS:s : SIOP:: AP:286(410,95) BAT:291(291,0) CHG:367(367,0) USB:305(305,0) PA:334(336,0) LRP:0(0,-999) ATC:0(0,-999) BLK:0(0,0)
12-19 13:07:54.594  1525  2845 W ActivityManager: No permission grants found for com.google.android.apps.photos
12-19 13:07:54.697  2135  2371 D NetworkController.MobileSignalController(0/2): onSignalStrengthsChanged signalStrength=SignalStrength: 99 99 -120 -160 -120 -160 -1 25 -100 -12 -26 2147483647 0 2147483647 99 255 2147483647 0x4000 P gsm|lte use_rsrp_and_rssnr_for_lte_level  [-128, -118, -108, -98] [-115, -105, -95, -85] level=4
12-19 13:07:54.697  2135  2371 D NetworkController.MobileSignalController(0/2): getMobileIconGroup(): 0
12-19 13:07:54.699  2135  2135 D SecStatusBarMobileView: updateState: MobileIconState(subId=2, strengthId=2131232517, roaming=false, typeId=0, roamingId=0, activityId=0, visible=true, imsIconVisible=false, imsIconDescription=null)
12-19 13:07:54.831  1525  2019 D WifiPermissionsUtil: canAccessScanResults: pkgName = android, uid = 1000
12-19 13:07:54.902  1525  2845 I chatty  : uid=1000(system) Binder:1525_A identical 14 lines
12-19 13:07:54.905  1525  2845 W ActivityManager: No permission grants found for com.google.android.apps.photos
12-19 13:07:54.956  1525  3457 W ActivityManager: No permission grants found for com.google.android.apps.photos
12-19 13:07:54.958  1525  2845 W ActivityManager: No permission grants found for com.google.android.apps.photos
12-19 13:07:55.228  1113  1113 E /system/bin/tombstoned: Tombstone written to: /data/tombstones/tombstone_02
12-19 13:07:55.248  1525  2020 I WifiVendorHal: getWifiLinkLayerStats(l.2973) before calling iface.getLinkLayerStats
12-19 13:07:55.163  1525  2845 I chatty  : uid=1000(system) Binder:1525_A identical 7 lines
12-19 13:07:55.164  1525  2845 W ActivityManager: No permission grants found for com.google.android.apps.photos
12-19 13:07:55.255  1525  5557 W ActivityManager: crash : com.driversapp,0
12-19 13:07:55.261  1525  5557 W ActivityManager:   Force finishing activity com.driversapp/.MainActivity
12-19 13:07:55.262  1525  1525 D Telecom:SamsungPrebindingServiceImpl: onTopActivityChanged ComponentInfo{com.sec.android.app.launcher/com.sec.android.app.launcher.activities.LauncherActivity}
12-19 13:07:55.271   982   982 I Zygote  : Process 5449 exited due to signal (11)
12-19 13:07:55.274  1525  1993 W InputDispatcher: channel 'abcd033 com.driversapp/com.driversapp.MainActivity (server)' ~ Consumer closed input channel or an error occurred.  events=0x9, fd=1045
12-19 13:07:55.274  1525  1993 E InputDispatcher: channel 'abcd033 com.driversapp/com.driversapp.MainActivity (server)' ~ Channel is unrecoverably broken and will be disposed!
12-19 13:07:55.275  1525  2333 I WindowManager: WIN DEATH: Window{abcd033 u0 com.driversapp/com.driversapp.MainActivity}
12-19 13:07:55.275  1525  2333 W InputDispatcher: Attempted to unregister already unregistered input channel 'abcd033 com.driversapp/com.driversapp.MainActivity (server)'
12-19 13:07:55.272  1525  1586 I BootReceiver: Copying /data/tombstones/tombstone_02 to DropBox (SYSTEM_TOMBSTONE)
