
12-19 13:07:51.051   701  3002 D Layer   : [e570848 Splash Screen com.driversapp#0]::reparent oldParent:[AppWindowToken{63dd5d7 token=Token{886156 ActivityRecord{ec5ff71 u0 com.driversapp/.MainActivity t314}}}#0], newParent:[Surface(name=e570848 Splash Screen com.driversapp)/@0x35af325 - animation-leash#0]
12-19 13:07:51.052  1525  1925 D InputTransport: Input channel destroyed: fd=1040
12-19 13:07:51.052  1525  1925 D InputTransport: Input channel destroyed: fd=1041
12-19 13:07:51.063  1525  2114 D GameManagerService: handleForegroundChange(). pkgName: com.driversapp, clsName: com.driversapp.MainActivity,FgActivityName:com.driversapp/.MainActivity,userID:0
12-19 13:07:51.063  1525  2114 D GameManagerService:   handleForegroundChange(). same package. game has never resumed yet. ignore
12-19 13:07:51.072  1525  3743 W ActivityManager: No permission grants found for com.google.android.apps.photos
12-19 13:07:51.075   701   701 I SurfaceFlinger: id=17868 createSurf (5920x5920),2 flag=4, ffdeec6 PopupWindow:877344d#0
12-19 13:07:51.072  1525  3743 W ActivityManager: No permission grants found for com.google.android.apps.photos
12-19 13:07:51.077  1525  3743 E WindowManager: App trying to use insecure INPUT_FEATURE_NO_INPUT_CHANNEL flag.  Ignoring
12-19 13:07:51.077  1525  3743 D InputTransport: Input channel constructed: fd=937
12-19 13:07:51.077  1525  3743 D InputTransport: Input channel constructed: fd=1040
12-19 13:07:51.078  1525  3743 D InputTransport: Input channel destroyed: fd=1040
12-19 13:07:51.078  5449  5449 D InputTransport: Input channel constructed: fd=79
12-19 13:07:51.079  5449  5449 D ViewRootImpl@74dae50[PopupWindow:877344d]: setView = android.widget.PopupWindow$PopupDecorView{90fc849 V.E...... R.....I. 0,0-0,0} TM=true MM=false
12-19 13:07:51.079  5449  5449 W Choreographer: Already have a pending vsync event.  There should only be one at a time.
12-19 13:07:51.094  5449  5449 D ViewRootImpl@74dae50[PopupWindow:877344d]: dispatchAttachedToWindow
12-19 13:07:51.099   701   701 I SurfaceFlinger: Display 0 HWC layers:
12-19 13:07:51.099   701   701 I SurfaceFlinger:     type    |    handle    | flag |  format   |   source crop (l,t,r,b)    |         frame       | name
12-19 13:07:51.099   701   701 I SurfaceFlinger: ------------+--------------+------+-----------+----------------------------+---------------------+------
12-19 13:07:51.099   701   701 I SurfaceFlinger:      Device | 0x7b5d840e80 | 0002 | RGBA_8888 |   0.0    0.0 1080.0 2220.0 |    0    0 1080 2220 | com.driversapp/com.driversapp.MainActivity[5449]#0
12-19 13:07:51.099   701   701 I SurfaceFlinger:      Device | 0x7b5e7d5300 | 0002 | RGBA_8888 |   0.0    0.0 1080.0 2220.0 |    0    0 1080 2220 | Splash Screen com.driversapp#0
12-19 13:07:51.099   701   701 I SurfaceFlinger:      Device | 0x7b5d61ed00 | 0000 | RGBA_8888 |   0.0    0.0 1080.0   72.0 |    0    0 1080   72 | StatusBar[2135]#0
12-19 13:07:51.099   701   701 I SurfaceFlinger:      Device | 0x7b5e770b80 | 0000 | RGBA_8888 |   0.0    0.0   67.0  416.0 | 1013  276 1080  692 | com.samsung.android.app.cocktailbars[...]arservice.CocktailBarService[5840]#0
12-19 13:07:51.099   701   701 I SurfaceFlinger:      Device | 0x7b5d907700 | 0000 | RGBA_8888 |   0.0    0.0 1080.0   45.0 |    0 2175 1080 2220 | NavigationBar[2135]#0
12-19 13:07:51.099   701   701 I SurfaceFlinger:      Device | 0x7b60462000 | 0000 | RGBA_8888 |   0.0    0.0 1080.0  330.0 |    0 1890 1080 2220
12-19 13:07:51.100   701   701 I SurfaceFlinger:  | NavbarGestureHandler[2135]#0
12-19 13:07:51.100   701   701 I SurfaceFlinger:
12-19 13:07:51.101  1525  3743 V WindowManager: Relayout Window{ffdeec6 u0 PopupWindow:877344d}: viewVisibility=0 req=1080x79 {(0,72)(fillxwrap) gr=TOP START CENTER sim={state=unchanged adjust=pan} ty=APPLICATION_PANEL fmt=TRANSLUCENT surfaceInsets=Rect(0, 0 - 0, 0) (manual)
12-19 13:07:51.101  1525  3743 V WindowManager:   fl=NOT_FOCUSABLE SPLIT_TOUCH HARDWARE_ACCELERATED FLAG_LAYOUT_ATTACHED_IN_DECOR
12-19 13:07:51.101  1525  3743 V WindowManager:   pfl=WILL_NOT_REPLACE_ON_RELAUNCH LAYOUT_CHILD_WINDOW_IN_PARENT_FRAME naviIconColor=0}
12-19 13:07:51.103  1525  3743 V WindowManager: Resize reasons for w=Window{ffdeec6 u0 PopupWindow:877344d}:  contentInsetsChanged=false [0,0][0,0] visibleInsetsChanged=false [0,0][0,0] stableInsetsChanged=false [0,0][0,0] outsetsChanged=false [0,0][0,0] surfaceResized=false configChanged=true dragResizingChanged=false reportOrientationChanged=false displayCutoutChanged=false nextForceRelayoutToClient=false
12-19 13:07:51.107   701   701 I SurfaceFlinger: id=17869 createSurf (1080x79),1 flag=4, PopupWindow:877344d[5449]#0
12-19 13:07:51.108  1525  3743 D WindowManager: makeSurface duration=2 name=PopupWindow:877344d[5449]
12-19 13:07:51.112  5449  5449 D ViewRootImpl@74dae50[PopupWindow:877344d]: Relayout returned: old=[0,72][1080,2175] new=[0,72][1080,151] result=0x7 surface={valid=true 515348881408} changed=true
12-19 13:07:51.113  5449  5526 D OpenGLRenderer: eglCreateWindowSurface = 0x77f77da980, 0x77fd2fe010
12-19 13:07:51.118  5449  5449 D ViewRootImpl@6151038[MainActivity]: MSG_RESIZED: frame=Rect(0, 0 - 1080, 2220) ci=Rect(0, 72 - 0, 45) vi=Rect(0, 72 - 0, 45) or=1
12-19 13:07:51.119  5449  5449 D ViewRootImpl@6151038[MainActivity]: MSG_WINDOW_FOCUS_CHANGED 1 1
12-19 13:07:51.119  1525  3457 W ActivityManager: No permission grants found for com.google.android.apps.photos
12-19 13:07:51.119  5449  5449 D InputMethodManager: prepareNavigationBarInfo() DecorView@7e229f2[MainActivity]
12-19 13:07:51.119  5449  5449 D InputMethodManager: getNavigationBarColor() -855310
12-19 13:07:51.120  5449  5449 W unknown:BridgelessReact: ReactHost{0}.raiseSoftException(onWindowFocusChange(hasFocus = "true")): Tried to access onWindowFocusChange while context is not ready
12-19 13:07:51.122  5449  5449 E unknown:ReactHost: Unhandled SoftException
12-19 13:07:51.122  5449  5449 E unknown:ReactHost: com.facebook.react.bridge.ReactNoCrashSoftException: raiseSoftException(onWindowFocusChange(hasFocus = "true")): Tried to access onWindowFocusChange while context is not ready
12-19 13:07:51.122  5449  5449 E unknown:ReactHost:     at com.facebook.react.runtime.ReactHostImpl.raiseSoftException(ReactHostImpl.kt:861)
12-19 13:07:51.122  5449  5449 E unknown:ReactHost:     at com.facebook.react.runtime.ReactHostImpl.raiseSoftException$default(ReactHostImpl.kt:852)
12-19 13:07:51.122  5449  5449 E unknown:ReactHost:     at com.facebook.react.runtime.ReactHostImpl.onWindowFocusChange(ReactHostImpl.kt:625)
12-19 13:07:51.122  5449  5449 E unknown:ReactHost:     at com.facebook.react.ReactDelegate.onWindowFocusChanged(ReactDelegate.kt:232)
12-19 13:07:51.122  5449  5449 E unknown:ReactHost:     at com.facebook.react.ReactActivityDelegate.onWindowFocusChanged(ReactActivityDelegate.java:237)
12-19 13:07:51.122  5449  5449 E unknown:ReactHost:     at com.facebook.react.ReactActivity.onWindowFocusChanged(ReactActivity.java:158)
12-19 13:07:51.122  5449  5449 E unknown:ReactHost:     at androidx.appcompat.view.WindowCallbackWrapper.onWindowFocusChanged(WindowCallbackWrapper.java:124)
12-19 13:07:51.122  5449  5449 E unknown:ReactHost:     at com.android.internal.policy.DecorView.onWindowFocusChanged(DecorView.java:1976)
12-19 13:07:51.122  5449  5449 E unknown:ReactHost:     at android.view.View.dispatchWindowFocusChanged(View.java:13750)
12-19 13:07:51.122  5449  5449 E unknown:ReactHost:     at android.view.ViewGroup.dispatchWindowFocusChanged(ViewGroup.java:1463)
12-19 13:07:51.122  5449  5449 E unknown:ReactHost:     at android.view.ViewRootImpl.handleWindowFocusChanged(ViewRootImpl.java:3133)
12-19 13:07:51.122  5449  5449 E unknown:ReactHost:     at android.view.ViewRootImpl.access$1900(ViewRootImpl.java:198)
12-19 13:07:51.122  5449  5449 E unknown:ReactHost:     at android.view.ViewRootImpl$ViewRootHandler.handleMessage(ViewRootImpl.java:4951)
12-19 13:07:51.122  5449  5449 E unknown:ReactHost:     at android.os.Handler.dispatchMessage(Handler.java:106)
12-19 13:07:51.122  5449  5449 E unknown:ReactHost:     at android.os.Looper.loop(Looper.java:214)
12-19 13:07:51.122  5449  5449 E unknown:ReactHost:     at android.app.ActivityThread.main(ActivityThread.java:7073)
12-19 13:07:51.122  5449  5449 E unknown:ReactHost:     at java.lang.reflect.Method.invoke(Native Method)
12-19 13:07:51.122  5449  5449 E unknown:ReactHost:     at com.android.internal.os.RuntimeInit$MethodAndArgsCaller.run(RuntimeInit.java:494)
12-19 13:07:51.122  5449  5449 E unknown:ReactHost:     at com.android.internal.os.ZygoteInit.main(ZygoteInit.java:964)
12-19 13:07:51.123  5449  5449 D InputMethodManager: prepareNavigationBarInfo() DecorView@7e229f2[MainActivity]
12-19 13:07:51.123  5449  5449 D InputMethodManager: getNavigationBarColor() -855310
12-19 13:07:51.123  5449  5449 V InputMethodManager: Starting input: tba=com.driversapp ic=null mNaviBarColor -855310 mIsGetNaviBarColorSuccess true , NavVisible : true , NavTrans : false
12-19 13:07:51.123  5449  5449 D InputMethodManager: startInputInner - Id : 0
12-19 13:07:51.124  5449  5449 I InputMethodManager: startInputInner - mService.startInputOrWindowGainedFocus
12-19 13:07:51.124  1525  3457 D InputMethodManagerService: startInputOrWindowGainedFocus : windowGainedFocus
12-19 13:07:51.124  1525  3457 D InputMethodManagerService: windowGainedFocus: destinationUserId (getCallingUid) = 0
12-19 13:07:51.124  1525  3457 D InputMethodManagerService: windowGainedFocus: currentUserId=0
12-19 13:07:51.124  1525  3457 D InputMethodManagerService: windowGainedFocus: mCurrentFocusedUserId=0
12-19 13:07:51.124  1525  3457 D InputMethodManagerService: windowGainedFocus : lock - currentUserId = 0 destinationUserId = 0
12-19 13:07:51.124  1525  3457 D InputMethodManagerService: windowGainedFocus : mCurrentFocusedUserId - 0 and mSecureKeypadEnabled - false, userSwitched - false
12-19 13:07:51.125  1525  3457 V InputMethodManagerService: windowGainedFocus : reason=WINDOW_FOCUS_GAIN client=android.os.BinderProxy@4efc36d inputContext=null missingMethods= attribute=android.view.inputmethod.EditorInfo@9f221b4 nm = com.driversapp controlFlags=#104 softInputMode=#110 windowFlags=#81810100
12-19 13:07:51.125  1525  3457 V InputMethodManagerService: hideCurrentInputLocked : shouldHideSoftInput is false
12-19 13:07:51.125  1525  3457 D InputMethodManagerService: isImeSwitcherDisabledPackage : false
12-19 13:07:51.125  1525  3457 D InputMethodManagerService: DESKTOP MODE! : 2
12-19 13:07:51.125  1525  3457 D InputMethodManagerService: NOT IN KNOX DESKTOP MODE!
12-19 13:07:51.125  1525  3457 D InputMethodManagerService: updateSystemUiLocked 0
12-19 13:07:51.125  1525  3457 V InputMethodManagerService: Creating new session for client ClientState{79561dd uid 10278 pid 5449}
12-19 13:07:51.125  1525  3457 D InputTransport: Input channel constructed: fd=1040
12-19 13:07:51.125  1525  3457 D InputTransport: Input channel constructed: fd=1041
12-19 13:07:51.126  1525  3457 D InputTransport: Input channel destroyed: fd=1041
12-19 13:07:51.126  3814  3833 D InputTransport: Input channel constructed: fd=90
12-19 13:07:51.126  3400  3400 D InputTransport: Input channel destroyed: fd=91
12-19 13:07:51.128  1525  3457 D InputMethodManagerService: checkDisplayOfStartInputAndUpdateKeyboard display Id 0last 0
12-19 13:07:51.128  1525  3457 D InputMethodManagerService: setCurrentInputInfo - inputContext : null eidtorInfo : android.view.inputmethod.EditorInfo@9f221b4 missingMethods : 0
12-19 13:07:51.128  1525  3457 D InputTransport: Input channel constructed: fd=1041
12-19 13:07:51.128  1525  3457 D InputTransport: Input channel destroyed: fd=1041
12-19 13:07:51.129  5449  5468 D InputTransport: Input channel constructed: fd=80
12-19 13:07:51.129  3814  3814 I InputMethodWrapper:  call dispatchStartInputWithToken
12-19 13:07:51.129  3814  3814 I InputMethodService: dispatchStartInputWithToken
12-19 13:07:51.130  3814  3814 I SKBD_Performance: [IIManager] [PF_CL][onFinishInput] 465260
12-19 13:07:51.130  3814  3814 D InputMethodService: checkDisplayOfStartInputAndUpdateKeyboard display Id 0last 0
12-19 13:07:51.130  3814  3814 I SKBD    : SamsungKeypad [IMI] onStartInput - caller pid : 5449, caller uid : 10278
12-19 13:07:51.119  1525  3457 W ActivityManager: No permission grants found for com.google.android.apps.photos
12-19 13:07:51.147  1525  1925 I WindowManager: reset, Reparenting to original parent, shouldDeferScheduleAnimation=false, destroyLeash=true, surface=Surface(name=e570848 Splash Screen com.driversapp)/@0x35af325, parent=Surface(name=AppWindowToken{63dd5d7 token=Token{886156 ActivityRecord{ec5ff71 u0 com.driversapp/.MainActivity t314}}})/@0xf340a51, parentNativeHandle=android.os.BinderProxy@69a520, caller=com.android.server.wm.SurfaceAnimator.lambda$getFinishedCallback$0:89 com.android.server.wm.-$$Lambda$SurfaceAnimator$SIBia0mND666K8lMCPsoid8pUTI.run:4 com.android.server.wm.SurfaceAnimator.lambda$getFinishedCallback$1:96 com.android.server.wm.-$$Lambda$SurfaceAnimator$vdRZk66hQVbQCvVXEaQCT1kVmFc.onAnimationFinished:4 com.android.server.wm.LocalAnimationAdapter.lambda$startAnimation$0:65
12-19 13:07:51.147  1525  1925 D SurfaceControl: reparent is called, sc=Surface(name=e570848 Splash Screen com.driversapp)/@0x35af325, newParentHandle=android.os.BinderProxy@69a520, transaction=android.view.SurfaceControl$Transaction@1d812ab
12-19 13:07:51.147  1525  1925 D SurfaceControl: destroy(transaction), animation-leash is destroyed, sc=Surface(name=Surface(name=e570848 Splash Screen com.driversapp)/@0x35af325 - animation-leash)/@0x9f23d08, transaction=android.view.SurfaceControl$Transaction@1d812ab, caller=com.android.server.wm.SurfaceAnimator.reset:330 com.android.server.wm.SurfaceAnimator.lambda$getFinishedCallback$0:89 com.android.server.wm.-$$Lambda$SurfaceAnimator$SIBia0mND666K8lMCPsoid8pUTI.run:4 com.android.server.wm.SurfaceAnimator.lambda$getFinishedCallback$1:96 com.android.server.wm.-$$Lambda$SurfaceAnimator$vdRZk66hQVbQCvVXEaQCT1kVmFc.onAnimationFinished:4 com.android.server.wm.LocalAnimationAdapter.lambda$startAnimation$0:65 com.android.server.wm.-$$Lambda$LocalAnimationAdapter$X--EomqUvw4qy89IeeTFTH7aCMo.run:4
12-19 13:07:51.149  1525  1925 E WindowManager: win=Window{e570848 u0 Splash Screen com.driversapp EXITING} destroySurfaces: appStopped=false win.mWindowRemovalAllowed=true win.mRemoveOnExit=true win.mViewVisibility=0 caller=com.android.server.wm.AppWindowToken.destroySurfaces:871 com.android.server.wm.AppWindowToken.destroySurfaces:852 com.android.server.wm.WindowState.onExitAnimationDone:5419 com.android.server.wm.WindowStateAnimator.onAnimationFinished:319 com.android.server.wm.WindowState.onAnimationFinished:5841 com.android.server.wm.-$$Lambda$yVRF8YoeNdTa8GR1wDStVsHu8xM.run:2 com.android.server.wm.SurfaceAnimator.lambda$getFinishedCallback$0:92
12-19 13:07:51.150  1525  1925 I WindowManager: Destroying surface Surface(name=Splash Screen com.driversapp)/@0xf44a6e1 called by com.android.server.wm.WindowStateAnimator.destroySurface:1880 com.android.server.wm.WindowStateAnimator.destroySurfaceLocked:838 com.android.server.wm.WindowState.destroySurfaceUnchecked:3823 com.android.server.wm.WindowState.destroySurface:3804 com.android.server.wm.AppWindowToken.destroySurfaces:871 com.android.server.wm.AppWindowToken.destroySurfaces:852 com.android.server.wm.WindowState.onExitAnimationDone:5419 com.android.server.wm.WindowStateAnimator.onAnimationFinished:319
12-19 13:07:51.150   701  3002 I SurfaceFlinger: id=17862 Removed Splash Screen com.driversapp#0 (0/52)
12-19 13:07:51.153   701  3002 W SurfaceFlinger: Attempting to set client state on removed layer: Splash Screen com.driversapp#0 [s.what : 40]
12-19 13:07:51.153   701  3002 D Layer   : [e570848 Splash Screen com.driversapp#0]::reparent oldParent:[Surface(name=e570848 Splash Screen com.driversapp)/@0x35af325 - animation-leash#0], newParent:[AppWindowToken{63dd5d7 token=Token{886156 ActivityRecord{ec5ff71 u0 com.driversapp/.MainActivity t314}}}#0]
12-19 13:07:51.153   701  3002 W SurfaceFlinger: Attempting to destroy on removed layer: Splash Screen com.driversapp#0
12-19 13:07:51.153   701  3002 I SurfaceFlinger: id=17867 Removed Surface(name=e570848 Splash Screen com.driversapp)/@0x35af325 - animation-leash#0 (2/51)
12-19 13:07:51.153   701  3002 I SurfaceFlinger: id=17861 Removed e570848 Splash Screen com.driversapp#0 (1/50)
12-19 13:07:51.154  1525  3743 D WindowManager: finishDrawingWindow: Window{ffdeec6 u0 PopupWindow:877344d} mDrawState=DRAW_PENDING
12-19 13:07:51.156  1525  1925 I WindowManager: commitFinishDrawingLocked: mDrawState=READY_TO_SHOW Surface(name=PopupWindow:877344d[5449])/@0x40b3ed9
12-19 13:07:51.158  1525  1925 I WindowManager: commitFinishDrawingLocked: mDrawState=READY_TO_SHOW Surface(name=PopupWindow:877344d[5449])/@0x40b3ed9
12-19 13:07:51.158  1525  1925 V WindowManager: performShowLocked: mDrawState=HAS_DRAWN in Window{ffdeec6 u0 PopupWindow:877344d}
12-19 13:07:51.162  5449  5449 D ViewRootImpl@74dae50[PopupWindow:877344d]: MSG_RESIZED: frame=Rect(0, 72 - 1080, 151) ci=Rect(0, 0 - 0, 0) vi=Rect(0, 0 - 0, 0) or=1
12-19 13:07:51.162  5449  5449 D InputMethodManager: prepareNavigationBarInfo() DecorView@7e229f2[MainActivity]
12-19 13:07:51.162  5449  5449 D InputMethodManager: getNavigationBarColor() -855310
12-19 13:07:51.162  5449  5449 V InputMethodManager: Starting input: tba=com.driversapp ic=null mNaviBarColor -855310 mIsGetNaviBarColorSuccess true , NavVisible : true , NavTrans : false
12-19 13:07:51.162  5449  5449 D InputMethodManager: startInputInner - Id : 0
12-19 13:07:51.163   701   701 I Layer   : id=17861 onRemoved e570848 Splash Screen com.driversapp#0
12-19 13:07:51.163   701   701 I Layer   : id=17867 onRemoved Surface(name=e570848 Splash Screen com.driversapp)/@0x35af325 - animation-leash#0
12-19 13:07:51.163   701   701 I Layer   : id=17862 onRemoved Splash Screen com.driversapp#0
12-19 13:07:51.168   701   701 I SurfaceFlinger: Display 0 HWC layers:
12-19 13:07:51.168   701   701 I SurfaceFlinger:     type    |    handle    | flag |  format   |   source crop (l,t,r,b)    |         frame       | name
12-19 13:07:51.168   701   701 I SurfaceFlinger: ------------+--------------+------+-----------+----------------------------+---------------------+------
12-19 13:07:51.168   701   701 I SurfaceFlinger:      Device | 0x7b5e7d5c80 | 0002 | RGBA_8888 |   0.0    0.0 1080.0 2220.0 |    0    0 1080 2220 | com.driversapp/com.driversapp.MainActivity[5449]#0
12-19 13:07:51.168   701   701 I SurfaceFlinger:      Device | 0x7b5e7d5980 | 0000 | RGBA_8888 |   0.0    0.0 1080.0   79.0 |    0   72 1080  151 | PopupWindow:877344d[5449]#0
12-19 13:07:51.168   701   701 I SurfaceFlinger:      Device | 0x7b5d61ed00 | 0000 | RGBA_8888 |   0.0    0.0 1080.0   72.0 |    0    0 1080   72 | StatusBar[2135]#0
12-19 13:07:51.168   701   701 I SurfaceFlinger:      Device | 0x7b5e770b80 | 0000 | RGBA_8888 |   0.0    0.0   67.0  416.0 | 1013  276 1080  692 | com.samsung.android.app.cocktailbars[...]arservice.CocktailBarService[5840]#0
12-19 13:07:51.168   701   701 I SurfaceFlinger:      Device | 0x7b5d907700 | 0000 | RGBA_8888 |   0.0    0.0 1080.0   45.0 |    0 2175 1080 2220 | NavigationBar[2135]#0
12-19 13:07:51.168   701   701 I SurfaceFlinger:      Device | 0x7b60462000 | 0000 | RGBA_8888 |   0.0    0.0 1080.0  330.0 |    0 1890 1080 2220 |
12-19 13:07:51.168   701   701 I SurfaceFlinger: NavbarGestureHandler[2135]#0
12-19 13:07:51.168   701   701 I SurfaceFlinger:
12-19 13:07:51.169  3400  3400 D ViewRootImpl@208576a[LauncherActivity]: setWindowStopped(true) old=false
12-19 13:07:51.169  1525  3457 W ActivityManager: No permission grants found for com.google.android.apps.photos
12-19 13:07:51.169  3400  3400 D ViewRootImpl@208576a[LauncherActivity]: Surface release. android.view.WindowManagerGlobal.setStoppedState:669 android.app.Activity.performStop:7647 android.app.ActivityThread.callActivityOnStop:4402 android.app.ActivityThread.performStopActivityInner:4380 android.app.ActivityThread.handleStopActivity:4455 android.app.servertransaction.StopActivityItem.execute:41 android.app.servertransaction.TransactionExecutor.executeLifecycleState:145 android.app.servertransaction.TransactionExecutor.execute:70
12-19 13:07:51.169  3400  3400 D Launcher.AppsStage: onStopActivity
12-19 13:07:51.169  3400  3400 I Notification.Badge: removeNotificationsChangedListener
12-19 13:07:51.170  1525  3743 W ActivityManager: No permission grants found for com.google.android.apps.photos
12-19 13:07:51.171  3400  3400 D StageManager: saved stages : inStack [1, 2] , outStack[]
12-19 13:07:51.181  2337 25761 D ForegroundUtils: could not check pending caller
12-19 13:07:51.181  1525  1582 D CodecSolution: isMaxAspectPackageEx: com.driversapp : true(2)
12-19 13:07:51.286  1525  3743 I chatty  : uid=1000(system) Binder:1525_1B identical 5 lines
12-19 13:07:51.286  1525  3743 W ActivityManager: No permission grants found for com.google.android.apps.photos
12-19 13:07:51.311  1525  2296 D MdnieScenarioControlService:  packageName : com.driversapp    className : com.driversapp.MainActivity
12-19 13:07:51.311  1525  2296 V MdnieScenarioControlService: setUIMode from UI function(3)
12-19 13:07:51.330  1525  3743 W ActivityManager: No permission grants found for com.google.android.apps.photos
12-19 13:07:51.330  1525  3743 W ActivityManager: No permission grants found for com.google.android.apps.photos
12-19 13:07:51.343  1525  1525 D CustomFrequencyManagerService: releaseDVFSLockLocked : Getting Lock type frm List : DVFS_MIN_LIMIT  frequency : 1651200  uid : 1000  pid : 1525  tag : AMS_RESUME_TAIL@CPU_MIN@47
12-19 13:07:51.344  3814  3814 I ConnectSDK: Service shutdown msg received
12-19 13:07:51.375  1525  3743 W ActivityManager: No permission grants found for com.google.android.apps.photos
12-19 13:07:51.389  5449  5524 W unknown:BridgelessReact: ReactHost{0}.loadJSBundleFromMetro(): Creating BundleLoader
12-19 13:07:51.390  5449  5523 W unknown:BridgelessReact: ReactHost{0}.getOrCreateReactInstanceTask(): Creating BridgelessReactContext
12-19 13:07:51.392  5449  5523 W unknown:BridgelessReact: ReactHost{0}.getOrCreateReactInstanceTask(): Creating ReactInstance
12-19 13:07:51.394  5449  5526 D OpenGLRenderer: eglDestroySurface = 0x77f77da980, 0x77fd2fe000
12-19 13:07:51.394  5449  5449 D ViewRootImpl@74dae50[PopupWindow:877344d]: dispatchDetachedFromWindow
12-19 13:07:51.395  5449  5449 D ViewRootImpl@74dae50[PopupWindow:877344d]: Surface release. android.view.ViewRootImpl.doDie:7964 android.view.ViewRootImpl.die:7932 android.view.WindowManagerGlobal.removeViewLocked:497 android.view.WindowManagerGlobal.removeView:435 android.view.WindowManagerImpl.removeViewImmediate:124 android.widget.PopupWindow.dismissImmediate:2242 android.widget.PopupWindow.dismiss:2185 com.facebook.react.devsupport.DefaultDevLoadingViewImplementation.hideInternal:119
12-19 13:07:51.375  1525  3743 W ActivityManager: No permission grants found for com.google.android.apps.photos
12-19 13:07:51.396  1525  3743 V WindowManager: Remove Window{ffdeec6 u0 PopupWindow:877344d}: mSurfaceController=Surface(name=PopupWindow:877344d[5449])/@0x40b3ed9 mAnimatingExit=false mRemoveOnExit=false mHasSurface=true surfaceShowing=true isAnimationSet=false app-animation=false mWillReplaceWindow=false inPendingTransaction=false mDisplayFrozen=false callers=com.android.server.wm.WindowState.removeIfPossible:2751 com.android.server.wm.WindowManagerService.removeWindow:1980 com.android.server.wm.Session.remove:268 android.view.IWindowSession$Stub.onTransact:347 com.android.server.wm.Session.onTransact:186 android.os.Binder.execTransact:739
12-19 13:07:51.400  1525  3743 I WindowManager: Destroying surface Surface(name=PopupWindow:877344d[5449])/@0x40b3ed9 called by com.android.server.wm.WindowStateAnimator.destroySurface:1880 com.android.server.wm.WindowStateAnimator.destroySurfaceLocked:838 com.android.server.wm.WindowState.removeImmediately:2730 com.android.server.wm.WindowState.removeIfPossible:2880 com.android.server.wm.WindowState.removeIfPossible:2751 com.android.server.wm.WindowManagerService.removeWindow:1980 com.android.server.wm.Session.remove:268 android.view.IWindowSession$Stub.onTransact:347
12-19 13:07:51.401   701  1119 I SurfaceFlinger: id=17869 Removed PopupWindow:877344d[5449]#0 (0/49)
12-19 13:07:51.404   701  1119 I SurfaceFlinger: id=17868 Removed ffdeec6 PopupWindow:877344d#0 (1/48)
12-19 13:07:51.406  1525  3743 D InputTransport: Input channel destroyed: fd=937
12-19 13:07:51.407  5449  5449 D InputTransport: Input channel destroyed: fd=79
12-19 13:07:51.413   701   701 I Layer   : id=17868 onRemoved ffdeec6 PopupWindow:877344d#0
12-19 13:07:51.413   701   701 I Layer   : id=17869 onRemoved PopupWindow:877344d[5449]#0
12-19 13:07:51.417   701   701 I SurfaceFlinger: Display 0 HWC layers:
12-19 13:07:51.417   701   701 I SurfaceFlinger:     type    |    handle    | flag |  format   |   source crop (l,t,r,b)    |         frame       | name
12-19 13:07:51.417   701   701 I SurfaceFlinger: ------------+--------------+------+-----------+----------------------------+---------------------+------
12-19 13:07:51.417   701   701 I SurfaceFlinger:      Device | 0x7b5e7d5c80 | 0002 | RGBA_8888 |   0.0    0.0 1080.0 2220.0 |    0    0 1080 2220 | com.driversapp/com.driversapp.MainActivity[5449]#0
12-19 13:07:51.417   701   701 I SurfaceFlinger:      Device | 0x7b5d61ed00 | 0000 | RGBA_8888 |   0.0    0.0 1080.0   72.0 |    0    0 1080   72 | StatusBar[2135]#0
12-19 13:07:51.417   701   701 I SurfaceFlinger:      Device | 0x7b5e770b80 | 0000 | RGBA_8888 |   0.0    0.0   67.0  416.0 | 1013  276 1080  692 | com.samsung.android.app.cocktailbars[...]arservice.CocktailBarService[5840]#0
12-19 13:07:51.417   701   701 I SurfaceFlinger:      Device | 0x7b5d907700 | 0000 | RGBA_8888 |   0.0    0.0 1080.0   45.0 |    0 2175 1080 2220 | NavigationBar[2135]#0
12-19 13:07:51.417   701   701 I SurfaceFlinger:      Device | 0x7b60462000 | 0000 | RGBA_8888 |   0.0    0.0 1080.0  330.0 |    0 1890 1080 2220 | NavbarGestureHandler[2135]#0
12-19 13:07:51.417   701   701 I SurfaceFlinger:
12-19 13:07:51.439  5449  5523 W com.driversapp: Accessing hidden method Landroid/view/View;->setAnimationMatrix(Landroid/graphics/Matrix;)V (light greylist, linking)
12-19 13:07:51.439  5449  5449 W com.driversapp: Accessing hidden method Landroid/os/Trace;->asyncTraceBegin(JLjava/lang/String;I)V (light greylist, reflection)
12-19 13:07:51.439  5449  5449 W com.driversapp: Accessing hidden method Landroid/os/Trace;->asyncTraceEnd(JLjava/lang/String;I)V (light greylist, reflection)
12-19 13:07:51.439  5449  5449 W com.driversapp: Accessing hidden method Landroid/os/Trace;->traceCounter(JLjava/lang/String;I)V (light greylist, reflection)
12-19 13:07:51.451 18728 18743 I FontLog : (REDACTED) Received query %s, URI %s
12-19 13:07:51.451 18728 18743 I FontLog : (REDACTED) Query [%s] resolved to %s
12-19 13:07:51.484  5449  5523 W unknown:BridgelessReact: ReactHost{0}.getOrCreateReactInstanceTask(): Loading JS Bundle
12-19 13:07:51.485  5449  5523 W unknown:BridgelessReact: ReactHost{0}.getOrCreateReactInstanceTask(): DevSupportManager.onNewReactContextCreated()
12-19 13:07:51.491  5449  5449 W unknown:ReactNative: Packager connection already open, nooping.
12-19 13:07:51.492  5449  5523 W unknown:BridgelessReact: ReactHost{0}.startSurface(surfaceId = 0): Execute
12-19 13:07:51.492  1525  5534 D TspStateManagerInternal: update cmd=set_grip_data,1,40,10,10,0
12-19 13:07:51.492  5449  5449 W unknown:BridgelessReact: ReactHost{0}.ReactContext.onHostResume()
12-19 13:07:51.493  5449  5449 W unknown:BridgelessReact: ReactHost{0}.getOrCreateReactInstanceTask(): Executing ReactInstanceEventListeners
12-19 13:07:51.627 18728 18743 I FontLog : (REDACTED) Fetch %s end status %s
12-19 13:07:51.634  5449  5533 W com.driversapp: Accessing hidden method Landroid/graphics/FontFamily;-><init>()V (light greylist, reflection)
12-19 13:07:51.634  5449  5533 W com.driversapp: Accessing hidden method Landroid/graphics/FontFamily;->addFontFromAssetManager(Landroid/content/res/AssetManager;Ljava/lang/String;IZIII[Landroid/graphics/fonts/FontVariationAxis;)Z (light greylist, reflection)
12-19 13:07:51.634  5449  5533 W com.driversapp: Accessing hidden method Landroid/graphics/FontFamily;->addFontFromBuffer(Ljava/nio/ByteBuffer;I[Landroid/graphics/fonts/FontVariationAxis;II)Z (light greylist, reflection)
12-19 13:07:51.634  5449  5533 W com.driversapp: Accessing hidden method Landroid/graphics/FontFamily;->freeze()Z (light greylist, reflection)
12-19 13:07:51.634  5449  5533 W com.driversapp: Accessing hidden method Landroid/graphics/FontFamily;->abortCreation()V (light greylist, reflection)
12-19 13:07:51.634  5449  5533 W com.driversapp: Accessing hidden method Landroid/graphics/Typeface;->createFromFamiliesWithDefault([Landroid/graphics/FontFamily;Ljava/lang/String;II)Landroid/graphics/Typeface; (light greylist, reflection)
12-19 13:07:51.636 18728 18743 I FontLog : (REDACTED) Pulling font file for id = %d, cache size = %d
12-19 13:07:51.651  1525  3724 W ActivityManager: No permission grants found for com.google.android.apps.photos
12-19 13:07:51.648 18728 18743 I FontLog : (REDACTED) Pulling font file for id = %d, cache size = %d
12-19 13:07:51.799  1525  2019 D WifiPermissionsUtil: canAccessScanResults: pkgName = android, uid = 1000
12-19 13:07:51.800  2135  2135 D SecStatusBarWifiView: updateState: WifiIconState(resId=2131232629, visible=true, activityId=2131232654)
12-19 13:07:51.979  5449  5529 W com.driversapp: Unknown chunk type '200'.
12-19 13:07:51.983  5449  5529 I WebViewFactory: Loading com.android.chrome version 138.0.7204.179 (code 720417921)
12-19 13:07:51.984  5449  5529 W com.driversapp: Unknown chunk type '200'.
12-19 13:07:51.987  5449  5529 W linker  : Warning: "/data/app/com.android.chrome-Szj6E545foqfcrXg1K8fUg==/base.apk!/lib/arm64-v8a/libmonochrome.so" unused DT entry: unknown processor-specific (type 0x70000001 arg 0x0) (ignoring)
12-19 13:07:52.014  5449  5529 I com.driversapp: Rejecting re-init on previously-failed class java.lang.Class<P64>: java.lang.NoClassDefFoundError: Failed resolution of: Landroid/webkit/PacProcessor;
12-19 13:07:52.014  5449  5529 I com.driversapp:   at java.lang.Class java.lang.Class.classForName(java.lang.String, boolean, java.lang.ClassLoader) (Class.java:-2)
12-19 13:07:52.014  5449  5529 I com.driversapp:   at java.lang.Class java.lang.Class.forName(java.lang.String, boolean, java.lang.ClassLoader) (Class.java:453)
12-19 13:07:52.014  5449  5529 I com.driversapp:   at java.lang.Class android.webkit.WebViewFactory.getWebViewProviderClass(java.lang.ClassLoader) (WebViewFactory.java:176)
12-19 13:07:52.014  5449  5529 I com.driversapp:   at java.lang.Class android.webkit.WebViewFactory.getProviderClass() (WebViewFactory.java:459)
12-19 13:07:52.014  5449  5529 I com.driversapp:   at android.webkit.WebViewFactoryProvider android.webkit.WebViewFactory.getProvider() (WebViewFactory.java:251)
12-19 13:07:52.014  5449  5529 I com.driversapp:   at android.webkit.CookieManager android.webkit.CookieManager.getInstance() (CookieManager.java:40)
12-19 13:07:52.014  5449  5529 I com.driversapp:   at android.webkit.CookieManager com.facebook.react.modules.network.ForwardingCookieHandler.getCookieManager() (ForwardingCookieHandler.kt:73)
12-19 13:07:52.014  5449  5529 I com.driversapp:   at java.util.Map com.facebook.react.modules.network.ForwardingCookieHandler.get(java.net.URI, java.util.Map) (ForwardingCookieHandler.kt:30)
12-19 13:07:52.014  5449  5529 I com.driversapp:   at java.lang.String com.facebook.react.modules.websocket.WebSocketModule.getCookie(java.lang.String) (WebSocketModule.kt:348)
12-19 13:07:52.014  5449  5529 I com.driversapp:   at void com.facebook.react.modules.websocket.WebSocketModule.connect(java.lang.String, com.facebook.react.bridge.ReadableArray, com.facebook.react.bridge.ReadableMap, double) (WebSocketModule.kt:94)
12-19 13:07:52.014  5449  5529 I com.driversapp:   at void com.facebook.jni.NativeRunnable.run() (NativeRunnable.java:-2)
12-19 13:07:52.014  5449  5529 I com.driversapp:   at void android.os.Handler.handleCallback(android.os.Message) (Handler.java:873)
12-19 13:07:52.014  5449  5529 I com.driversapp:   at void android.os.Handler.dispatchMessage(android.os.Message) (Handler.java:99)
12-19 13:07:52.014  5449  5529 I com.driversapp:   at void com.facebook.react.bridge.queue.MessageQueueThreadHandler.dispatchMessage(android.os.Message) (MessageQueueThreadHandler.kt:21)
12-19 13:07:52.014  5449  5529 I com.driversapp:   at void android.os.Looper.loop() (Looper.java:214)
12-19 13:07:52.014  5449  5529 I com.driversapp:   at void com.facebook.react.bridge.queue.MessageQueueThreadImpl$Companion.startNewBackgroundThread$lambda$0(com.facebook.react.common.futures.SimpleSettableFuture) (MessageQueueThreadImpl.kt:152)
12-19 13:07:52.014  5449  5529 I com.driversapp:   at void com.facebook.react.bridge.queue.MessageQueueThreadImpl$Companion.$r8$lambda$YYXYCFexeoKtAeDpeNYkxZZlpbA(com.facebook.react.common.futures.SimpleSettableFuture) (MessageQueueThreadImpl.kt:-1)
12-19 13:07:52.014  5449  5529 I com.driversapp:   at void com.facebook.react.bridge.queue.MessageQueueThreadImpl$Companion$$ExternalSyntheticLambda0.run() (D8$$SyntheticClass:0)
12-19 13:07:52.014  5449  5529 I com.driversapp:   at void java.lang.Thread.run() (Thread.java:764)
12-19 13:07:52.014  5449  5529 I com.driversapp: Caused by: java.lang.ClassNotFoundException: Didn't find class "android.webkit.PacProcessor" on path: DexPathList[[zip file "/data/app/com.android.chrome-Szj6E545foqfcrXg1K8fUg==/base.apk"],nativeLibraryDirectories=[/data/app/com.android.chrome-Szj6E545foqfcrXg1K8fUg==/lib/arm64, /data/app/com.android.chrome-Szj6E545foqfcrXg1K8fUg==/base.apk!/lib/arm64-v8a, /system/lib64, /system/vendor/lib64]]
12-19 13:07:52.014  5449  5529 I com.driversapp:   at java.lang.Class dalvik.system.BaseDexClassLoader.findClass(java.lang.String) (BaseDexClassLoader.java:134)
12-19 13:07:52.014  5449  5529 I com.driversapp:   at java.lang.Class java.lang.ClassLoader.loadClass(java.lang.String, boolean) (ClassLoader.java:379)
12-19 13:07:52.014  5449  5529 I com.driversapp:   at java.lang.Class java.lang.ClassLoader.loadClass(java.lang.String) (ClassLoader.java:312)
12-19 13:07:52.014  5449  5529 I com.driversapp:   at java.lang.Class java.lang.Class.classForName(java.lang.String, boolean, java.lang.ClassLoader) (Class.java:-2)
12-19 13:07:52.014  5449  5529 I com.driversapp:   at java.lang.Class java.lang.Class.forName(java.lang.String, boolean, java.lang.ClassLoader) (Class.java:453)
12-19 13:07:52.014  5449  5529 I com.driversapp:   at java.lang.Class android.webkit.WebViewFactory.getWebViewProviderClass(java.lang.ClassLoader) (WebViewFactory.java:176)
12-19 13:07:52.014  5449  5529 I com.driversapp:   at java.lang.Class android.webkit.WebViewFactory.getProviderClass() (WebViewFactory.java:459)
12-19 13:07:52.014  5449  5529 I com.driversapp:   at android.webkit.WebViewFactoryProvider android.webkit.WebViewFactory.getProvider() (WebViewFactory.java:251)
12-19 13:07:52.014  5449  5529 I com.driversapp:   at android.webkit.CookieManager android.webkit.CookieManager.getInstance() (CookieManager.java:40)
12-19 13:07:52.014  5449  5529 I com.driversapp:   at android.webkit.CookieManager com.facebook.react.modules.network.ForwardingCookieHandler.getCookieManager() (ForwardingCookieHandler.kt:73)
12-19 13:07:52.014  5449  5529 I com.driversapp:   at java.util.Map com.facebook.react.modules.network.ForwardingCookieHandler.get(java.net.URI, java.util.Map) (ForwardingCookieHandler.kt:30)
12-19 13:07:52.014  5449  5529 I com.driversapp:   at java.lang.String com.facebook.react.modules.websocket.WebSocketModule.getCookie(java.lang.String) (WebSocketModule.kt:348)
12-19 13:07:52.014  5449  5529 I com.driversapp:   at void com.facebook.react.modules.websocket.WebSocketModule.connect(java.lang.String, com.facebook.react.bridge.ReadableArray, com.facebook.react.bridge.ReadableMap, double) (WebSocketModule.kt:94)
12-19 13:07:52.014  5449  5529 I com.driversapp:   at void com.facebook.jni.NativeRunnable.run() (NativeRunnable.java:-2)
12-19 13:07:52.014  5449  5529 I com.driversapp:   at void android.os.Handler.handleCallback(android.os.Message) (Handler.java:873)
12-19 13:07:52.014  5449  5529 I com.driversapp:   at void android.os.Handler.dispatchMessage(android.os.Message) (Handler.java:99)
12-19 13:07:52.014  5449  5529 I com.driversapp:   at void com.facebook.react.bridge.queue.MessageQueueThreadHandler.dispatchMessage(android.os.Message) (MessageQueueThreadHandler.kt:21)
12-19 13:07:52.014  5449  5529 I com.driversapp:   at void android.os.Looper.loop() (Looper.java:214)
12-19 13:07:52.014  5449  5529 I com.driversapp:   at void com.facebook.react.bridge.queue.MessageQueueThreadImpl$Companion.startNewBackgroundThread$lambda$0(com.facebook.react.common.futures.SimpleSettableFuture) (MessageQueueThreadImpl.kt:152)
12-19 13:07:52.014  5449  5529 I com.driversapp:   at void com.facebook.react.bridge.queue.MessageQueueThreadImpl$Companion.$r8$lambda$YYXYCFexeoKtAeDpeNYkxZZlpbA(com.facebook.react.common.futures.SimpleSettableFuture) (MessageQueueThreadImpl.kt:-1)
12-19 13:07:52.014  5449  5529 I com.driversapp:   at void com.facebook.react.bridge.queue.MessageQueueThreadImpl$Companion$$ExternalSyntheticLambda0.run() (D8$$SyntheticClass:0)
12-19 13:07:52.014  5449  5529 I com.driversapp:   at void java.lang.Thread.run() (Thread.java:764)
12-19 13:07:52.014  5449  5529 I com.driversapp:
12-19 13:07:52.014  5449  5529 I com.driversapp: Rejecting re-init on previously-failed class java.lang.Class<P64>: java.lang.NoClassDefFoundError: Failed resolution of: Landroid/webkit/PacProcessor;
12-19 13:07:52.014  5449  5529 I com.driversapp:   at java.lang.Class java.lang.Class.classForName(java.lang.String, boolean, java.lang.ClassLoader) (Class.java:-2)
12-19 13:07:52.014  5449  5529 I com.driversapp:   at java.lang.Class java.lang.Class.forName(java.lang.String, boolean, java.lang.ClassLoader) (Class.java:453)
12-19 13:07:52.014  5449  5529 I com.driversapp:   at java.lang.Class android.webkit.WebViewFactory.getWebViewProviderClass(java.lang.ClassLoader) (WebViewFactory.java:176)
12-19 13:07:52.014  5449  5529 I com.driversapp:   at java.lang.Class android.webkit.WebViewFactory.getProviderClass() (WebViewFactory.java:459)
12-19 13:07:52.014  5449  5529 I com.driversapp:   at android.webkit.WebViewFactoryProvider android.webkit.WebViewFactory.getProvider() (WebViewFactory.java:251)
12-19 13:07:52.014  5449  5529 I com.driversapp:   at android.webkit.CookieManager android.webkit.CookieManager.getInstance() (CookieManager.java:40)
12-19 13:07:52.014  5449  5529 I com.driversapp:   at android.webkit.CookieManager com.facebook.react.modules.network.ForwardingCookieHandler.getCookieManager() (ForwardingCookieHandler.kt:73)
12-19 13:07:52.014  5449  5529 I com.driversapp:   at java.util.Map com.facebook.react.modules.network.ForwardingCookieHandler.get(java.net.URI, java.util.Map) (ForwardingCookieHandler.kt:30)
12-19 13:07:52.014  5449  5529 I com.driversapp:   at java.lang.String com.facebook.react.modules.websocket.WebSocketModule.getCookie(java.lang.String) (WebSocketModule.kt:348)
12-19 13:07:52.014  5449  5529 I com.driversapp:   at void com.facebook.react.modules.websocket.WebSocketModule.connect(java.lang.String, com.facebook.react.bridge.ReadableArray, com.facebook.react.bridge.ReadableMap, double) (WebSocketModule.kt:94)
12-19 13:07:52.014  5449  5529 I com.driversapp:   at void com.facebook.jni.NativeRunnable.run() (NativeRunnable.java:-2)
12-19 13:07:52.014  5449  5529 I com.driversapp:   at void android.os.Handler.handleCallback(android.os.Message) (Handler.java:873)
12-19 13:07:52.014  5449  5529 I com.driversapp:   at void android.os.Handler.dispatchMessage(android.os.Message) (Handler.java:99)
12-19 13:07:52.014  5449  5529 I com.driversapp:   at void com.facebook.react.bridge.queue.MessageQueueThreadHandler.dispatchMessage(android.os.Message) (MessageQueueThreadHandler.kt:21)
12-19 13:07:52.014  5449  5529 I com.driversapp:   at void android.os.Looper.loop() (Looper.java:214)
12-19 13:07:52.014  5449  5529 I com.driversapp:   at void com.facebook.react.bridge.queue.MessageQueueThreadImpl$Companion.startNewBackgroundThread$lambda$0(com.facebook.react.common.futures.SimpleSettableFuture) (MessageQueueThreadImpl.kt:152)
12-19 13:07:52.014  5449  5529 I com.driversapp:   at void com.facebook.react.bridge.queue.MessageQueueThreadImpl$Companion.$r8$lambda$YYXYCFexeoKtAeDpeNYkxZZlpbA(com.facebook.react.common.futures.SimpleSettableFuture) (MessageQueueThreadImpl.kt:-1)
12-19 13:07:52.014  5449  5529 I com.driversapp:   at void com.facebook.react.bridge.queue.MessageQueueThreadImpl$Companion$$ExternalSyntheticLambda0.run() (D8$$SyntheticClass:0)
12-19 13:07:52.014  5449  5529 I com.driversapp:   at void java.lang.Thread.run() (Thread.java:764)
12-19 13:07:52.014  5449  5529 I com.driversapp: Caused by: java.lang.ClassNotFoundException: Didn't find class "android.webkit.PacProcessor" on path: DexPathList[[zip file "/data/app/com.android.chrome-Szj6E545foqfcrXg1K8fUg==/base.apk"],nativeLibraryDirectories=[/data/app/com.android.chrome-Szj6E545foqfcrXg1K8fUg==/lib/arm64, /data/app/com.android.chrome-Szj6E545foqfcrXg1K8fUg==/base.apk!/lib/arm64-v8a, /system/lib64, /system/vendor/lib64]]
12-19 13:07:52.014  5449  5529 I com.driversapp:   at java.lang.Class dalvik.system.BaseDexClassLoader.findClass(java.lang.String) (BaseDexClassLoader.java:134)
12-19 13:07:52.014  5449  5529 I com.driversapp:   at java.lang.Class java.lang.ClassLoader.loadClass(java.lang.String, boolean) (ClassLoader.java:379)
12-19 13:07:52.014  5449  5529 I com.driversapp:   at java.lang.Class java.lang.ClassLoader.loadClass(java.lang.String) (ClassLoader.java:312)
12-19 13:07:52.014  5449  5529 I com.driversapp:   at java.lang.Class java.lang.Class.classForName(java.lang.String, boolean, java.lang.ClassLoader) (Class.java:-2)
12-19 13:07:52.014  5449  5529 I com.driversapp:   at java.lang.Class java.lang.Class.forName(java.lang.String, boolean, java.lang.ClassLoader) (Class.java:453)
12-19 13:07:52.015  5449  5529 I com.driversapp:   at java.lang.Class android.webkit.WebViewFactory.getWebViewProviderClass(java.lang.ClassLoader) (WebViewFactory.java:176)
12-19 13:07:52.015  5449  5529 I com.driversapp:   at java.lang.Class android.webkit.WebViewFactory.getProviderClass() (WebViewFactory.java:459)
12-19 13:07:52.015  5449  5529 I com.driversapp:   at android.webkit.WebViewFactoryProvider android.webkit.WebViewFactory.getProvider() (WebViewFactory.java:251)
12-19 13:07:52.015  5449  5529 I com.driversapp:   at android.webkit.CookieManager android.webkit.CookieManager.getInstance() (CookieManager.java:40)
12-19 13:07:52.015  5449  5529 I com.driversapp:   at android.webkit.CookieManager com.facebook.react.modules.network.ForwardingCookieHandler.getCookieManager() (ForwardingCookieHandler.kt:73)
12-19 13:07:52.015  5449  5529 I com.driversapp:   at java.util.Map com.facebook.react.modules.network.ForwardingCookieHandler.get(java.net.URI, java.util.Map) (ForwardingCookieHandler.kt:30)
12-19 13:07:52.015  5449  5529 I com.driversapp:   at java.lang.String com.facebook.react.modules.websocket.WebSocketModule.getCookie(java.lang.String) (WebSocketModule.kt:348)
12-19 13:07:52.015  5449  5529 I com.driversapp:   at void com.facebook.react.modules.websocket.WebSocketModule.connect(java.lang.String, com.facebook.react.bridge.ReadableArray, com.facebook.react.bridge.ReadableMap, double) (WebSocketModule.kt:94)
12-19 13:07:52.015  5449  5529 I com.driversapp:   at void com.facebook.jni.NativeRunnable.run() (NativeRunnable.java:-2)
12-19 13:07:52.015  5449  5529 I com.driversapp:   at void android.os.Handler.handleCallback(android.os.Message) (Handler.java:873)
12-19 13:07:52.015  5449  5529 I com.driversapp:   at void android.os.Handler.dispatchMessage(android.os.Message) (Handler.java:99)
12-19 13:07:52.015  5449  5529 I com.driversapp:   at void com.facebook.react.bridge.queue.MessageQueueThreadHandler.dispatchMessage(android.os.Message) (MessageQueueThreadHandler.kt:21)
12-19 13:07:52.015  5449  5529 I com.driversapp:   at void android.os.Looper.loop() (Looper.java:214)
12-19 13:07:52.015  5449  5529 I com.driversapp:   at void com.facebook.react.bridge.queue.MessageQueueThreadImpl$Companion.startNewBackgroundThread$lambda$0(com.facebook.react.common.futures.SimpleSettableFuture) (MessageQueueThreadImpl.kt:152)
12-19 13:07:52.015  5449  5529 I com.driversapp:   at void com.facebook.react.bridge.queue.MessageQueueThreadImpl$Companion.$r8$lambda$YYXYCFexeoKtAeDpeNYkxZZlpbA(com.facebook.react.common.futures.SimpleSettableFuture) (MessageQueueThreadImpl.kt:-1)
12-19 13:07:52.015  5449  5529 I com.driversapp:   at void com.facebook.react.bridge.queue.MessageQueueThreadImpl$Companion$$ExternalSyntheticLambda0.run() (D8$$SyntheticClass:0)
12-19 13:07:52.015  5449  5529 I com.driversapp:   at void java.lang.Thread.run() (Thread.java:764)
12-19 13:07:52.015  5449  5529 I com.driversapp:
12-19 13:07:52.016  5449  5529 I com.driversapp: Rejecting re-init on previously-failed class java.lang.Class<P64>: java.lang.NoClassDefFoundError: Failed resolution of: Landroid/webkit/PacProcessor;
12-19 13:07:52.016  5449  5529 I com.driversapp:   at java.lang.Class java.lang.Class.classForName(java.lang.String, boolean, java.lang.ClassLoader) (Class.java:-2)
12-19 13:07:52.016  5449  5529 I com.driversapp:   at java.lang.Class java.lang.Class.forName(java.lang.String, boolean, java.lang.ClassLoader) (Class.java:453)
12-19 13:07:52.016  5449  5529 I com.driversapp:   at java.lang.Class android.webkit.WebViewFactory.getWebViewProviderClass(java.lang.ClassLoader) (WebViewFactory.java:176)
12-19 13:07:52.016  5449  5529 I com.driversapp:   at java.lang.Class android.webkit.WebViewFactory.getProviderClass() (WebViewFactory.java:459)
12-19 13:07:52.016  5449  5529 I com.driversapp:   at android.webkit.WebViewFactoryProvider android.webkit.WebViewFactory.getProvider() (WebViewFactory.java:251)
12-19 13:07:52.016  5449  5529 I com.driversapp:   at android.webkit.CookieManager android.webkit.CookieManager.getInstance() (CookieManager.java:40)
12-19 13:07:52.016  5449  5529 I com.driversapp:   at android.webkit.CookieManager com.facebook.react.modules.network.ForwardingCookieHandler.getCookieManager() (ForwardingCookieHandler.kt:73)
12-19 13:07:52.016  5449  5529 I com.driversapp:   at java.util.Map com.facebook.react.modules.network.ForwardingCookieHandler.get(java.net.URI, java.util.Map) (ForwardingCookieHandler.kt:30)
12-19 13:07:52.016  5449  5529 I com.driversapp:   at java.lang.String com.facebook.react.modules.websocket.WebSocketModule.getCookie(java.lang.String) (WebSocketModule.kt:348)
12-19 13:07:52.016  5449  5529 I com.driversapp:   at void com.facebook.react.modules.websocket.WebSocketModule.connect(java.lang.String, com.facebook.react.bridge.ReadableArray, com.facebook.react.bridge.ReadableMap, double) (WebSocketModule.kt:94)
12-19 13:07:52.016  5449  5529 I com.driversapp:   at void com.facebook.jni.NativeRunnable.run() (NativeRunnable.java:-2)
12-19 13:07:52.016  5449  5529 I com.driversapp:   at void android.os.Handler.handleCallback(android.os.Message) (Handler.java:873)
12-19 13:07:52.016  5449  5529 I com.driversapp:   at void android.os.Handler.dispatchMessage(android.os.Message) (Handler.java:99)
12-19 13:07:52.016  5449  5529 I com.driversapp:   at void com.facebook.react.bridge.queue.MessageQueueThreadHandler.dispatchMessage(android.os.Message) (MessageQueueThreadHandler.kt:21)
12-19 13:07:52.016  5449  5529 I com.driversapp:   at void android.os.Looper.loop() (Looper.java:214)
12-19 13:07:52.016  5449  5529 I com.driversapp:   at void com.facebook.react.bridge.queue.MessageQueueThreadImpl$Companion.startNewBackgroundThread$lambda$0(com.facebook.react.common.futures.SimpleSettableFuture) (MessageQueueThreadImpl.kt:152)
12-19 13:07:52.016  5449  5529 I com.driversapp:   at void com.facebook.react.bridge.queue.MessageQueueThreadImpl$Companion.$r8$lambda$YYXYCFexeoKtAeDpeNYkxZZlpbA(com.facebook.react.common.futures.SimpleSettableFuture) (MessageQueueThreadImpl.kt:-1)
12-19 13:07:52.016  5449  5529 I com.driversapp:   at void com.facebook.react.bridge.queue.MessageQueueThreadImpl$Companion$$ExternalSyntheticLambda0.run() (D8$$SyntheticClass:0)
12-19 13:07:52.016  5449  5529 I com.driversapp:   at void java.lang.Thread.run() (Thread.java:764)
12-19 13:07:52.016  5449  5529 I com.driversapp: Caused by: java.lang.ClassNotFoundException: Didn't find class "android.webkit.PacProcessor" on path: DexPathList[[zip file "/data/app/com.android.chrome-Szj6E545foqfcrXg1K8fUg==/base.apk"],nativeLibraryDirectories=[/data/app/com.android.chrome-Szj6E545foqfcrXg1K8fUg==/lib/arm64, /data/app/com.android.chrome-Szj6E545foqfcrXg1K8fUg==/base.apk!/lib/arm64-v8a, /system/lib64, /system/vendor/lib64]]
12-19 13:07:52.016  5449  5529 I com.driversapp:   at java.lang.Class dalvik.system.BaseDexClassLoader.findClass(java.lang.String) (BaseDexClassLoader.java:134)
12-19 13:07:52.016  5449  5529 I com.driversapp:   at java.lang.Class java.lang.ClassLoader.loadClass(java.lang.String, boolean) (ClassLoader.java:379)
12-19 13:07:52.016  5449  5529 I com.driversapp:   at java.lang.Class java.lang.ClassLoader.loadClass(java.lang.String) (ClassLoader.java:312)
12-19 13:07:52.016  5449  5529 I com.driversapp:   at java.lang.Class java.lang.Class.classForName(java.lang.String, boolean, java.lang.ClassLoader) (Class.java:-2)
12-19 13:07:52.016  5449  5529 I com.driversapp:   at java.lang.Class java.lang.Class.forName(java.lang.String, boolean, java.lang.ClassLoader) (Class.java:453)
