12-19 13:07:55.275  1525  3724 D InputTransport: Input channel destroyed: fd=1040
12-19 13:07:55.276  1525  2333 V WindowManager: Remove Window{abcd033 u0 com.driversapp/com.driversapp.MainActivity}: mSurfaceController=Surface(name=com.driversapp/com.driversapp.MainActivity[5449])/@0x4465ff0 mAnimatingExit=false mRemoveOnExit=false mHasSurface=true surfaceShowing=true isAnimationSet=true app-animation=true mWillReplaceWindow=false inPendingTransaction=true mDisplayFrozen=false callers=com.android.server.wm.WindowState.access$300:281 com.android.server.wm.WindowState$DeathRecipient.binderDied:3340 android.os.BinderProxy.sendDeathNotice:1211 <bottom of call stack> <bottom of call stack> <bottom of call stack>
12-19 13:07:55.276  3814  3814 D InputTransport: Input channel destroyed: fd=90
12-19 13:07:55.277  1525  2333 V WindowManager: Changing focus from Window{abcd033 u0 com.driversapp/com.driversapp.MainActivity EXITING} to null Callers=com.android.server.wm.WindowState.setupWindowForRemoveOnExit:2901 com.android.server.wm.WindowState.removeIfPossible:2872 com.android.server.wm.WindowState.access$300:281 com.android.server.wm.WindowState$DeathRecipient.binderDied:3340
12-19 13:07:55.278  1525  2333 D InputDispatcher: Focus left window (5449): abcd033 0
12-19 13:07:55.278  1525  2333 D InputTransport: Input channel destroyed: fd=1045
12-19 13:07:55.281  1525  2845 D SensorService: Calling activate off
12-19 13:07:55.284  1525  1591 D WindowManager: reportFocusChangedSerialized, focused=false, inTouchMode=true, win=Window{abcd033 u0 com.driversapp/com.driversapp.MainActivity EXITING}
12-19 13:07:55.298  1525  2020 I WifiVendorHal: getWifiLinkLayerStats(l.2973) after calling iface.getLinkLayerStats
12-19 13:07:55.339  1525  1591 E WindowManager: RemoteException occurs on reporting focusChanged, w=Window{abcd033 u0 com.driversapp/com.driversapp.MainActivity EXITING}
12-19 13:07:55.339  1525  1591 E WindowManager: android.os.DeadObjectException
12-19 13:07:55.339  1525  1591 E WindowManager:         at android.os.BinderProxy.transactNative(Native Method)
12-19 13:07:55.339  1525  1591 E WindowManager:         at android.os.BinderProxy.transact(Binder.java:1145)
12-19 13:07:55.339  1525  1591 E WindowManager:         at android.view.IWindow$Stub$Proxy.windowFocusChanged(IWindow.java:500)
12-19 13:07:55.339  1525  1591 E WindowManager:         at com.android.server.wm.WindowState.reportFocusChangedSerialized(WindowState.java:3927)
12-19 13:07:55.339  1525  1591 E WindowManager:         at com.android.server.wm.WindowManagerService$H.handleMessage(WindowManagerService.java:5507)
12-19 13:07:55.339  1525  1591 E WindowManager:         at android.os.Handler.dispatchMessage(Handler.java:106)
12-19 13:07:55.339  1525  1591 E WindowManager:         at android.os.Looper.loop(Looper.java:214)
12-19 13:07:55.339  1525  1591 E WindowManager:         at android.os.HandlerThread.run(HandlerThread.java:65)
12-19 13:07:55.339  1525  1591 E WindowManager:         at com.android.server.ServiceThread.run(ServiceThread.java:44)
12-19 13:07:55.342  1525  2020 I WifiStateMachine: checkScoreBasedQuality -  mPreviousScore[0]:82 mPreviousScore[1]:84 mPreviousScore[2]:80 s2Score:80mPrevoiusScoreAverage:82
12-19 13:07:55.349  1525  5557 W ActivityManager: Exception thrown during pause
12-19 13:07:55.349  1525  5557 W ActivityManager: android.os.DeadObjectException
12-19 13:07:55.349  1525  5557 W ActivityManager:       at android.os.BinderProxy.transactNative(Native Method)
12-19 13:07:55.349  1525  5557 W ActivityManager:       at android.os.BinderProxy.transact(Binder.java:1145)
12-19 13:07:55.349  1525  5557 W ActivityManager:       at android.app.IApplicationThread$Stub$Proxy.scheduleTransaction(IApplicationThread.java:1897)
12-19 13:07:55.349  1525  5557 W ActivityManager:       at android.app.servertransaction.ClientTransaction.schedule(ClientTransaction.java:129)
12-19 13:07:55.349  1525  5557 W ActivityManager:       at com.android.server.am.ClientLifecycleManager.scheduleTransaction(ClientLifecycleManager.java:47)
12-19 13:07:55.349  1525  5557 W ActivityManager:       at com.android.server.am.ClientLifecycleManager.scheduleTransaction(ClientLifecycleManager.java:69)
12-19 13:07:55.349  1525  5557 W ActivityManager:       at com.android.server.am.ActivityStack.startPausingLocked(ActivityStack.java:1762)
12-19 13:07:55.349  1525  5557 W ActivityManager:       at com.android.server.am.ActivityStack.finishActivityLocked(ActivityStack.java:4347)
12-19 13:07:55.349  1525  5557 W ActivityManager:       at com.android.server.am.ActivityStack.finishActivityLocked(ActivityStack.java:4268)
12-19 13:07:55.349  1525  5557 W ActivityManager:       at com.android.server.am.ActivityStack.finishTopCrashedActivityLocked(ActivityStack.java:4151)
12-19 13:07:55.349  1525  5557 W ActivityManager:       at com.android.server.am.ActivityStackSupervisor.finishTopCrashedActivitiesLocked(ActivityStackSupervisor.java:2676)
12-19 13:07:55.349  1525  5557 W ActivityManager:       at com.android.server.am.AppErrors.handleAppCrashLocked(AppErrors.java:906)
12-19 13:07:55.349  1525  5557 W ActivityManager:       at com.android.server.am.AppErrors.makeAppCrashingLocked(AppErrors.java:730)
12-19 13:07:55.349  1525  5557 W ActivityManager:       at com.android.server.am.AppErrors.crashApplicationInner(AppErrors.java:574)
12-19 13:07:55.349  1525  5557 W ActivityManager:       at com.android.server.am.AppErrors.crashApplication(AppErrors.java:467)
12-19 13:07:55.349  1525  5557 W ActivityManager:       at com.android.server.am.ActivityManagerService.handleApplicationCrashInner(ActivityManagerService.java:19403)
12-19 13:07:55.349  1525  5557 W ActivityManager:       at com.android.server.am.NativeCrashListener$NativeCrashReporter.run(NativeCrashListener.java:91)
12-19 13:07:55.351  1525  5557 D CustomFrequencyManagerService: acquireDVFSLockLocked : type : DVFS_MIN_LIMIT  frequency : 2361600  uid : 1000  pid : 1525  pkgName : AMS_APP_HOME@CPU_MIN@21
12-19 13:07:55.352  1525  5557 D ActivityManagerPerformance: AMP_acquire() HOME
12-19 13:07:55.353  1525  5557 V WindowManager: Setting visibility of Window{fd3f313 u0 com.sec.android.app.launcher/com.sec.android.app.launcher.activities.LauncherActivity}: true, caller=com.android.server.wm.WindowContainer.sendAppVisibilityToClients:616 com.android.server.wm.AppWindowToken.setClientHidden:461 com.android.server.wm.AppWindowContainerController.setVisibility:440 com.android.server.am.ActivityRecord.setVisibility:1894 com.android.server.am.ActivityStack.resumeTopActivityInnerLocked:3077
12-19 13:07:55.354  1525  5557 D InputDispatcher: Focused application set to: 419f42f
12-19 13:07:55.357   700   700 E lmkd    : Error opening /proc/5449/oom_score_adj; errno=2
12-19 13:07:55.357  1525  5557 V WindowOrientationListener: getProposedRotation :-1
12-19 13:07:55.357  1525  5557 V WindowManager: rotationForOrientationLw(orient=5, last=0); user=0 USER_ROTATION_LOCKED sensorRotation=-1 mLidState=-1 mDockMode=0 mHdmiPlugged=false
12-19 13:07:55.362  1525  5557 D GameManagerService: noteResumeComponent(), resumeComponent: com.sec.android.app.launcher
12-19 13:07:55.362  1525  2114 D GameManagerService: handleForegroundChange(). pkgName: com.sec.android.app.launcher, clsName: com.android.launcher3.infra.activity.Launcher,FgActivityName:com.sec.android.app.launcher/com.android.launcher3.infra.activity.Launcher,userID:0
12-19 13:07:55.362  1525  5557 D GamePkgDataHelper: getSosPolicy(). com.sec.android.app.launcher
12-19 13:07:55.362  1525  2114 D GameManagerService:   handleForegroundChange(). set mFgApp: com.sec.android.app.launcher
12-19 13:07:55.362  1525  2114 D GameManagerService: notifyResumePause(). pkg: com.sec.android.app.launcher, type: 4, isMinimized: false, isTunableApp: false
12-19 13:07:55.362  1525  2114 D GameManagerService:   notifyResumePause(). unexpected mPrevNotiType: -1
12-19 13:07:55.362  1525  5557 D MARsPolicyManager: onPackageResumedFG pkgName = com.sec.android.app.launcher, userId = 0
12-19 13:07:55.362  1525  3724 D GamePkgDataHelper: getGamePkgDataIncServer(). com.sec.android.app.launcher
12-19 13:07:55.366  1525  1581 D StorageManagerService: getExternalStorageMountMode : 3
12-19 13:07:55.366  1525  1581 D StorageManagerService: getExternalStorageMountMode : 3
12-19 13:07:55.367  1525  1581 D StorageManagerService: getExternalStorageMountMode : final mountMode=3, uid : 1000, packageName : com.samsung.android.lool
12-19 13:07:55.367  1525  1581 I ApplicationPolicy: isApplicationExternalStorageWhitelisted:com.samsung.android.lool user:0
12-19 13:07:55.367  1525  1581 D ApplicationPolicy: isApplicationExternalStorageWhitelisted: DO is not enabled on user 0. Allowed.
12-19 13:07:55.367  1525  1581 D ActivityManager: package  com.samsung.android.lool, user - 0 is SDcard whitelisted
12-19 13:07:55.367  1525  1581 I ApplicationPolicy: isApplicationExternalStorageBlacklisted:com.samsung.android.lool user:0
12-19 13:07:55.367  1525  1581 D ApplicationPolicy: isApplicationExternalStorageBlacklisted: DO is not enabled on user 0. Allowed.
12-19 13:07:55.367  1525  1581 I ApplicationPolicy: isApplicationExternalStorageBlacklisted:com.samsung.android.lool user:0
12-19 13:07:55.367  1525  1581 D ApplicationPolicy: isApplicationExternalStorageBlacklisted: DO is not enabled on user 0. Allowed.
12-19 13:07:55.367  1525  3457 I ActivityManager: Process com.driversapp (pid 5449) has died: vis  +99TOP (316,1152)
12-19 13:07:55.368  1525  1584 W libprocessgroup: kill(-5449, 9) failed: No such process
12-19 13:07:55.368  1525  1584 I libprocessgroup: Successfully killed process cgroup uid 10278 pid 5449 in 0ms
12-19 13:07:55.371  1525  3457 V WindowManager: Setting visibility of Window{abcd033 u0 com.driversapp/com.driversapp.MainActivity EXITING}: false, caller=com.android.server.wm.WindowContainer.sendAppVisibilityToClients:616 com.android.server.wm.AppWindowToken.setClientHidden:461 com.android.server.wm.AppWindowToken.onAnimationFinished:2398 com.android.server.wm.AppWindowToken.setVisibility:552 com.android.server.wm.AppWindowToken.onRemovedFromDisplay:767
12-19 13:07:55.371  1525  3457 E WindowManager: win=Window{abcd033 u0 com.driversapp/com.driversapp.MainActivity EXITING} destroySurfaces: appStopped=false win.mWindowRemovalAllowed=true win.mRemoveOnExit=true win.mViewVisibility=0 caller=com.android.server.wm.AppWindowToken.destroySurfaces:871 com.android.server.wm.AppWindowToken.destroySurfaces:852 com.android.server.wm.WindowState.onExitAnimationDone:5419 com.android.server.wm.-$$Lambda$01bPtngJg5AqEoOWfW3rWfV7MH4.accept:2 java.util.ArrayList.forEach:1262 com.android.server.wm.AppWindowToken.onAnimationFinished:2413 com.android.server.wm.AppWindowToken.setVisibility:552
12-19 13:07:55.371  1525  3457 I WindowManager: Destroying surface Surface(name=com.driversapp/com.driversapp.MainActivity[5449])/@0x4465ff0 called by com.android.server.wm.WindowStateAnimator.destroySurface:1880 com.android.server.wm.WindowStateAnimator.destroySurfaceLocked:838 com.android.server.wm.WindowState.destroySurfaceUnchecked:3823 com.android.server.wm.WindowState.destroySurface:3804 com.android.server.wm.AppWindowToken.destroySurfaces:871 com.android.server.wm.AppWindowToken.destroySurfaces:852 com.android.server.wm.WindowState.onExitAnimationDone:5419 com.android.server.wm.-$$Lambda$01bPtngJg5AqEoOWfW3rWfV7MH4.accept:2
12-19 13:07:55.371   701  1119 I SurfaceFlinger: id=17866 Removed com.driversapp/com.driversapp.MainActivity[5449]#0 (0/47)
12-19 13:07:55.372  3400  3400 I Launcher: onWindowVisibilityChanged : false
12-19 13:07:55.373   701  3002 W SurfaceFlinger: Attempting to set client state on removed layer: com.driversapp/com.driversapp.MainActivity[5449]#0 [s.what : 40]
12-19 13:07:55.373   701  3002 I SurfaceFlinger: id=17865 Removed abcd033 com.driversapp/com.driversapp.MainActivity#0 (0/46)
12-19 13:07:55.374   701  3002 W SurfaceFlinger: Attempting to destroy on removed layer: com.driversapp/com.driversapp.MainActivity[5449]#0
12-19 13:07:55.374  1525  3457 I WindowManager: Cancelling animation restarting=false, leash=null, surface=Surface(name=AppWindowToken{63dd5d7 token=Token{886156 ActivityRecord{ec5ff71 u0 com.driversapp/.MainActivity t314}}})/@0xf340a51, parent=Surface(name=Task=314)/@0xff342b6
12-19 13:07:55.375   701  3002 I SurfaceFlinger: id=17860 Removed AppWindowToken{63dd5d7 token=Token{886156 ActivityRecord{ec5ff71 u0 com.driversapp/.MainActivity t314}}}#0 (0/45)
12-19 13:07:55.378  1525  3735 V WindowManager: Relayout Window{fd3f313 u0 com.sec.android.app.launcher/com.sec.android.app.launcher.activities.LauncherActivity}: viewVisibility=4 req=1080x2220 {(0,0)(fillxfill) sim={adjust=nothing} layoutInDisplayCutoutMode=always ty=BASE_APPLICATION fmt=TRANSPARENT wanim=0x10302ec
12-19 13:07:55.378  1525  3735 V WindowManager:   fl=DIM_BEHIND LAYOUT_IN_SCREEN FULLSCREEN FORCE_NOT_FULLSCREEN LAYOUT_INSET_DECOR SHOW_WALLPAPER SPLIT_TOUCH HARDWARE_ACCELERATED DRAWS_SYSTEM_BAR_BACKGROUNDS
12-19 13:07:55.378  1525  3735 V WindowManager:   pfl=FORCE_DRAW_STATUS_BAR_BACKGROUND
12-19 13:07:55.378  1525  3735 V WindowManager:   vsysui=LAYOUT_STABLE LAYOUT_HIDE_NAVIGATION LAYOUT_FULLSCREEN dimDuration=344 naviIconColor=0
12-19 13:07:55.378  1525  3735 V WindowManager:   sfl=CHANGE_DIM_EFFECT_TO_BLUR}
12-19 13:07:55.381  3400  3400 D ViewRootImpl@208576a[LauncherActivity]: Relayout returned: old=[0,0][1080,2220] new=[0,0][1080,2220] result=0x1 surface={valid=false 0} changed=false
12-19 13:07:55.381   701  1119 I SurfaceFlinger: id=17859 Removed Task=314#0 (1/44)
12-19 13:07:55.381  3400  3400 D ViewRootImpl@208576a[LauncherActivity]: setWindowStopped(false) old=true
12-19 13:07:55.381  3400  3400 D TrayManager: TrayManagerImp:resetMoving() mMoved: false
12-19 13:07:55.381  3400  3400 D TrayManager: TrayManagerImp:setTrayTranslationY() current: Underground dest: Overground
12-19 13:07:55.382  3400  3400 D TrayManager: send changed offset. sender: Overground current: Underground dest: Overground
12-19 13:07:55.382  3400  3400 D HomeContainer: setAlpha : 0.0 visibility : 8
12-19 13:07:55.384   701  1119 I SurfaceFlinger: id=17858 Removed animation background stackId=296#0 (0/43)
12-19 13:07:55.385   701  1119 I SurfaceFlinger: id=17857 Removed Stack=296#0 (4/42)
12-19 13:07:55.387  1525  1525 D MdnieScenarioControlService: MultiWindowState : false
12-19 13:07:55.387  1525  1525 D CS_HdrController: updateMultiWindowState : 0
12-19 13:07:55.388  1525  1525 D GameManagerService: MultiWindowEventListener.onFocusStackChanged(), state=0, top=ComponentInfo{com.sec.android.app.launcher/com.sec.android.app.launcher.activities.LauncherActivity}
12-19 13:07:55.388  1525  1525 W Looper  : Slow dispatch took 115ms main h=com.android.server.am.MultiWindowManagerService$H c=null m=201
12-19 13:07:55.388  3400  3400 D ViewRootImpl@208576a[LauncherActivity]: setWindowStopped(false) old=false
12-19 13:07:55.388  3400  3400 V Launcher: Launcher.onResume()
12-19 13:07:55.388  3400  3400 D Launcher: !@Boot_DEBUG: Launcher.onResume()
12-19 13:07:55.388  1525  1525 W Looper  : Slow system_server main looper dispatch took 115ms  h=com.android.server.am.MultiWindowManagerService$H c=null m=201
12-19 13:07:55.388  1525  1591 W ActivityManager: setHasOverlayUi called on unknown pid: 5449
12-19 13:07:55.388   701   701 I Layer   : id=17858 onRemoved animation background stackId=296#0
12-19 13:07:55.388   701   701 I Layer   : id=17859 onRemoved Task=314#0
12-19 13:07:55.388   701   701 I Layer   : id=17866 onRemoved com.driversapp/com.driversapp.MainActivity[5449]#0
12-19 13:07:55.389  1525  1583 I ActivityManager: Start proc 5559:com.samsung.android.lool/1000 for broadcast com.samsung.android.lool/com.samsung.android.sm.battery.receiver.BatteryReceiver
12-19 13:07:55.389   701   701 I Layer   : id=17865 onRemoved abcd033 com.driversapp/com.driversapp.MainActivity#0
12-19 13:07:55.389   701   701 I Layer   : id=17857 onRemoved Stack=296#0
12-19 13:07:55.389   701   701 I Layer   : id=17860 onRemoved AppWindowToken{63dd5d7 token=Token{886156 ActivityRecord{ec5ff71 u0 com.driversapp/.MainActivity t314}}}#0
12-19 13:07:55.390  2337 25761 D ForegroundUtils: could not check pending caller
12-19 13:07:55.390  1525  1582 D CodecSolution: isMaxAspectPackageEx: com.sec.android.app.launcher : true(2)
12-19 13:07:55.391  1525  3457 D GamePkgDataHelper: getSosPolicy(). com.sec.android.app.launcher
12-19 13:07:55.394   701   701 I SurfaceFlinger: Display 0 HWC layers:
12-19 13:07:55.394   701   701 I SurfaceFlinger:     type    |    handle    | flag |  format   |   source crop (l,t,r,b)    |         frame       | name
12-19 13:07:55.394   701   701 I SurfaceFlinger: ------------+--------------+------+-----------+----------------------------+---------------------+------
12-19 13:07:55.394   701   701 I SurfaceFlinger:      Device | 0x7b60422380 | 0000 | RGBA_8888 |   0.0    0.0 1080.0   72.0 |    0    0 1080   72 | StatusBar[2135]#0
12-19 13:07:55.394   701   701 I SurfaceFlinger:      Device | 0x7b5e770b80 | 0000 | RGBA_8888 |   0.0    0.0   67.0  416.0 | 1013  276 1080  692 | com.samsung.android.app.cocktailbars[...]arservice.CocktailBarService[5840]#0
12-19 13:07:55.394   701   701 I SurfaceFlinger:      Device | 0x7b5d907700 | 0000 | RGBA_8888 |   0.0    0.0 1080.0   45.0 |    0 2175 1080 2220 | NavigationBar[2135]#0
12-19 13:07:55.394   701   701 I SurfaceFlinger:      Device | 0x7b60462000 | 0000 | RGBA_8888 |   0.0    0.0 1080.0  330.0 |    0 1890 1080 2220 | NavbarGestureHandler[2135]#0
12-19 13:07:55.394   701   701 I SurfaceFlinger:
12-19 13:07:55.396  3400  3400 D ExternalMethodQueue: Getting and clearing EXTERNAL_METHOD_LIST: null
12-19 13:07:55.396  3400  3400 D AppsDataRepository: updateAppIcons start :
12-19 13:07:55.396  3400  3400 D AppsDataRepository: updateItemsAndContents items size: 56, screenType: 0
12-19 13:07:55.396  3400  3400 D AppsDataRepository: no change items 56
12-19 13:07:55.396  3400  3400 D AppsDataRepository: updateItemsAndContents items size: 0, screenType: 1
12-19 13:07:55.396  3400  3400 D AppsDataRepository: no change items 0
12-19 13:07:55.396  3400  3400 D AppsPresenter: AppsEvent update [15]
12-19 13:07:55.397  3400  3400 D AppsPresenter: AppsEvent update [5]
12-19 13:07:55.397  3400  3400 D AppsDataRepository: notifyUpdate end :
12-19 13:07:55.397  3400  3400 D StageManager: onResume. topStage: com.android.launcher3.infra.stage.AppsStage@20e6c1a alpha: 1.0 visibility: 0
12-19 13:07:55.397 15733 15733 I bpbk    : onStart
12-19 13:07:55.397 15733 15733 I bpbk    : onResume
12-19 13:07:55.398   699  5721 V APM_AudioPolicyManager: AudioPolicyManager:setRecordSilenced(uid:10278, silenced:1)
12-19 13:07:55.400  5559  5559 E Zygote  : isWhitelistProcess - Process is Whitelisted
12-19 13:07:55.401  3400  3400 D HotwordClientUtils: setHotWordDetection : call requestHotWordDetection true
12-19 13:07:55.401  1525  1963 I HqmInfo::AppCrashAnalyzer: checkAppError: list is null
12-19 13:07:55.401  3400  3400 D Launcher.HomeStage: onResume HomeContainer current alpha = 0.0
12-19 13:07:55.401  1525  1963 I HqmInfo::AppCrashAnalyzer: checkAppError: list is null
12-19 13:07:55.401  5559  5559 E Zygote  : accessInfo : 1
12-19 13:07:55.401  3400  3400 D WallpaperScrollUtils: setupWallpaperScroller
12-19 13:07:55.401  3400  3400 D WallpaperScrollUtils: WallpaperTiltSettingEnabled : false
12-19 13:07:55.402  3400  3400 D Notification.Badge: setNotificationsChangedListener
12-19 13:07:55.403  2337 25761 D ForegroundUtils: could not check pending caller
12-19 13:07:55.407  3400 27344 D RecentsTaskLoadPlan: lastReportedWindowingMode is not exist.
12-19 13:07:55.409  3400 27344 D RecentsTaskLoadPlan: lastReportedWindowingMode is not exist.
12-19 13:07:55.410  3400  3400 D Notification.Badge: [filtered] check channel for special filtering [channel : NotificationChannel{mId='DeviceMaintenance', mName=Device care (Important), mDescription=, mImportance=3, mBypassDnd=false, mLockscreenVisibility=-1000, mSound=content://settings/system/notification_sound, mLights=false, mLightColor=0, mVibration=null, mUserLockedFields=0, mFgServiceShown=false, mVibrationEnabled=false, mShowBadge=true, mDeleted=false, mGroup='DeviceMaintenanceGroup', mAudioAttributes=AudioAttributes: usage=USAGE_NOTIFICATION content=CONTENT_TYPE_SONIFICATION flags=0x0 tags= bundle=null, mBlockableSystem=false}]
12-19 13:07:55.410  3400  3400 D Notification.Badge: [filtered] check channel for special filtering [channel : NotificationChannel{mId='samsung_capture', mName=Samsung capture, mDescription=, mImportance=2, mBypassDnd=false, mLockscreenVisibility=-1000, mSound=content://settings/system/notification_sound, mLights=false, mLightColor=0, mVibration=null, mUserLockedFields=0, mFgServiceShown=false, mVibrationEnabled=false, mShowBadge=true, mDeleted=false, mGroup='null', mAudioAttributes=AudioAttributes: usage=USAGE_NOTIFICATION content=CONTENT_TYPE_SONIFICATION flags=0x0 tags= bundle=null, mBlockableSystem=false}]
12-19 13:07:55.410  1525  2333 W ActivityManager: No permission grants found for com.google.android.apps.photos
12-19 13:07:55.410  3400  3400 D Notification.Badge: [filtered] shouldBeFilteredOut().mTempRanking.canShowBadge[false], [sbn : StatusBarNotification(pkg=android user=UserHandle{-1} id=27 tag=null key=-1|android|27|null|1000: Notification(channel=USB pri=0 contentView=null vibrate=null sound=null tick defaults=0x0 flags=0x2 color=0xff607d8b vis=PUBLIC semFlags=0x0 semPriority=0 semMissedCount=0))]
12-19 13:07:55.411  3400  3582 D Notification.Badge: LauncherModel:onNotificationFullRefresh() : [2], IconType : [0]
12-19 13:07:55.411  3400  3582 D Notification.Badge: [filtered] check channel for special filtering [channel : NotificationChannel{mId='DeviceMaintenance', mName=Device care (Important), mDescription=, mImportance=3, mBypassDnd=false, mLockscreenVisibility=-1000, mSound=content://settings/system/notification_sound, mLights=false, mLightColor=0, mVibration=null, mUserLockedFields=0, mFgServiceShown=false, mVibrationEnabled=false, mShowBadge=true, mDeleted=false, mGroup='DeviceMaintenanceGroup', mAudioAttributes=AudioAttributes: usage=USAGE_NOTIFICATION content=CONTENT_TYPE_SONIFICATION flags=0x0 tags= bundle=null, mBlockableSystem=false}]
12-19 13:07:55.411  3400  3582 D Notification.Badge: notificationKey : 0|com.android.settings|1001|null|1000, count : 0, this.count : 1
12-19 13:07:55.411  3400  3582 D Notification.Badge: notificationKey : 0|com.android.settings|1001|null|1000, count : 1, mTotalCount : 1
12-19 13:07:55.411  3400  3582 D Notification.Badge: [filtered] check channel for special filtering [channel : NotificationChannel{mId='samsung_capture', mName=Samsung capture, mDescription=, mImportance=2, mBypassDnd=false, mLockscreenVisibility=-1000, mSound=content://settings/system/notification_sound, mLights=false, mLightColor=0, mVibration=null, mUserLockedFields=0, mFgServiceShown=false, mVibrationEnabled=false, mShowBadge=true, mDeleted=false, mGroup='null', mAudioAttributes=AudioAttributes: usage=USAGE_NOTIFICATION content=CONTENT_TYPE_SONIFICATION flags=0x0 tags= bundle=null, mBlockableSystem=false}]
12-19 13:07:55.411  3400  3582 D Notification.Badge: notificationKey : 0|com.samsung.android.app.smartcapture|5755|null|10140, count : 0, this.count : 1
12-19 13:07:55.411  3400  3582 D Notification.Badge: notificationKey : 0|com.samsung.android.app.smartcapture|5755|null|10140, count : 1, mTotalCount : 1
12-19 13:07:55.411  3400  3582 D Notification.Badge: LauncherModel:onNotificationFullRefresh() not need to update, updatedBadges.remove[com.android.settings], count : [1]
12-19 13:07:55.411  3400  3582 D Notification.Badge: LauncherModel:onNotificationFullRefresh() not need to update, updatedBadges.remove[com.samsung.android.app.smartcapture], count : [1]
12-19 13:07:55.411  1525  2333 D GameManagerService: identifyGamePackage. com.sec.android.app.launcher, mCurrentUserId: 0, callerUserId: 0
12-19 13:07:55.411  1525  2333 D GamePkgDataHelper: getGamePkgData(). com.sec.android.app.launcher
12-19 13:07:55.414  1525  3724 W ActivityManager: No permission grants found for com.google.android.apps.photos
12-19 13:07:55.414  3400  3400 D MultiSelectPanel: updateTextViewPosition() isLandDisplay[false], isWrapContent[false]
12-19 13:07:55.415  3400  3400 D MultiSelectPanel: updateTextViewPosition() isLandDisplay[false], isWrapContent[false]
12-19 13:07:55.417  1525  2845 D PackageManager: getComponentMetadataForIconTray : com.driversapp.MainActivity does not exist in mServices
12-19 13:07:55.417  1525  2845 D PackageManager: getComponentMetadataForIconTray : com.driversapp.MainActivity does not exist in mProviders
12-19 13:07:55.417  1525  2845 D PackageManager: getComponentMetadataForIconTray : com.driversapp.MainActivity does not exist in mReceivers
12-19 13:07:55.417  3400 27344 I AppIconSolution: load=com.driversapp, bg=144-144, dr=144-144, forDefault=true, density=0
12-19 13:07:55.418  3400 27344 I AppIconSolution: scaled rate=201.0, size=144, alpha=15, hold=102
12-19 13:07:55.419  3400 27344 I AppIconSolution: load=com.driversapp-crop, bg=114-114, dr=144-144
12-19 13:07:55.419  3400  3400 I Launcher: onWindowVisibilityChanged : true
12-19 13:07:55.420  3400  3400 D DragLayer: DragLayer onMeasure, mIsNaviBarPositionChanged = false, mWillOrientationChange = false
12-19 13:07:55.423  1525  3724 V WindowManager: Relayout Window{fd3f313 u0 com.sec.android.app.launcher/com.sec.android.app.launcher.activities.LauncherActivity}: viewVisibility=0 req=1080x2220 {(0,0)(fillxfill) sim={adjust=nothing} layoutInDisplayCutoutMode=always ty=BASE_APPLICATION fmt=TRANSPARENT wanim=0x10302ec
12-19 13:07:55.423  1525  3724 V WindowManager:   fl=DIM_BEHIND LAYOUT_IN_SCREEN FULLSCREEN FORCE_NOT_FULLSCREEN LAYOUT_INSET_DECOR SHOW_WALLPAPER SPLIT_TOUCH HARDWARE_ACCELERATED DRAWS_SYSTEM_BAR_BACKGROUNDS
12-19 13:07:55.423  1525  3724 V WindowManager:   pfl=FORCE_DRAW_STATUS_BAR_BACKGROUND
12-19 13:07:55.423  1525  3724 V WindowManager:   vsysui=LAYOUT_STABLE LAYOUT_HIDE_NAVIGATION LAYOUT_FULLSCREEN dimDuration=344 screenDimDuration=200000 naviIconColor=0
12-19 13:07:55.423  1525  3724 V WindowManager:   sfl=CHANGE_DIM_EFFECT_TO_BLUR}
12-19 13:07:55.426   701   701 I SurfaceFlinger: id=17870 createSurf (1080x2220),1 flag=4, com.sec.android.app.launcher/com.sec.android.app.launcher.activities.LauncherActivity[3400]#0
12-19 13:07:55.428  1525  3724 D WindowManager: makeSurface duration=2 name=com.sec.android.app.launcher/com.sec.android.app.launcher.activities.LauncherActivity[3400]
12-19 13:07:55.428  1525  3724 V WindowManager: Changing focus from null to Window{fd3f313 u0 com.sec.android.app.launcher/com.sec.android.app.launcher.activities.LauncherActivity} Callers=com.android.server.wm.WindowManagerService.relayoutWindow:2571 com.android.server.wm.Session.relayoutForTranslate:302 android.view.IWindowSession$Stub.onTransact:518 com.android.server.wm.Session.onTransact:186
12-19 13:07:55.429  1525  3724 D StatusBarManagerService: notifyRequestedSystemKey recent=false home=false
12-19 13:07:55.429  1525  1582 D WindowManager: setSystemUiVisibility: vis= 0x8708, fullscreenVis= 0x0, dockedVis= 0x0, win=Window{fd3f313 u0 com.sec.android.app.launcher/com.sec.android.app.launcher.activities.LauncherActivity}
12-19 13:07:55.429  1525  3724 D InputDispatcher: Focus entered window (3400): fd3f313 0
12-19 13:07:55.429  1525  1591 D WindowManager: reportFocusChangedSerialized, focused=true, inTouchMode=true, win=Window{fd3f313 u0 com.sec.android.app.launcher/com.sec.android.app.launcher.activities.LauncherActivity}
12-19 13:07:55.430  3400  3400 D ViewRootImpl@208576a[LauncherActivity]: Relayout returned: old=[0,0][1080,2220] new=[0,0][1080,2220] result=0x7 surface={valid=true 515266560000} changed=true
12-19 13:07:55.431  2135  2135 D LightBarController: onNavigationVisibilityChanged : vis = 8708, nbModeChanged = false navigationBarMode = 4
12-19 13:07:55.433  1525  2845 D SamsungPhoneWindowManager: adjustSystemUiVisibilityLw: vis=0x8708
12-19 13:07:55.433  1525  2845 D InputManager-JNI: setSystemUiVisibility dexmode: false changed: true displayid: 0 visibility: 0x8708 DD: 0x8708 OD: 0x0
12-19 13:07:55.437  3400  4051 D OpenGLRenderer: eglCreateWindowSurface = 0x77f7551180, 0x77f847c010
12-19 13:07:55.437  3400  3400 D TextView_AppWidget: onGlobalLayout(1), START, mTransformed=1:05, android.widget.TextClock{d94613b V.ED..... ........ 0,0-338,211 #7f1201a3 app:id/clock_time}
12-19 13:07:55.437  5559  5559 E ng.android.loo: Not starting debugger since process cannot load the jdwp agent.
12-19 13:07:55.437  3400  3400 D ViewRootImpl@208576a[LauncherActivity]: MSG_WINDOW_FOCUS_CHANGED 1 1
12-19 13:07:55.438  3400  3400 D InputMethodManager: prepareNavigationBarInfo() DecorView@f9aab88[LauncherActivity]
12-19 13:07:55.438  3400  3400 D InputMethodManager: getNavigationBarColor() 0
12-19 13:07:55.441  1525  1591 D PowerManagerService: [api] setScreenDimDurationOverrideFromWindowManagerInternal: timeoutMillis: 200000
12-19 13:07:55.441  3400  3400 D InputMethodManager: prepareNavigationBarInfo() DecorView@f9aab88[LauncherActivity]
12-19 13:07:55.441  3400  3400 D InputMethodManager: getNavigationBarColor() 0
12-19 13:07:55.441  3400  3400 V InputMethodManager: Starting input: tba=com.sec.android.app.launcher ic=null mNaviBarColor 0 mIsGetNaviBarColorSuccess true , NavVisible : true , NavTrans : false
12-19 13:07:55.441  3400  3400 D InputMethodManager: startInputInner - Id : 0
12-19 13:07:55.441  3400  3400 I InputMethodManager: startInputInner - mService.startInputOrWindowGainedFocus
12-19 13:07:55.442  1525  2845 D InputMethodManagerService: startInputOrWindowGainedFocus : windowGainedFocus
12-19 13:07:55.442  1525  2845 D InputMethodManagerService: windowGainedFocus: destinationUserId (getCallingUid) = 0
12-19 13:07:55.442  1525  2845 D InputMethodManagerService: windowGainedFocus: currentUserId=0
12-19 13:07:55.442  1525  2845 D InputMethodManagerService: windowGainedFocus: mCurrentFocusedUserId=0
12-19 13:07:55.442  1525  2845 D InputMethodManagerService: windowGainedFocus : lock - currentUserId = 0 destinationUserId = 0
12-19 13:07:55.442  1525  2845 D InputMethodManagerService: windowGainedFocus : mCurrentFocusedUserId - 0 and mSecureKeypadEnabled - false, userSwitched - false
12-19 13:07:55.442  1525  2845 V InputMethodManagerService: windowGainedFocus : reason=WINDOW_FOCUS_GAIN client=android.os.BinderProxy@87b6b9e inputContext=null missingMethods= attribute=android.view.inputmethod.EditorInfo@f65dd4e nm = com.sec.android.app.launcher controlFlags=#104 softInputMode=#30 windowFlags=#81910d02
12-19 13:07:55.442  1525  2845 V InputMethodManagerService: hideCurrentInputLocked : shouldHideSoftInput is false
12-19 13:07:55.443  1525  2845 D InputMethodManagerService: checkDisplayOfStartInputAndUpdateKeyboard display Id 0last 0
12-19 13:07:55.443  1525  2845 D InputMethodManagerService: setCurrentInputInfo - inputContext : null eidtorInfo : android.view.inputmethod.EditorInfo@f65dd4e missingMethods : 0
12-19 13:07:55.443  1525  2845 D InputTransport: Input channel constructed: fd=937
12-19 13:07:55.443  1525  2845 D InputTransport: Input channel destroyed: fd=937
12-19 13:07:55.443  3400  3400 D InputTransport: Input channel constructed: fd=91
12-19 13:07:55.444  3814  3814 I InputMethodWrapper:  call dispatchStartInputWithToken
12-19 13:07:55.444  3814  3814 I InputMethodService: dispatchStartInputWithToken
12-19 13:07:55.444  3400  3400 D DragLayer: DragLayer dispatchDraw, mIsNaviBarPositionChanged = false, mWillOrientationChange = false
12-19 13:07:55.444  3814  3814 I SKBD_Performance: [IIManager] [PF_CL][onFinishInput] 385416
12-19 13:07:55.444  3814  3814 D InputMethodService: checkDisplayOfStartInputAndUpdateKeyboard display Id 0last 0
12-19 13:07:55.444  3400  3400 D AppsDragController: needDeferToBind : true , false
12-19 13:07:55.445  3814  3814 I SKBD    : SamsungKeypad [IMI] onStartInput - caller pid : 3400, caller uid : 10102
12-19 13:07:55.455   701   701 D Layer   : applyEffect ## com.sec.android.app.launcher/com.sec.android.app.launcher.activities.LauncherActivity[3400]#0
12-19 13:07:55.455   701   701 D Layer   : applyEffect ## animMode=3, target=2, pixType=1
12-19 13:07:55.455   701   701 D Layer   : applyEffect ## pixAnim anim=13, timeMs=0, value=0.00, interp=0
12-19 13:07:55.455   701   701 D Layer   : applyEffect ## pixAnim anim=13, timeMs=344, value=132.00, interp=3
12-19 13:07:55.455   701   701 D Layer   : applyEffect ## pixAnim anim=14, timeMs=0, value=0.00, interp=0
12-19 13:07:55.455   701   701 D Layer   : applyEffect ## pixAnim anim=14, timeMs=344, value=-7.00, interp=3
12-19 13:07:55.457  1525  2333 W ActivityManager: No permission grants found for com.google.android.apps.photos
12-19 13:07:55.458  1525  2845 D WindowManager: finishDrawingWindow: Window{fd3f313 u0 com.sec.android.app.launcher/com.sec.android.app.launcher.activities.LauncherActivity} mDrawState=DRAW_PENDING
12-19 13:07:55.459  1525  2333 W ActivityManager: No permission grants found for com.google.android.apps.photos
12-19 13:07:55.459  1525  1925 I WindowManager: commitFinishDrawingLocked: mDrawState=READY_TO_SHOW Surface(name=com.sec.android.app.launcher/com.sec.android.app.launcher.activities.LauncherActivity[3400])/@0x35c4826
12-19 13:07:55.460  2135  2553 D WallpaperService: dispatchAppVisibility onVisibilityChanged(): true
12-19 13:07:55.461  1525  1925 V WindowManager: performShowLocked: mDrawState=HAS_DRAWN in Window{fd3f313 u0 com.sec.android.app.launcher/com.sec.android.app.launcher.activities.LauncherActivity}
12-19 13:07:55.461  1525  1525 D FreeformController: Fail to invalid task id :  -1
12-19 13:07:55.462  2135  2135 D ImageWallpaper: onOffsetsChanged: xOffset=0.5, yOffset=0.5, xOffsetStep=-1.0, yOffsetStep=-1.0, xPixels=-569, yPixels=0
12-19 13:07:55.462  2135  2135 D ImageWallpaper: newRotation : 0,mLastRotation : 0
12-19 13:07:55.463  2135  2135 D ImageWallpaper: isDexModeChanged: isDexEnabled = false , isDexConfigChanged = false
12-19 13:07:55.463  2135  2135 D ImageWallpaper: drawFrame:[frame.width()]1082[frame.height()]2220
12-19 13:07:55.463  2135  2135 D ImageWallpaper: surfaceDimensionsChanged=false mDisplayWidth=1080 mDisplayHeight=2220
12-19 13:07:55.463  2135  2135 D ImageWallpaper: mNewKeyboard : 0 mLastKeyboard : 0 mForceDraw = false
12-19 13:07:55.463  2135  2135 D ImageWallpaper: redrawNeeded = false, mNeedsDrawAfterLoadingWallpaper = false
12-19 13:07:55.463  2135  2135 D ImageWallpaper: mSurfaceRedrawNeeded = false, mForceDraw = false, redrawNeeded = false, mOffsetsChanged = false
12-19 13:07:55.463  2135  2135 D ImageWallpaper: Suppressed drawFrame since redraw is not needed and offsets have not changed.
12-19 13:07:55.463  2135  2135 D WallpaperService: updateSurface forceRelayout=false forceReport=false redrawNeeded=false myWidth=1082 myHeight=2220 fixedSize=true x = 0 y = 0 mWidth=1082 mHeight=2220 mIsSleepMode=false
12-19 13:07:55.463  2135  2135 D ImageWallpaper: onVisibilityChanged: mVisible, visible=false, true
12-19 13:07:55.463  2135  2135 D ImageWallpaper: Visibility changed to visible=true
12-19 13:07:55.463  2135  2135 D ImageWallpaper: newRotation : 0,mLastRotation : 0
12-19 13:07:55.465  2135  2135 D ImageWallpaper: isDexModeChanged: isDexEnabled = false , isDexConfigChanged = false
12-19 13:07:55.465  2135  2135 D ImageWallpaper: drawFrame:[frame.width()]1082[frame.height()]2220
12-19 13:07:55.465  2135  2135 D ImageWallpaper: surfaceDimensionsChanged=false mDisplayWidth=1080 mDisplayHeight=2220
12-19 13:07:55.465  2135  2135 D ImageWallpaper: mNewKeyboard : 0 mLastKeyboard : 0 mForceDraw = false
12-19 13:07:55.465  2135  2135 D ImageWallpaper: redrawNeeded = false, mNeedsDrawAfterLoadingWallpaper = false
12-19 13:07:55.465  2135  2135 D ImageWallpaper: mSurfaceRedrawNeeded = false, mForceDraw = false, redrawNeeded = false, mOffsetsChanged = false
12-19 13:07:55.465  2135  2135 D ImageWallpaper: Suppressed drawFrame since redraw is not needed and offsets have not changed.
12-19 13:07:55.465  2135  2135 D WallpaperService: reportVisibility onVisibilityChanged visible: true
12-19 13:07:55.461  1525  1525 I chatty  : uid=1000 system_server identical 1 line
12-19 13:07:55.468  1525  1525 D FreeformController: Fail to invalid task id :  -1
12-19 13:07:55.469  1525  2845 I ActivityManager: DSS on for com.samsung.android.lool and scale is 1.0
12-19 13:07:55.482   701   701 I SurfaceFlinger: Display 0 HWC layers:
12-19 13:07:55.482   701   701 I SurfaceFlinger:     type    |    handle    | flag |  format   |   source crop (l,t,r,b)    |         frame       | name
12-19 13:07:55.482   701   701 I SurfaceFlinger: ------------+--------------+------+-----------+----------------------------+---------------------+------
12-19 13:07:55.482   701   701 I SurfaceFlinger:      Client | 0x7b60422000 | 0002 | RGBA_8888 |   1.0    0.0 1081.0 2220.0 |    0    0 1080 2220 | com.android.systemui.ImageWallpaper[2135]#0
12-19 13:07:55.482   701   701 I SurfaceFlinger:      Client | 0x7b5e171900 | 0000 | RGBA_8888 |   0.0    0.0 1080.0 2220.0 |    0    0 1080 2220 | com.sec.android.app.launcher/com.sec[...]ties.LauncherActivity[3400]#0 (Blur)
12-19 13:07:55.482   701   701 I SurfaceFlinger:      Device | 0x7b60422380 | 0000 | RGBA_8888 |   0.0    0.0 1080.0   72.0 |    0    0 1080   72 | StatusBar[2135]#0
12-19 13:07:55.482   701   701 I SurfaceFlinger:      Device | 0x7b5e770b80 | 0000 | RGBA_8888 |   0.0    0.0   67.0  416.0 | 1013  276 1080  692 | com.samsung.android.app.cocktailbars[...]arservice.CocktailBarService[5840]#0
12-19 13:07:55.482   701   701 I SurfaceFlinger:      Device | 0x7b5e770c80 | 0000 | RGBA_8888 |   0.0    0.0 1080.0   45.0 |    0 2175 1080 2220 | NavigationBar[2135]#0
12-19 13:07:55.482   701   701 I SurfaceFlinger:      Device | 0x7b5e7d5280 | 0000 | RGBA_8888 |   0.0
12-19 13:07:55.482   701   701 I SurfaceFlinger:  0.0 1080.0  330.0 |    0 1890 1080 2220 | NavbarGestureHandler[2135]#0
12-19 13:07:55.482   701   701 I SurfaceFlinger:
12-19 13:07:55.499  5559  5559 I ng.android.loo: The ClassLoaderContext is a special shared library.
12-19 13:07:55.505  5559  5559 I chatty  : uid=1000(system) com.samsung.android.lool identical 1 line
12-19 13:07:55.511  5559  5559 I ng.android.loo: The ClassLoaderContext is a special shared library.
12-19 13:07:55.512   965   965 E audit   : type=1400 audit(1766129875.497:3869): avc:  denied  { write } for  pid=5559 comm="ng.android.lool" name="com.samsung.android.lool-8M0hjFeaX2GthnEojEFmWg==" dev="dm-1" ino=1577069 scontext=u:r:system_app:s0 tcontext=u:object_r:apk_data_file:s0 tclass=dir permissive=0 SEPF_SM-G950U1_9_0013 audit_filtered
12-19 13:07:55.520  1525  2296 D MdnieScenarioControlService:  packageName : com.sec.android.app.launcher    className : com.sec.android.app.launcher.activities.LauncherActivity
12-19 13:07:55.520  1525  2296 V MdnieScenarioControlService: setUIMode from UI function(2)
12-19 13:07:55.521  1525  2845 W ActivityManager: No permission grants found for com.google.android.apps.photos
12-19 13:07:55.522  1525  2333 W ActivityManager: No permission grants found for com.google.android.apps.photos
12-19 13:07:55.540  1525  2333 I ActivityManager: Killing 4590:com.samsung.ipservice/5004 (adj 906): empty #25
12-19 13:07:55.512   965   965 E audit   : type=1400 audit(1766129875.497:3870): avc:  denied  { write } for  pid=5559 comm="ng.android.lool" name="com.samsung.android.lool-8M0hjFeaX2GthnEojEFmWg==" dev="dm-1" ino=1577069 scontext=u:r:system_app:s0 tcontext=u:object_r:apk_data_file:s0 tclass=dir permissive=0 SEPF_SM-G950U1_9_0013 audit_filtered
12-19 13:07:55.541  1525  1584 W libprocessgroup: kill(-4590, 9) failed: No such process
12-19 13:07:55.546  1525  1584 W libprocessgroup: kill(-4590, 9) failed: No such process
12-19 13:07:55.549 18728  1872 W AOSP-MdnsDiscoveryManag: Error while decoding multicast packet (4038): 1 [CONTEXT service_id=168 ]
12-19 13:07:55.550 18728  1872 W AOSP-MdnsDiscoveryManag: Error while decoding multicast packet (4039): 1 [CONTEXT service_id=168 ]
12-19 13:07:55.550 18728  1872 W AOSP-MdnsDiscoveryManag: Error while decoding multicast packet (4040): 1 [CONTEXT service_id=168 ]
12-19 13:07:55.552  1525  1584 W libprocessgroup: kill(-4590, 9) failed: No such process
12-19 13:07:55.575  1525  1584 I chatty  : uid=1000(system) ActivityManager identical 4 lines
12-19 13:07:55.581  1525  1584 W libprocessgroup: kill(-4590, 9) failed: No such process
12-19 13:07:55.585 25119 25119 I ServiceManager: [#CMH#] Disconnected to Service  com.samsung.ipservice.IPService
12-19 13:07:55.585  1525  2845 W ActivityManager: Scheduling restart of crashed service com.samsung.ipservice/.IPService in 1000ms
12-19 13:07:55.585  2337 25761 D ForegroundUtils: could not check pending caller
12-19 13:07:55.586   982   982 I Zygote  : Process 4590 exited due to signal (9)
12-19 13:07:55.586  1525  1584 W libprocessgroup: kill(-4590, 9) failed: No such process
12-19 13:07:55.586  1525  1584 I libprocessgroup: Successfully killed process cgroup uid 5004 pid 4590 in 45ms
12-19 13:07:55.592  1525  2845 W ActivityManager: No permission grants found for com.google.android.apps.photos
12-19 13:07:55.599  5559  5559 I CapsuleProvider_1.0.12: onCreate
12-19 13:07:55.600  5559  5559 I CapsuleProvider_1.0.12: releasing initialize wait lock.
12-19 13:07:55.602  5559  5559 I SmSettingSearchProvider: version : 1050300010, lang : en_US
12-19 13:07:55.615  5559  5559 D SamsungAnalytics201007: [Validation] dma pkg:531401000
12-19 13:07:55.616 18728 18739 I .gms.persisten: Background concurrent copying GC freed 231124(12MB) AllocSpace objects, 73(1828KB) LOS objects, 49% free, 14MB/29MB, paused 119us total 125.583ms
12-19 13:07:55.616  5559  5559 D SamsungAnalytics201007: cf feature is supported
12-19 13:07:55.620  5559  5559 D SamsungAnalytics201007: send setting
12-19 13:07:55.620  5559  5559 D SamsungAnalytics201007: newThread on Executor
12-19 13:07:55.626  5559  5559 D SamsungAnalytics201007: [Tracker] Tracker start:2.01.007DLC
12-19 13:07:55.630  5559  5559 I BatteryReceiver: Received : com.samsung.android.sm.ACTION_ERROR
12-19 13:07:55.592  1525  2845 W ActivityManager: No permission grants found for com.google.android.apps.photos
12-19 13:07:55.630  1525  3724 W ActivityManager: No permission grants found for com.google.android.apps.photos
12-19 13:07:55.630  1525  3724 W ActivityManager: No permission grants found for com.google.android.apps.photos
12-19 13:07:55.632  5559  5559 W ContextImpl: Calling a method in the system process without a qualified user: android.app.ContextImpl.startService:1610 android.content.ContextWrapper.startService:677 com.samsung.android.sm.battery.receiver.BatteryReceiver.e:186 com.samsung.android.sm.battery.receiver.BatteryReceiver.onReceive:66 android.app.ActivityThread.handleReceiver:3605
12-19 13:07:55.634  1525  3724 W BroadcastQueue: Background execution not allowed: receiving Intent { act=android.intent.action.DROPBOX_ENTRY_ADDED flg=0x10 (has extras) } to com.google.android.gms/.stats.service.DropBoxEntryAddedReceiver
12-19 13:07:55.635  1525  1581 W BroadcastQueue: Background execution not allowed: receiving Intent { act=android.intent.action.DROPBOX_ENTRY_ADDED flg=0x10 (has extras) } to com.google.android.gms/.stats.service.DropBoxEntryAddedReceiver
12-19 13:07:55.651  5559  5583 D AppErrorNotification: errorType : 24, process : com.driversapp , uid : 0
12-19 13:07:55.663  1525  2845 W ActivityManager: No permission grants found for com.google.android.apps.photos
12-19 13:07:55.663  1525  2845 W ActivityManager: No permission grants found for com.google.android.apps.photos
12-19 13:07:55.677  1525  2845 D StorageManagerService: getExternalStorageMountMode : 3
12-19 13:07:55.677  1525  2845 D StorageManagerService: getExternalStorageMountMode : 3
12-19 13:07:55.677  1525  2845 D StorageManagerService: getExternalStorageMountMode : final mountMode=3, uid : 1000, packageName : com.samsung.android.lool
12-19 13:07:55.677  1525  2845 I ApplicationPolicy: isApplicationExternalStorageWhitelisted:com.samsung.android.lool user:0
12-19 13:07:55.677  1525  2845 D ApplicationPolicy: isApplicationExternalStorageWhitelisted: DO is not enabled on user 0. Allowed.
12-19 13:07:55.677  1525  2845 D ActivityManager: package  com.samsung.android.lool, user - 0 is SDcard whitelisted
12-19 13:07:55.677  1525  2845 I ApplicationPolicy: isApplicationExternalStorageBlacklisted:com.samsung.android.lool user:0
12-19 13:07:55.677  1525  2845 D ApplicationPolicy: isApplicationExternalStorageBlacklisted: DO is not enabled on user 0. Allowed.
12-19 13:07:55.677  1525  2845 I ApplicationPolicy: isApplicationExternalStorageBlacklisted:com.samsung.android.lool user:0
12-19 13:07:55.677  1525  2845 D ApplicationPolicy: isApplicationExternalStorageBlacklisted: DO is not enabled on user 0. Allowed.
12-19 13:07:55.677  1525  2845 W ActivityManager: wait for provider publish: waiters=1 callerApp=ProcessRecord{9b83c5bd0 5559:com.samsung.android.lool/1000} cpr=ContentProviderRecord{f379cf8 u0 com.samsung.android.lool/com.samsung.android.sm.database.SmProvider}
12-19 13:07:55.678  2948  2948 D io_stats: !@   8,0 r 14575514 551829120 w 26751563 547048396 d 8451655 140576520 f 8592173 8612217 iot 94819460 85829096 th 102400 0 0 pt 0 inp 0 0 359415.454
12-19 13:07:55.694  1525  1583 I ActivityManager: Start proc 5586:com.samsung.android.sm.provider/1000 for content provider com.samsung.android.lool/com.samsung.android.sm.database.SmProvider
12-19 13:07:55.698  5586  5586 E Zygote  : isWhitelistProcess - Process is Whitelisted
12-19 13:07:55.699  5586  5586 E Zygote  : accessInfo : 1
12-19 13:07:55.699  1525  3724 W ActivityManager: No permission grants found for com.google.android.apps.photos
12-19 13:07:55.699  1525  3724 W ActivityManager: No permission grants found for com.google.android.apps.photos
12-19 13:07:55.704  1525  6236 D GameManagerService: identifyGamePackage. com.sec.android.app.launcher, mCurrentUserId: 0, callerUserId: 0
12-19 13:07:55.704  1525  6236 D GamePkgDataHelper: getGamePkgData(). com.sec.android.app.launcher
12-19 13:07:55.716  5586  5586 E oid.sm.provide: Not starting debugger since process cannot load the jdwp agent.
12-19 13:07:55.726  1525  3724 I ActivityManager: DSS on for com.samsung.android.lool and scale is 1.0
12-19 13:07:55.746  5586  5586 I oid.sm.provide: The ClassLoaderContext is a special shared library.
12-19 13:07:55.749  5586  5586 I chatty  : uid=1000(system) com.samsung.android.sm.provider identical 1 line
12-19 13:07:55.752  5586  5586 I oid.sm.provide: The ClassLoaderContext is a special shared library.
12-19 13:07:55.753   965   965 E audit   : type=1400 audit(1766129875.737:3871): avc:  denied  { write } for  pid=5586 comm="oid.sm.provider" name="com.samsung.android.lool-8M0hjFeaX2GthnEojEFmWg==" dev="dm-1" ino=1577069 scontext=u:r:system_app:s0 tcontext=u:object_r:apk_data_file:s0 tclass=dir permissive=0 SEPF_SM-G950U1_9_0013 audit_filtered
12-19 13:07:55.772  1525  3724 W ActivityManager: No permission grants found for com.google.android.apps.photos
12-19 13:07:55.753   965   965 E audit   : type=1400 audit(1766129875.737:3872): avc:  denied  { write } for  pid=5586 comm="oid.sm.provider" name="com.samsung.android.lool-8M0hjFeaX2GthnEojEFmWg==" dev="dm-1" ino=1577069 scontext=u:r:system_app:s0 tcontext=u:object_r:apk_data_file:s0 tclass=dir permissive=0 SEPF_SM-G950U1_9_0013 audit_filtered
12-19 13:07:55.815  5586  5586 D SamsungAnalytics201007: [Validation] dma pkg:531401000
12-19 13:07:55.817  5586  5586 D SamsungAnalytics201007: cf feature is supported
12-19 13:07:55.821  5586  5586 D SamsungAnalytics201007: send setting
12-19 13:07:55.821  5586  5586 D SamsungAnalytics201007: newThread on Executor
12-19 13:07:55.827  5586  5586 D SamsungAnalytics201007: [Tracker] Tracker start:2.01.007DLC
12-19 13:07:55.828  5586  5586 W SamsungAnalytics201007: [g] NullPointerException Attempt to invoke virtual method 'void android.os.Bundle.putBundle(java.lang.String, android.os.Bundle)' on a null object reference
12-19 13:07:55.833  1525  2019 D WifiPermissionsUtil: canAccessScanResults: pkgName = android, uid = 1000
12-19 13:07:55.844  5559  5583 W PkgUtils: p: com.facebook.services, u:0
12-19 13:07:55.861  5559  5583 W ng.android.loo: Unknown chunk type '200'.
12-19 13:07:55.924  1525  3724 I chatty  : uid=1000(system) Binder:1525_19 identical 4 lines
12-19 13:07:55.924  1525  3724 W ActivityManager: No permission grants found for com.google.android.apps.photos
12-19 13:07:55.930  1525  5605 D TspStateManagerInternal: update cmd=set_grip_data,1,60,10,32,888
12-19 13:07:55.960  1525  3724 W ActivityManager: No permission grants found for com.google.android.apps.photos
12-19 13:07:55.960  1525  2845 W ActivityManager: No permission grants found for com.google.android.apps.photos
12-19 13:07:55.994  1525  2845 W ActivityManager: No permission grants found for com.google.android.apps.photos
12-19 13:07:55.995  1525  3724 W ActivityManager: No permission grants found for com.google.android.apps.photos
12-19 13:07:56.031  1525  3457 W ActivityManager: No permission grants found for com.google.android.apps.photos
12-19 13:07:55.861  5559  5583 I chatty  : uid=1000(system) IntentService[A identical 1 line
12-19 13:07:55.861  5559  5583 W ng.android.loo: Unknown chunk type '200'.
12-19 13:07:56.090  5559  5583 E FasUtils: pkg=null userId=0 has no information
12-19 13:07:56.068  1525  3457 I chatty  : uid=1000(system) Binder:1525_D identical 2 lines
12-19 13:07:56.068  1525  3457 W ActivityManager: No permission grants found for com.google.android.apps.photos
12-19 13:07:56.103  1525  2845 W ActivityManager: No permission grants found for com.google.android.apps.photos
12-19 13:07:56.103  1525  3457 W ActivityManager: No permission grants found for com.google.android.apps.photos
